ARM Linker, 5.03 [Build 76] [MDK-ARM Professional][RL-ARM]

==============================================================================

Section Cross References

    startup_stm32f30x_arm.o(STACK) refers (Special) to heapauxi.o(.text) for __use_two_region_memory
    startup_stm32f30x_arm.o(HEAP) refers (Special) to heapauxi.o(.text) for __use_two_region_memory
    startup_stm32f30x_arm.o(RESET) refers (Special) to heapauxi.o(.text) for __use_two_region_memory
    startup_stm32f30x_arm.o(RESET) refers to startup_stm32f30x_arm.o(STACK) for __initial_sp
    startup_stm32f30x_arm.o(RESET) refers to startup_stm32f30x_arm.o(.text) for Reset_Handler
    startup_stm32f30x_arm.o(RESET) refers to stm32f30x_it.o(.text) for NMI_Handler
    startup_stm32f30x_arm.o(RESET) refers to cd_analogin.o(.text) for DMA1_Channel1_IRQHandler
    startup_stm32f30x_arm.o(.text) refers (Special) to heapauxi.o(.text) for __use_two_region_memory
    startup_stm32f30x_arm.o(.text) refers to system_stm32f30x.o(.text) for SystemInit
    startup_stm32f30x_arm.o(.text) refers to __main.o(!!!main) for __main
    startup_stm32f30x_arm.o(.text) refers to startup_stm32f30x_arm.o(HEAP) for Heap_Mem
    startup_stm32f30x_arm.o(.text) refers to startup_stm32f30x_arm.o(STACK) for Stack_Mem
    main.o(.text) refers to _printf_percent.o(.ARM.Collect$$_printf_percent$$00000000) for _printf_percent
    main.o(.text) refers to _printf_d.o(.ARM.Collect$$_printf_percent$$00000009) for _printf_d
    main.o(.text) refers to _printf_dec.o(.text) for _printf_int_dec
    main.o(.text) refers to stm32f30x_rcc.o(.text) for RCC_AHBPeriphClockCmd
    main.o(.text) refers to stm32f30x_gpio.o(.text) for GPIO_Init
    main.o(.text) refers to cd_analogin.o(.text) for CD_AnalogIn_Init
    main.o(.text) refers to cd_timebase.o(.text) for CD_TimeBase_Init
    main.o(.text) refers to cd_complementerout.o(.text) for CD_ComplementerOut_Init
    main.o(.text) refers to ecua_hmi.o(.text) for ECUA_HMI_Init
    main.o(.text) refers to ecua_serialcomm.o(.text) for ECUA_Serial_Init
    main.o(.text) refers to arm_cfft_radix4_init_q15.o(.text) for arm_cfft_radix4_init_q15
    main.o(.text) refers to arm_rfft_init_q15.o(.text) for arm_rfft_init_q15
    main.o(.text) refers to arm_rfft_q15.o(.text) for arm_rfft_q15
    main.o(.text) refers to arm_sqrt_q31.o(.text) for arm_sqrt_q31
    main.o(.text) refers to noretval__2sprintf.o(.text) for __2sprintf
    main.o(.text) refers to cd_delay.o(.text) for Delay_ms
    main.o(.text) refers to stm32f30x_tim.o(.text) for TIM_Cmd
    main.o(.text) refers to system_stm32f30x.o(.data) for SystemCoreClock
    main.o(.text) refers to main.o(.bss) for testOutput
    main.o(.text) refers to main.o(.data) for SineArray
    main.o(.text) refers to stm32f30x_it.o(.data) for flag
    main.o(.data) refers to main.o(.bss) for testOutput
    cd_analogin.o(.text) refers to stm32f30x_rcc.o(.text) for RCC_AHBPeriphClockCmd
    cd_analogin.o(.text) refers to stm32f30x_gpio.o(.text) for GPIO_StructInit
    cd_analogin.o(.text) refers to stm32f30x_dma.o(.text) for DMA_DeInit
    cd_analogin.o(.text) refers to stm32f30x_adc.o(.text) for ADC_VoltageRegulatorCmd
    cd_analogin.o(.text) refers to cd_delay.o(.text) for Delay_us
    cd_analogin.o(.text) refers to stm32f30x_tim.o(.text) for TIM_TimeBaseInit
    cd_analogin.o(.text) refers to cd_analogin.o(.bss) for ADCbuf
    cd_analogin.o(.text) refers to system_stm32f30x.o(.data) for SystemCoreClock
    cd_analogin.o(.text) refers to cd_analogin.o(.data) for finished
    cd_delay.o(.text) refers to cd_delay.o(.data) for CDDELAY_ActVal
    cd_opamp.o(.text) refers to stm32f30x_rcc.o(.text) for RCC_APB2PeriphClockCmd
    cd_opamp.o(.text) refers to stm32f30x_gpio.o(.text) for GPIO_Init
    cd_opamp.o(.text) refers to stm32f30x_opamp.o(.text) for OPAMP_Init
    cd_analogout.o(.text) refers to stm32f30x_rcc.o(.text) for RCC_AHBPeriphClockCmd
    cd_analogout.o(.text) refers to stm32f30x_dma.o(.text) for DMA_DeInit
    cd_analogout.o(.text) refers to stm32f30x_gpio.o(.text) for GPIO_Init
    cd_analogout.o(.text) refers to stm32f30x_dac.o(.text) for DAC_Init
    cd_analogout.o(.text) refers to stm32f30x_tim.o(.text) for TIM_TimeBaseStructInit
    cd_analogout.o(.text) refers to cd_analogout.o(.data) for lSize
    cd_analogout.o(.text) refers to cd_analogout.o(.constdata) for SineNew
    cd_nvm.o(.text) refers to stm32f30x_flash.o(.text) for FLASH_Unlock
    cd_timebase.o(.text) refers to stm32f30x_rcc.o(.text) for RCC_APB1PeriphClockCmd
    cd_timebase.o(.text) refers to stm32f30x_tim.o(.text) for TIM_TimeBaseInit
    cd_timebase.o(.text) refers to system_stm32f30x.o(.data) for SystemCoreClock
    cd_complementerout.o(.text) refers to stm32f30x_rcc.o(.text) for RCC_AHBPeriphClockCmd
    cd_complementerout.o(.text) refers to stm32f30x_gpio.o(.text) for GPIO_Init
    cd_complementerout.o(.text) refers to stm32f30x_tim.o(.text) for TIM_TimeBaseInit
[...]
    ../clib/signal.s                         0x00000000   Number         0  defsig.o ABSOLUTE
    ../clib/stdlib.c                         0x00000000   Number         0  exit.o ABSOLUTE
    ../fplib/fpinit.s                        0x00000000   Number         0  fpinit.o ABSOLUTE
    ..\CommonTables\arm_common_tables.c      0x00000000   Number         0  arm_common_tables.o ABSOLUTE
    ..\FastMathFunctions\arm_sqrt_q31.c      0x00000000   Number         0  arm_sqrt_q31.o ABSOLUTE
    ..\TransformFunctions\arm_cfft_radix4_init_q15.c 0x00000000   Number         0  arm_cfft_radix4_init_q15.o ABSOLUTE
    ..\TransformFunctions\arm_cfft_radix4_q15.c 0x00000000   Number         0  arm_cfft_radix4_q15.o ABSOLUTE
    ..\TransformFunctions\arm_rfft_init_q15.c 0x00000000   Number         0  arm_rfft_init_q15.o ABSOLUTE
    ..\TransformFunctions\arm_rfft_q15.c     0x00000000   Number         0  arm_rfft_q15.o ABSOLUTE
    ..\\CommonTables\\arm_common_tables.c    0x00000000   Number         0  arm_common_tables.o ABSOLUTE
    ..\\FastMathFunctions\\arm_sqrt_q31.c    0x00000000   Number         0  arm_sqrt_q31.o ABSOLUTE
    ..\\TransformFunctions\\arm_cfft_radix4_init_q15.c 0x00000000   Number         0  arm_cfft_radix4_init_q15.o ABSOLUTE
    ..\\TransformFunctions\\arm_cfft_radix4_q15.c 0x00000000   Number         0  arm_cfft_radix4_q15.o ABSOLUTE
    ..\\TransformFunctions\\arm_rfft_init_q15.c 0x00000000   Number         0  arm_rfft_init_q15.o ABSOLUTE
    ..\\TransformFunctions\\arm_rfft_q15.c   0x00000000   Number         0  arm_rfft_q15.o ABSOLUTE
    ./ApplicationLayer/main.c                0x00000000   Number         0  main.o ABSOLUTE
    ./ComplexDrivers/CD_AnalogIn.c           0x00000000   Number         0  cd_analogin.o ABSOLUTE
    ./ComplexDrivers/CD_AnalogOut.c          0x00000000   Number         0  cd_analogout.o ABSOLUTE
    ./ComplexDrivers/CD_Delay.c              0x00000000   Number         0  cd_delay.o ABSOLUTE
    ./ComplexDrivers/CD_OPAMP.c              0x00000000   Number         0  cd_opamp.o ABSOLUTE
    ./InterruptDispatcher/stm32f30x_it.c     0x00000000   Number         0  stm32f30x_it.o ABSOLUTE
    ./MicrocontrollerAbsLayer/CMSIS/system_stm32f30x.c 0x00000000   Number         0  system_stm32f30x.o ABSOLUTE
    ./MicrocontrollerAbsLayer/stm32f30x_adc.c 0x00000000   Number         0  stm32f30x_adc.o ABSOLUTE
    ./MicrocontrollerAbsLayer/stm32f30x_dac.c 0x00000000   Number         0  stm32f30x_dac.o ABSOLUTE
    ./MicrocontrollerAbsLayer/stm32f30x_dma.c 0x00000000   Number         0  stm32f30x_dma.o ABSOLUTE
    ./MicrocontrollerAbsLayer/stm32f30x_exti.c 0x00000000   Number         0  stm32f30x_exti.o ABSOLUTE
    ./MicrocontrollerAbsLayer/stm32f30x_gpio.c 0x00000000   Number         0  stm32f30x_gpio.o ABSOLUTE
    ./MicrocontrollerAbsLayer/stm32f30x_i2c.c 0x00000000   Number         0  stm32f30x_i2c.o ABSOLUTE
    ./MicrocontrollerAbsLayer/stm32f30x_misc.c 0x00000000   Number         0  stm32f30x_misc.o ABSOLUTE
    ./MicrocontrollerAbsLayer/stm32f30x_opamp.c 0x00000000   Number         0  stm32f30x_opamp.o ABSOLUTE
    ./MicrocontrollerAbsLayer/stm32f30x_rcc.c 0x00000000   Number         0  stm32f30x_rcc.o ABSOLUTE
    ./MicrocontrollerAbsLayer/stm32f30x_spi.c 0x00000000   Number         0  stm32f30x_spi.o ABSOLUTE
    ./MicrocontrollerAbsLayer/stm32f30x_syscfg.c 0x00000000   Number         0  stm32f30x_syscfg.o ABSOLUTE
    ./MicrocontrollerAbsLayer/stm32f30x_tim.c 0x00000000   Number         0  stm32f30x_tim.o ABSOLUTE
    ./MicrocontrollerAbsLayer/stm32f30x_usart.c 0x00000000   Number         0  stm32f30x_usart.o ABSOLUTE
    ./Startup/startup_stm32f30x_arm.s        0x00000000   Number         0  startup_stm32f30x_arm.o ABSOLUTE
    .\ApplicationLayer\main.c                0x00000000   Number         0  main.o ABSOLUTE
    .\ComplexDrivers\CD_AnalogIn.c           0x00000000   Number         0  cd_analogin.o ABSOLUTE
    .\ComplexDrivers\CD_AnalogOut.c          0x00000000   Number         0  cd_analogout.o ABSOLUTE
    .\ComplexDrivers\CD_OPAMP.c              0x00000000   Number         0  cd_opamp.o ABSOLUTE
    .\InterruptDispatcher\stm32f30x_it.c     0x00000000   Number         0  stm32f30x_it.o ABSOLUTE
    .\MicrocontrollerAbsLayer\CMSIS\system_stm32f30x.c 0x00000000   Number         0  system_stm32f30x.o ABSOLUTE
    .\MicrocontrollerAbsLayer\stm32f30x_adc.c 0x00000000   Number         0  stm32f30x_adc.o ABSOLUTE
    .\MicrocontrollerAbsLayer\stm32f30x_dac.c 0x00000000   Number         0  stm32f30x_dac.o ABSOLUTE
    .\MicrocontrollerAbsLayer\stm32f30x_dma.c 0x00000000   Number         0  stm32f30x_dma.o ABSOLUTE
    .\MicrocontrollerAbsLayer\stm32f30x_exti.c 0x00000000   Number         0  stm32f30x_exti.o ABSOLUTE
    .\MicrocontrollerAbsLayer\stm32f30x_gpio.c 0x00000000   Number         0  stm32f30x_gpio.o ABSOLUTE
    .\MicrocontrollerAbsLayer\stm32f30x_i2c.c 0x00000000   Number         0  stm32f30x_i2c.o ABSOLUTE
    .\MicrocontrollerAbsLayer\stm32f30x_misc.c 0x00000000   Number         0  stm32f30x_misc.o ABSOLUTE
    .\MicrocontrollerAbsLayer\stm32f30x_opamp.c 0x00000000   Number         0  stm32f30x_opamp.o ABSOLUTE
    .\MicrocontrollerAbsLayer\stm32f30x_rcc.c 0x00000000   Number         0  stm32f30x_rcc.o ABSOLUTE
    .\MicrocontrollerAbsLayer\stm32f30x_spi.c 0x00000000   Number         0  stm32f30x_spi.o ABSOLUTE
    .\MicrocontrollerAbsLayer\stm32f30x_syscfg.c 0x00000000   Number         0  stm32f30x_syscfg.o ABSOLUTE
    .\MicrocontrollerAbsLayer\stm32f30x_tim.c 0x00000000   Number         0  stm32f30x_tim.o ABSOLUTE
    .\MicrocontrollerAbsLayer\stm32f30x_usart.c 0x00000000   Number         0  stm32f30x_usart.o ABSOLUTE
    ComplexDrivers\CD_ComplementerOut.c      0x00000000   Number         0  cd_complementerout.o ABSOLUTE
    ComplexDrivers\CD_NVM.c                  0x00000000   Number         0  cd_nvm.o ABSOLUTE
    ComplexDrivers\CD_TimeBase.c             0x00000000   Number         0  cd_timebase.o ABSOLUTE
    ComplexDrivers\CD_UniqueID.c             0x00000000   Number         0  cd_uniqueid.o ABSOLUTE
    ComplexDrivers\\CD_ComplementerOut.c     0x00000000   Number         0  cd_complementerout.o ABSOLUTE
    ComplexDrivers\\CD_NVM.c                 0x00000000   Number         0  cd_nvm.o ABSOLUTE
    ComplexDrivers\\CD_TimeBase.c            0x00000000   Number         0  cd_timebase.o ABSOLUTE
    ECUAbstraction\ECUA_CurrentTr.c          0x00000000   Number         0  ecua_currenttr.o ABSOLUTE
    ECUAbstraction\ECUA_HMI.c                0x00000000   Number         0  ecua_hmi.o ABSOLUTE
    ECUAbstraction\ECUA_SerialComm.c         0x00000000   Number         0  ecua_serialcomm.o ABSOLUTE
    ECUAbstraction\ECUA_VGA.c                0x00000000   Number         0  ecua_vga.o ABSOLUTE
    ECUAbstraction\\ECUA_CurrentTr.c         0x00000000   Number         0  ecua_currenttr.o ABSOLUTE
    ECUAbstraction\\ECUA_HMI.c               0x00000000   Number         0  ecua_hmi.o ABSOLUTE
    ECUAbstraction\\ECUA_SerialComm.c        0x00000000   Number         0  ecua_serialcomm.o ABSOLUTE
    ECUAbstraction\\ECUA_VGA.c               0x00000000   Number         0  ecua_vga.o ABSOLUTE
    MicrocontrollerAbsLayer\\stm32f30x_flash.c 0x00000000   Number         0  stm32f30x_flash.o ABSOLUTE
    MicrocontrollerAbsLayer\stm32f30x_flash.c 0x00000000   Number         0  stm32f30x_flash.o ABSOLUTE
    dc.s                                     0x00000000   Number         0  dc.o ABSOLUTE
    RESET                                    0x08000000   Section      392  startup_stm32f30x_arm.o(RESET)
    !!!main                                  0x08000188   Section        8  __main.o(!!!main)
    !!!scatter                               0x08000190   Section       52  __scatter.o(!!!scatter)
    !!dczerorl2                              0x080001c4   Section       90  __dczerorl2.o(!!dczerorl2)
    !!handler_zi                             0x08000220   Section       28  __scatter_zi.o(!!handler_zi)
    .ARM.Collect$$_printf_percent$$00000000  0x0800023c   Section        0  _printf_percent.o(.ARM.Collect$$_printf_percent$$00000000)
    .ARM.Collect$$_printf_percent$$00000009  0x0800023c   Section        6  _printf_d.o(.ARM.Collect$$_printf_percent$$00000009)
    .ARM.Collect$$_printf_percent$$00000017  0x08000242   Section        4  _printf_percent_end.o(.ARM.Collect$$_printf_percent$$00000017)
    .ARM.Collect$$libinit$$00000000          0x08000246   Section        2  libinit.o(.ARM.Collect$$libinit$$00000000)
    .ARM.Collect$$libinit$$00000001          0x08000248   Section        4  libinit2.o(.ARM.Collect$$libinit$$00000001)
    .ARM.Collect$$libinit$$00000008          0x0800024c   Section        0  libinit2.o(.ARM.Collect$$libinit$$00000008)
    .ARM.Collect$$libinit$$0000000A          0x0800024c   Section        0  libinit2.o(.ARM.Collect$$libinit$$0000000A)
    .ARM.Collect$$libinit$$0000000C          0x0800024c   Section        0  libinit2.o(.ARM.Collect$$libinit$$0000000C)
    .ARM.Collect$$libinit$$0000000F          0x0800024c   Section        0  libinit2.o(.ARM.Collect$$libinit$$0000000F)
    .ARM.Collect$$libinit$$00000011          0x0800024c   Section        0  libinit2.o(.ARM.Collect$$libinit$$00000011)
    .ARM.Collect$$libinit$$00000013          0x0800024c   Section        0  libinit2.o(.ARM.Collect$$libinit$$00000013)
    .ARM.Collect$$libinit$$00000015          0x0800024c   Section        0  libinit2.o(.ARM.Collect$$libinit$$00000015)
    .ARM.Collect$$libinit$$00000017          0x0800024c   Section        0  libinit2.o(.ARM.Collect$$libinit$$00000017)
    .ARM.Collect$$libinit$$00000019          0x0800024c   Section        0  libinit2.o(.ARM.Collect$$libinit$$00000019)
    .ARM.Collect$$libinit$$0000001B          0x0800024c   Section        0  libinit2.o(.ARM.Collect$$libinit$$0000001B)
    .ARM.Collect$$libinit$$0000001D          0x0800024c   Section        0  libinit2.o(.ARM.Collect$$libinit$$0000001D)
    .ARM.Collect$$libinit$$0000001F          0x0800024c   Section        0  libinit2.o(.ARM.Collect$$libinit$$0000001F)
    .ARM.Collect$$libinit$$00000021          0x0800024c   Section        0  libinit2.o(.ARM.Collect$$libinit$$00000021)
    .ARM.Collect$$libinit$$00000023          0x0800024c   Section        0  libinit2.o(.ARM.Collect$$libinit$$00000023)
    .ARM.Collect$$libinit$$0000002A          0x0800024c   Section        0  libinit2.o(.ARM.Collect$$libinit$$0000002A)
    .ARM.Collect$$libinit$$0000002C          0x0800024c   Section        0  libinit2.o(.ARM.Collect$$libinit$$0000002C)
    .ARM.Collect$$libinit$$0000002E          0x0800024c   Section        0  libinit2.o(.ARM.Collect$$libinit$$0000002E)
    .ARM.Collect$$libinit$$00000030          0x0800024c   Section        0  libinit2.o(.ARM.Collect$$libinit$$00000030)
    .ARM.Collect$$libinit$$00000031          0x0800024c   Section        2  libinit2.o(.ARM.Collect$$libinit$$00000031)
    .ARM.Collect$$libshutdown$$00000000      0x0800024e   Section        2  libshutdown.o(.ARM.Collect$$libshutdown$$00000000)
    .ARM.Collect$$libshutdown$$00000003      0x08000250   Section        0  libshutdown2.o(.ARM.Collect$$libshutdown$$00000003)
    .ARM.Collect$$libshutdown$$00000006      0x08000250   Section        0  libshutdown2.o(.ARM.Collect$$libshutdown$$00000006)
    .ARM.Collect$$libshutdown$$00000009      0x08000250   Section        0  libshutdown2.o(.ARM.Collect$$libshutdown$$00000009)
    .ARM.Collect$$libshutdown$$0000000B      0x08000250   Section        0  libshutdown2.o(.ARM.Collect$$libshutdown$$0000000B)
    .ARM.Collect$$libshutdown$$0000000E      0x08000250   Section        0  libshutdown2.o(.ARM.Collect$$libshutdown$$0000000E)
    .ARM.Collect$$libshutdown$$0000000F      0x08000250   Section        2  libshutdown2.o(.ARM.Collect$$libshutdown$$0000000F)
    .ARM.Collect$$rtentry$$00000000          0x08000252   Section        0  rtentry.o(.ARM.Collect$$rtentry$$00000000)
    .ARM.Collect$$rtentry$$00000002          0x08000252   Section        0  rtentry2.o(.ARM.Collect$$rtentry$$00000002)
    .ARM.Collect$$rtentry$$00000004          0x08000252   Section        6  rtentry4.o(.ARM.Collect$$rtentry$$00000004)
    .ARM.Collect$$rtentry$$00000009          0x08000258   Section        0  rtentry2.o(.ARM.Collect$$rtentry$$00000009)
    .ARM.Collect$$rtentry$$0000000A          0x08000258   Section        4  rtentry2.o(.ARM.Collect$$rtentry$$0000000A)
    .ARM.Collect$$rtentry$$0000000C          0x0800025c   Section        0  rtentry2.o(.ARM.Collect$$rtentry$$0000000C)
    .ARM.Collect$$rtentry$$0000000D          0x0800025c   Section        8  rtentry2.o(.ARM.Collect$$rtentry$$0000000D)
    .ARM.Collect$$rtexit$$00000000           0x08000264   Section        2  rtexit.o(.ARM.Collect$$rtexit$$00000000)
    .ARM.Collect$$rtexit$$00000002           0x08000266   Section        0  rtexit2.o(.ARM.Collect$$rtexit$$00000002)
    .ARM.Collect$$rtexit$$00000003           0x08000266   Section        4  rtexit2.o(.ARM.Collect$$rtexit$$00000003)
    .ARM.Collect$$rtexit$$00000004           0x0800026a   Section        6  rtexit2.o(.ARM.Collect$$rtexit$$00000004)
    .text                                    0x08000270   Section       64  startup_stm32f30x_arm.o(.text)
    $v0                                      0x08000270   Number         0  startup_stm32f30x_arm.o(.text)
    .text                                    0x080002b0   Section        0  main.o(.text)
    ClockCheck                               0x080002b1   Thumb Code    64  main.o(.text)
    .text                                    0x08000450   Section        0  cd_analogin.o(.text)
    setup_adc_gpio                           0x08000451   Thumb Code    50  cd_analogin.o(.text)
    setup_adc_dma                            0x08000483   Thumb Code   110  cd_analogin.o(.text)
    calibrate_adc                            0x080004f1   Thumb Code    68  cd_analogin.o(.text)
    lTIM3_Init                               0x08000535   Thumb Code    70  cd_analogin.o(.text)
    .text                                    0x080006b8   Section        0  cd_delay.o(.text)
    .text                                    0x080006f4   Section        0  cd_timebase.o(.text)
    lTIM2_Init                               0x080006f5   Thumb Code    70  cd_timebase.o(.text)
    .text                                    0x0800074c   Section        0  cd_complementerout.o(.text)
    .text                                    0x0800089c   Section        0  stm32f30x_it.o(.text)
    .text                                    0x08000948   Section        0  stm32f30x_adc.o(.text)
    .text                                    0x08001194   Section        0  stm32f30x_dma.o(.text)
    .text                                    0x080013e4   Section        0  stm32f30x_exti.o(.text)
    .text                                    0x08001648   Section        0  stm32f30x_gpio.o(.text)
    .text                                    0x0800183c   Section        0  stm32f30x_misc.o(.text)
    .text                                    0x08001918   Section        0  stm32f30x_rcc.o(.text)
    .text                                    0x08002120   Section        0  stm32f30x_tim.o(.text)
    TI4_Config                               0x0800292b   Thumb Code   104  stm32f30x_tim.o(.text)
    TI3_Config                               0x080029a5   Thumb Code    76  stm32f30x_tim.o(.text)
    TI2_Config                               0x08002a03   Thumb Code    66  stm32f30x_tim.o(.text)
    TI1_Config                               0x08002a55   Thumb Code    48  stm32f30x_tim.o(.text)
    .text                                    0x08002e9c   Section        0  stm32f30x_usart.o(.text)
    .text                                    0x080033d8   Section        0  system_stm32f30x.o(.text)
    SetSysClock                              0x080033d9   Thumb Code   186  system_stm32f30x.o(.text)
    .text                                    0x080035b4   Section        0  ecua_hmi.o(.text)
    LED_Init                                 0x080035b5   Thumb Code    56  ecua_hmi.o(.text)
    .text                                    0x08003614   Section        0  ecua_serialcomm.o(.text)
    lo_GpioInit                              0x08003615   Thumb Code    50  ecua_serialcomm.o(.text)
    lo_SerialportInit                        0x08003647   Thumb Code   146  ecua_serialcomm.o(.text)
    .text                                    0x0800372c   Section        0  arm_sqrt_q31.o(.text)
    arm_recip_q31                            0x0800372d   Thumb Code   138  arm_sqrt_q31.o(.text)
    .text                                    0x080039d8   Section        0  arm_cfft_radix4_init_q15.o(.text)
    .text                                    0x08003a60   Section        0  arm_rfft_init_q15.o(.text)
    .text                                    0x08003ad4   Section        0  arm_rfft_q15.o(.text)
    .text                                    0x08003d50   Section        0  arm_cfft_radix4_q15.o(.text)
    .text                                    0x0800430c   Section        0  noretval__2sprintf.o(.text)
    .text                                    0x08004334   Section        0  __printf.o(.text)
    .text                                    0x0800439c   Section        0  _printf_dec.o(.text)
    .text                                    0x08004414   Section        0  heapauxi.o(.text)
    .text                                    0x0800441a   Section        0  _printf_intcommon.o(.text)
    .text                                    0x080044d4   Section        0  _printf_char_common.o(.text)
    _printf_input_char                       0x080044d5   Thumb Code    10  _printf_char_common.o(.text)
    .text                                    0x08004504   Section        0  _sputc.o(.text)
    .text                                    0x0800450e   Section       74  sys_stackheap_outer.o(.text)
    .text                                    0x08004558   Section        0  exit.o(.text)
    .text                                    0x08004564   Section        8  libspace.o(.text)
    .text                                    0x0800456c   Section        0  sys_exit.o(.text)
    .text                                    0x08004578   Section        2  use_no_semi.o(.text)
    .text                                    0x0800457a   Section        0  indicate_semi.o(.text)
    x$fpl$fpinit                             0x0800457a   Section       10  fpinit.o(x$fpl$fpinit)
    $v0                                      0x0800457a   Number         0  fpinit.o(x$fpl$fpinit)
    .constdata                               0x08004584   Section    16384  arm_cfft_radix4_init_q15.o(.constdata)
    twiddleCoefQ15                           0x08004584   Data       16384  arm_cfft_radix4_init_q15.o(.constdata)
    .constdata                               0x08008584   Section     8192  arm_rfft_init_q15.o(.constdata)
    realCoefAQ15                             0x08008584   Data        4096  arm_rfft_init_q15.o(.constdata)
    realCoefBQ15                             0x08009584   Data        4096  arm_rfft_init_q15.o(.constdata)
    .constdata                               0x0800a584   Section     2048  arm_common_tables.o(.constdata)
    .constdata                               0x0800ad84   Section      256  arm_common_tables.o(.constdata)
    .ARM.__AT_0x0801FF9C                     0x0801ff9c   Section       16  cd_nvm.o(.ARM.__AT_0x0801FF9C)
    .ARM.__AT_0x1FFFF7AC                     0x1ffff7ac   Section       12  main.o(.ARM.__AT_0x1FFFF7AC)
    .data                                    0x20000000   Section     4110  main.o(.data)
    Index                                    0x20000000   Data           4  main.o(.data)
    Value                                    0x2000100c   Data           2  main.o(.data)
    .data                                    0x20001010   Section       13  cd_analogin.o(.data)
    .data                                    0x20001020   Section        4  cd_delay.o(.data)
    CDDELAY_ActVal                           0x20001020   Data           4  cd_delay.o(.data)
    .data                                    0x20001024   Section        5  stm32f30x_it.o(.data)
    alma                                     0x20001024   Data           4  stm32f30x_it.o(.data)
    .data                                    0x2000102a   Section       42  stm32f30x_rcc.o(.data)
    APBAHBPrescTable                         0x2000102a   Data          16  stm32f30x_rcc.o(.data)
    ADCPrescTable                            0x2000103a   Data          26  stm32f30x_rcc.o(.data)
    .data                                    0x20001054   Section       20  system_stm32f30x.o(.data)
    .bss                                     0x20001068   Section     4121  main.o(.bss)
    testOutput                               0x20001068   Data        4096  main.o(.bss)
    .bss                                     0x20002082   Section     4096  cd_analogin.o(.bss)
    .bss                                     0x20003084   Section       96  libspace.o(.bss)
    HEAP                                     0x200030e8   Section      512  startup_stm32f30x_arm.o(HEAP)
    Heap_Mem                                 0x200030e8   Data         512  startup_stm32f30x_arm.o(HEAP)
    STACK                                    0x200032e8   Section     1024  startup_stm32f30x_arm.o(STACK)
    Stack_Mem                                0x200032e8   Data        1024  startup_stm32f30x_arm.o(STACK)
    __initial_sp                             0x200036e8   Data           0  startup_stm32f30x_arm.o(STACK)

    Global Symbols

    Symbol Name                              Value     Ov Type        Size  Object(Section)

    BuildAttributes$$THM_ISAv4$E$P$D$K$B$S$7EM$VFPi3$EXTD16$VFPS$VFMA$PE$A:L22UL41UL21$X:L11$S22US41US21$IEEE1$IW$USESV6$~STKCKD$USESV7$~SHL$OTIME$ROPI$EBA8$UX$STANDARDLIB$REQ8$PRES8$EABIv2 0x00000000   Number         0  anon$$obj.o ABSOLUTE
    __ARM_use_no_argv                        0x00000000   Number         0  main.o ABSOLUTE
    __ARM_exceptions_init                     - Undefined Weak Reference
    __alloca_initialize                       - Undefined Weak Reference
    __cpp_initialize__aeabi_                  - Undefined Weak Reference
    __cxa_finalize                            - Undefined Weak Reference
    __rt_locale                               - Undefined Weak Reference
    __sigvec_lookup                           - Undefined Weak Reference
    _atexit_init                              - Undefined Weak Reference
    _call_atexit_fns                          - Undefined Weak Reference
    _clock_init                               - Undefined Weak Reference
    _fp_trap_init                             - Undefined Weak Reference
    _fp_trap_shutdown                         - Undefined Weak Reference
    _get_lc_collate                           - Undefined Weak Reference
    _get_lc_ctype                             - Undefined Weak Reference
    _get_lc_monetary                          - Undefined Weak Reference
    _get_lc_numeric                           - Undefined Weak Reference
    _get_lc_time                              - Undefined Weak Reference
    _getenv_init                              - Undefined Weak Reference
    _handle_redirection                       - Undefined Weak Reference
    _init_alloc                               - Undefined Weak Reference
    _init_user_alloc                          - Undefined Weak Reference
    _initio                                   - Undefined Weak Reference
    _printf_post_padding                      - Undefined Weak Reference
    _printf_pre_padding                       - Undefined Weak Reference
    _printf_truncate_signed                   - Undefined Weak Reference
    _printf_truncate_unsigned                 - Undefined Weak Reference
    _rand_init                                - Undefined Weak Reference
    _signal_finish                            - Undefined Weak Reference
    _signal_init                              - Undefined Weak Reference
    _terminate_alloc                          - Undefined Weak Reference
    _terminate_user_alloc                     - Undefined Weak Reference
    _terminateio                              - Undefined Weak Reference
    __Vectors_Size                           0x00000188   Number         0  startup_stm32f30x_arm.o ABSOLUTE
    __Vectors                                0x08000000   Data           4  startup_stm32f30x_arm.o(RESET)
    __Vectors_End                            0x08000188   Data           0  startup_stm32f30x_arm.o(RESET)
    __main                                   0x08000189   Thumb Code     8  __main.o(!!!main)
    __scatterload                            0x08000191   Thumb Code     0  __scatter.o(!!!scatter)
    __scatterload_rt2                        0x08000191   Thumb Code    44  __scatter.o(!!!scatter)
    __scatterload_rt2_thumb_only             0x08000191   Thumb Code     0  __scatter.o(!!!scatter)
    __scatterload_null                       0x0800019f   Thumb Code     0  __scatter.o(!!!scatter)
    __decompress                             0x080001c5   Thumb Code    90  __dczerorl2.o(!!dczerorl2)
    __decompress1                            0x080001c5   Thumb Code     0  __dczerorl2.o(!!dczerorl2)
    __scatterload_zeroinit                   0x08000221   Thumb Code    28  __scatter_zi.o(!!handler_zi)
    _printf_d                                0x0800023d   Thumb Code     0  _printf_d.o(.ARM.Collect$$_printf_percent$$00000009)
    _printf_percent                          0x0800023d   Thumb Code     0  _printf_percent.o(.ARM.Collect$$_printf_percent$$00000000)
    _printf_percent_end                      0x08000243   Thumb Code     0  _printf_percent_end.o(.ARM.Collect$$_printf_percent$$00000017)
    __rt_lib_init                            0x08000247   Thumb Code     0  libinit.o(.ARM.Collect$$libinit$$00000000)
    __rt_lib_init_fp_1                       0x08000249   Thumb Code     0  libinit2.o(.ARM.Collect$$libinit$$00000001)
    __rt_lib_init_alloca_1                   0x0800024d   Thumb Code     0  libinit2.o(.ARM.Collect$$libinit$$0000002C)
    __rt_lib_init_argv_1                     0x0800024d   Thumb Code     0  libinit2.o(.ARM.Collect$$libinit$$0000002A)
    __rt_lib_init_atexit_1                   0x0800024d   Thumb Code     0  libinit2.o(.ARM.Collect$$libinit$$00000019)
    __rt_lib_init_clock_1                    0x0800024d   Thumb Code     0  libinit2.o(.ARM.Collect$$libinit$$0000001F)
    __rt_lib_init_cpp_1                      0x0800024d   Thumb Code     0  libinit2.o(.ARM.Collect$$libinit$$00000030)
    __rt_lib_init_exceptions_1               0x0800024d   Thumb Code     0  libinit2.o(.ARM.Collect$$libinit$$0000002E)
    __rt_lib_init_fp_trap_1                  0x0800024d   Thumb Code     0  libinit2.o(.ARM.Collect$$libinit$$0000001D)
    __rt_lib_init_getenv_1                   0x0800024d   Thumb Code     0  libinit2.o(.ARM.Collect$$libinit$$00000021)
    __rt_lib_init_heap_1                     0x0800024d   Thumb Code     0  libinit2.o(.ARM.Collect$$libinit$$00000008)
    __rt_lib_init_lc_collate_1               0x0800024d   Thumb Code     0  libinit2.o(.ARM.Collect$$libinit$$0000000F)
    __rt_lib_init_lc_ctype_1                 0x0800024d   Thumb Code     0  libinit2.o(.ARM.Collect$$libinit$$00000011)
    __rt_lib_init_lc_monetary_1              0x0800024d   Thumb Code     0  libinit2.o(.ARM.Collect$$libinit$$00000013)
    __rt_lib_init_lc_numeric_1               0x0800024d   Thumb Code     0  libinit2.o(.ARM.Collect$$libinit$$00000015)
    __rt_lib_init_lc_time_1                  0x0800024d   Thumb Code     0  libinit2.o(.ARM.Collect$$libinit$$00000017)
    __rt_lib_init_rand_1                     0x0800024d   Thumb Code     0  libinit2.o(.ARM.Collect$$libinit$$0000000C)
    __rt_lib_init_return                     0x0800024d   Thumb Code     0  libinit2.o(.ARM.Collect$$libinit$$00000031)
    __rt_lib_init_signal_1                   0x0800024d   Thumb Code     0  libinit2.o(.ARM.Collect$$libinit$$0000001B)
    __rt_lib_init_stdio_1                    0x0800024d   Thumb Code     0  libinit2.o(.ARM.Collect$$libinit$$00000023)
    __rt_lib_init_user_alloc_1               0x0800024d   Thumb Code     0  libinit2.o(.ARM.Collect$$libinit$$0000000A)
    __rt_lib_shutdown                        0x0800024f   Thumb Code     0  libshutdown.o(.ARM.Collect$$libshutdown$$00000000)
    __rt_lib_shutdown_fp_trap_1              0x08000251   Thumb Code     0  libshutdown2.o(.ARM.Collect$$libshutdown$$00000006)
    __rt_lib_shutdown_heap_1                 0x08000251   Thumb Code     0  libshutdown2.o(.ARM.Collect$$libshutdown$$0000000E)
    __rt_lib_shutdown_return                 0x08000251   Thumb Code     0  libshutdown2.o(.ARM.Collect$$libshutdown$$0000000F)
    __rt_lib_shutdown_signal_1               0x08000251   Thumb Code     0  libshutdown2.o(.ARM.Collect$$libshutdown$$00000009)
    __rt_lib_shutdown_stdio_1                0x08000251   Thumb Code     0  libshutdown2.o(.ARM.Collect$$libshutdown$$00000003)
    __rt_lib_shutdown_user_alloc_1           0x08000251   Thumb Code     0  libshutdown2.o(.ARM.Collect$$libshutdown$$0000000B)
    __rt_entry                               0x08000253   Thumb Code     0  rtentry.o(.ARM.Collect$$rtentry$$00000000)
    __rt_entry_presh_1                       0x08000253   Thumb Code     0  rtentry2.o(.ARM.Collect$$rtentry$$00000002)
    __rt_entry_sh                            0x08000253   Thumb Code     0  rtentry4.o(.ARM.Collect$$rtentry$$00000004)
    __rt_entry_li                            0x08000259   Thumb Code     0  rtentry2.o(.ARM.Collect$$rtentry$$0000000A)
    __rt_entry_postsh_1                      0x08000259   Thumb Code     0  rtentry2.o(.ARM.Collect$$rtentry$$00000009)
    __rt_entry_main                          0x0800025d   Thumb Code     0  rtentry2.o(.ARM.Collect$$rtentry$$0000000D)
    __rt_entry_postli_1                      0x0800025d   Thumb Code     0  rtentry2.o(.ARM.Collect$$rtentry$$0000000C)
    __rt_exit                                0x08000265   Thumb Code     0  rtexit.o(.ARM.Collect$$rtexit$$00000000)
    __rt_exit_ls                             0x08000267   Thumb Code     0  rtexit2.o(.ARM.Collect$$rtexit$$00000003)
    __rt_exit_prels_1                        0x08000267   Thumb Code     0  rtexit2.o(.ARM.Collect$$rtexit$$00000002)
    __rt_exit_exit                           0x0800026b   Thumb Code     0  rtexit2.o(.ARM.Collect$$rtexit$$00000004)
    Reset_Handler                            0x08000271   Thumb Code     8  startup_stm32f30x_arm.o(.text)
    ADC1_2_IRQHandler                        0x0800028b   Thumb Code     0  startup_stm32f30x_arm.o(.text)
    ADC3_IRQHandler                          0x0800028b   Thumb Code     0  startup_stm32f30x_arm.o(.text)
    ADC4_IRQHandler                          0x0800028b   Thumb Code     0  startup_stm32f30x_arm.o(.text)
    CAN1_RX1_IRQHandler                      0x0800028b   Thumb Code     0  startup_stm32f30x_arm.o(.text)
    CAN1_SCE_IRQHandler                      0x0800028b   Thumb Code     0  startup_stm32f30x_arm.o(.text)
    COMP1_2_3_IRQHandler                     0x0800028b   Thumb Code     0  startup_stm32f30x_arm.o(.text)
    COMP4_5_6_IRQHandler                     0x0800028b   Thumb Code     0  startup_stm32f30x_arm.o(.text)
    COMP7_IRQHandler                         0x0800028b   Thumb Code     0  startup_stm32f30x_arm.o(.text)
    DMA1_Channel2_IRQHandler                 0x0800028b   Thumb Code     0  startup_stm32f30x_arm.o(.text)
    DMA1_Channel3_IRQHandler                 0x0800028b   Thumb Code     0  startup_stm32f30x_arm.o(.text)
    DMA1_Channel4_IRQHandler                 0x0800028b   Thumb Code     0  startup_stm32f30x_arm.o(.text)
    DMA1_Channel5_IRQHandler                 0x0800028b   Thumb Code     0  startup_stm32f30x_arm.o(.text)
    DMA1_Channel6_IRQHandler                 0x0800028b   Thumb Code     0  startup_stm32f30x_arm.o(.text)
    DMA1_Channel7_IRQHandler                 0x0800028b   Thumb Code     0  startup_stm32f30x_arm.o(.text)
    DMA2_Channel1_IRQHandler                 0x0800028b   Thumb Code     0  startup_stm32f30x_arm.o(.text)
    DMA2_Channel2_IRQHandler                 0x0800028b   Thumb Code     0  startup_stm32f30x_arm.o(.text)
    DMA2_Channel4_IRQHandler                 0x0800028b   Thumb Code     0  startup_stm32f30x_arm.o(.text)
    DMA2_Channel5_IRQHandler                 0x0800028b   Thumb Code     0  startup_stm32f30x_arm.o(.text)
    EXTI0_IRQHandler                         0x0800028b   Thumb Code     0  startup_stm32f30x_arm.o(.text)
    EXTI15_10_IRQHandler                     0x0800028b   Thumb Code     0  startup_stm32f30x_arm.o(.text)
    EXTI1_IRQHandler                         0x0800028b   Thumb Code     0  startup_stm32f30x_arm.o(.text)
    EXTI2_TS_IRQHandler                      0x0800028b   Thumb Code     0  startup_stm32f30x_arm.o(.text)
    EXTI3_IRQHandler                         0x0800028b   Thumb Code     0  startup_stm32f30x_arm.o(.text)
    EXTI9_5_IRQHandler                       0x0800028b   Thumb Code     0  startup_stm32f30x_arm.o(.text)
    FLASH_IRQHandler                         0x0800028b   Thumb Code     0  startup_stm32f30x_arm.o(.text)
    FPU_IRQHandler                           0x0800028b   Thumb Code     0  startup_stm32f30x_arm.o(.text)
    I2C1_ER_IRQHandler                       0x0800028b   Thumb Code     0  startup_stm32f30x_arm.o(.text)
    I2C1_EV_IRQHandler                       0x0800028b   Thumb Code     0  startup_stm32f30x_arm.o(.text)
    I2C2_ER_IRQHandler                       0x0800028b   Thumb Code     0  startup_stm32f30x_arm.o(.text)
    I2C2_EV_IRQHandler                       0x0800028b   Thumb Code     0  startup_stm32f30x_arm.o(.text)
    PVD_IRQHandler                           0x0800028b   Thumb Code     0  startup_stm32f30x_arm.o(.text)
    RCC_IRQHandler                           0x0800028b   Thumb Code     0  startup_stm32f30x_arm.o(.text)
    RTC_Alarm_IRQHandler                     0x0800028b   Thumb Code     0  startup_stm32f30x_arm.o(.text)
    RTC_WKUP_IRQHandler                      0x0800028b   Thumb Code     0  startup_stm32f30x_arm.o(.text)
    SPI1_IRQHandler                          0x0800028b   Thumb Code     0  startup_stm32f30x_arm.o(.text)
    SPI2_IRQHandler                          0x0800028b   Thumb Code     0  startup_stm32f30x_arm.o(.text)
    SPI3_IRQHandler                          0x0800028b   Thumb Code     0  startup_stm32f30x_arm.o(.text)
    TAMPER_STAMP_IRQHandler                  0x0800028b   Thumb Code     0  startup_stm32f30x_arm.o(.text)
    TIM1_BRK_TIM15_IRQHandler                0x0800028b   Thumb Code     0  startup_stm32f30x_arm.o(.text)
    TIM1_TRG_COM_TIM17_IRQHandler            0x0800028b   Thumb Code     0  startup_stm32f30x_arm.o(.text)
    TIM1_UP_TIM16_IRQHandler                 0x0800028b   Thumb Code     0  startup_stm32f30x_arm.o(.text)
    TIM2_IRQHandler                          0x0800028b   Thumb Code     0  startup_stm32f30x_arm.o(.text)
    TIM3_IRQHandler                          0x0800028b   Thumb Code     0  startup_stm32f30x_arm.o(.text)
    TIM4_IRQHandler                          0x0800028b   Thumb Code     0  startup_stm32f30x_arm.o(.text)
    TIM6_DAC_IRQHandler                      0x0800028b   Thumb Code     0  startup_stm32f30x_arm.o(.text)
    TIM7_IRQHandler                          0x0800028b   Thumb Code     0  startup_stm32f30x_arm.o(.text)
    TIM8_BRK_IRQHandler                      0x0800028b   Thumb Code     0  startup_stm32f30x_arm.o(.text)
    TIM8_CC_IRQHandler                       0x0800028b   Thumb Code     0  startup_stm32f30x_arm.o(.text)
    TIM8_TRG_COM_IRQHandler                  0x0800028b   Thumb Code     0  startup_stm32f30x_arm.o(.text)
    TIM8_UP_IRQHandler                       0x0800028b   Thumb Code     0  startup_stm32f30x_arm.o(.text)
    UART4_IRQHandler                         0x0800028b   Thumb Code     0  startup_stm32f30x_arm.o(.text)
    UART5_IRQHandler                         0x0800028b   Thumb Code     0  startup_stm32f30x_arm.o(.text)
    USART2_IRQHandler                        0x0800028b   Thumb Code     0  startup_stm32f30x_arm.o(.text)
    USART3_IRQHandler                        0x0800028b   Thumb Code     0  startup_stm32f30x_arm.o(.text)
    USBWakeUp_IRQHandler                     0x0800028b   Thumb Code     0  startup_stm32f30x_arm.o(.text)
    USBWakeUp_RMP_IRQHandler                 0x0800028b   Thumb Code     0  startup_stm32f30x_arm.o(.text)
    USB_HP_CAN1_TX_IRQHandler                0x0800028b   Thumb Code     0  startup_stm32f30x_arm.o(.text)
    USB_HP_IRQHandler                        0x0800028b   Thumb Code     0  startup_stm32f30x_arm.o(.text)
    USB_LP_CAN1_RX0_IRQHandler               0x0800028b   Thumb Code     0  startup_stm32f30x_arm.o(.text)
    USB_LP_IRQHandler                        0x0800028b   Thumb Code     0  startup_stm32f30x_arm.o(.text)
    WWDG_IRQHandler                          0x0800028b   Thumb Code     0  startup_stm32f30x_arm.o(.text)
    __user_initial_stackheap                 0x0800028d   Thumb Code     0  startup_stm32f30x_arm.o(.text)
    main                                     0x080002f1   Thumb Code   300  main.o(.text)
    setup_adc                                0x0800057b   Thumb Code   212  cd_analogin.o(.text)
    DMA1_Channel1_IRQHandler                 0x0800064f   Thumb Code    70  cd_analogin.o(.text)
    CD_AnalogIn_Init                         0x08000695   Thumb Code     8  cd_analogin.o(.text)
    Delay_us_DEC                             0x080006b9   Thumb Code    18  cd_delay.o(.text)
    Delay_us                                 0x080006cb   Thumb Code    16  cd_delay.o(.text)
    Delay_ms                                 0x080006db   Thumb Code    22  cd_delay.o(.text)
    CD_TimeBase_Init                         0x0800073b   Thumb Code     8  cd_timebase.o(.text)
    CD_ComplementerOut_Init                  0x0800074d   Thumb Code   324  cd_complementerout.o(.text)
    NMI_Handler                              0x0800089d   Thumb Code     2  stm32f30x_it.o(.text)
    HardFault_Handler                        0x0800089f   Thumb Code     4  stm32f30x_it.o(.text)
    MemManage_Handler                        0x080008a3   Thumb Code     4  stm32f30x_it.o(.text)
    BusFault_Handler                         0x080008a7   Thumb Code     4  stm32f30x_it.o(.text)
    UsageFault_Handler                       0x080008ab   Thumb Code     4  stm32f30x_it.o(.text)
    SVC_Handler                              0x080008af   Thumb Code     2  stm32f30x_it.o(.text)
    DebugMon_Handler                         0x080008b1   Thumb Code     2  stm32f30x_it.o(.text)
    PendSV_Handler                           0x080008b3   Thumb Code     2  stm32f30x_it.o(.text)
    SysTick_Handler                          0x080008b5   Thumb Code     8  stm32f30x_it.o(.text)
    EXTI4_IRQHandler                         0x080008bd   Thumb Code    10  stm32f30x_it.o(.text)
    DMA2_Channel3_IRQHandler                 0x080008c7   Thumb Code    10  stm32f30x_it.o(.text)
    USART1_IRQHandler                        0x080008d1   Thumb Code    10  stm32f30x_it.o(.text)
    TIM1_CC_IRQHandler                       0x080008db   Thumb Code    84  stm32f30x_it.o(.text)
    ADC_DeInit                               0x08000949   Thumb Code    68  stm32f30x_adc.o(.text)
    ADC_Init                                 0x0800098d   Thumb Code    58  stm32f30x_adc.o(.text)
    ADC_StructInit                           0x080009c7   Thumb Code    22  stm32f30x_adc.o(.text)
    ADC_InjectedInit                         0x080009dd   Thumb Code    48  stm32f30x_adc.o(.text)
    ADC_InjectedStructInit                   0x08000a0d   Thumb Code    20  stm32f30x_adc.o(.text)
    ADC_CommonInit                           0x08000a21   Thumb Code    84  stm32f30x_adc.o(.text)
    ADC_CommonStructInit                     0x08000a75   Thumb Code    14  stm32f30x_adc.o(.text)
    ADC_Cmd                                  0x08000a83   Thumb Code    22  stm32f30x_adc.o(.text)
    ADC_StartCalibration                     0x08000a99   Thumb Code    10  stm32f30x_adc.o(.text)
    ADC_GetCalibrationValue                  0x08000aa3   Thumb Code     8  stm32f30x_adc.o(.text)
    ADC_SetCalibrationValue                  0x08000aab   Thumb Code     6  stm32f30x_adc.o(.text)
    ADC_SelectCalibrationMode                0x08000ab1   Thumb Code    16  stm32f30x_adc.o(.text)
    ADC_GetCalibrationStatus                 0x08000ac1   Thumb Code    20  stm32f30x_adc.o(.text)
    ADC_DisableCmd                           0x08000ad5   Thumb Code    10  stm32f30x_adc.o(.text)
    ADC_GetDisableCmdStatus                  0x08000adf   Thumb Code    20  stm32f30x_adc.o(.text)
    ADC_VoltageRegulatorCmd                  0x08000af3   Thumb Code    30  stm32f30x_adc.o(.text)
    ADC_SelectDifferentialMode               0x08000b11   Thumb Code    36  stm32f30x_adc.o(.text)
    ADC_SelectQueueOfContextMode             0x08000b35   Thumb Code    22  stm32f30x_adc.o(.text)
    ADC_AutoDelayCmd                         0x08000b4b   Thumb Code    22  stm32f30x_adc.o(.text)
    ADC_AnalogWatchdogCmd                    0x08000b61   Thumb Code    16  stm32f30x_adc.o(.text)
    ADC_AnalogWatchdog1ThresholdsConfig      0x08000b71   Thumb Code    34  stm32f30x_adc.o(.text)
    ADC_AnalogWatchdog2ThresholdsConfig      0x08000b93   Thumb Code    32  stm32f30x_adc.o(.text)
    ADC_AnalogWatchdog3ThresholdsConfig      0x08000bb3   Thumb Code    32  stm32f30x_adc.o(.text)
    ADC_AnalogWatchdog1SingleChannelConfig   0x08000bd3   Thumb Code    18  stm32f30x_adc.o(.text)
    ADC_AnalogWatchdog2SingleChannelConfig   0x08000be5   Thumb Code    28  stm32f30x_adc.o(.text)
    ADC_AnalogWatchdog3SingleChannelConfig   0x08000c01   Thumb Code    28  stm32f30x_adc.o(.text)
    ADC_TempSensorCmd                        0x08000c1d   Thumb Code    80  stm32f30x_adc.o(.text)
    ADC_VrefintCmd                           0x08000c6d   Thumb Code    80  stm32f30x_adc.o(.text)
    ADC_VbatCmd                              0x08000cbd   Thumb Code    80  stm32f30x_adc.o(.text)
    ADC_RegularChannelConfig                 0x08000d0d   Thumb Code   288  stm32f30x_adc.o(.text)
    ADC_RegularChannelSequencerLengthConfig  0x08000e2d   Thumb Code    18  stm32f30x_adc.o(.text)
    ADC_ExternalTriggerConfig                0x08000e3f   Thumb Code    22  stm32f30x_adc.o(.text)
    ADC_StartConversion                      0x08000e55   Thumb Code    10  stm32f30x_adc.o(.text)
    ADC_GetStartConversionStatus             0x08000e5f   Thumb Code    20  stm32f30x_adc.o(.text)
    ADC_StopConversion                       0x08000e73   Thumb Code    10  stm32f30x_adc.o(.text)
    ADC_DiscModeChannelCountConfig           0x08000e7d   Thumb Code    24  stm32f30x_adc.o(.text)
    ADC_DiscModeCmd                          0x08000e95   Thumb Code    22  stm32f30x_adc.o(.text)
    ADC_GetConversionValue                   0x08000eab   Thumb Code     8  stm32f30x_adc.o(.text)
    ADC_GetDualModeConversionValue           0x08000eb3   Thumb Code    28  stm32f30x_adc.o(.text)
    ADC_SetChannelOffset1                    0x08000ecf   Thumb Code    32  stm32f30x_adc.o(.text)
    ADC_SetChannelOffset2                    0x08000eef   Thumb Code    32  stm32f30x_adc.o(.text)
    ADC_SetChannelOffset3                    0x08000f0f   Thumb Code    32  stm32f30x_adc.o(.text)
    ADC_SetChannelOffset4                    0x08000f2f   Thumb Code    32  stm32f30x_adc.o(.text)
    ADC_ChannelOffset1Cmd                    0x08000f4f   Thumb Code    22  stm32f30x_adc.o(.text)
    ADC_ChannelOffset2Cmd                    0x08000f65   Thumb Code    22  stm32f30x_adc.o(.text)
    ADC_ChannelOffset3Cmd                    0x08000f7b   Thumb Code    22  stm32f30x_adc.o(.text)
    ADC_ChannelOffset4Cmd                    0x08000f91   Thumb Code    22  stm32f30x_adc.o(.text)
    ADC_DMACmd                               0x08000fa7   Thumb Code    22  stm32f30x_adc.o(.text)
    ADC_DMAConfig                            0x08000fbd   Thumb Code    16  stm32f30x_adc.o(.text)
    ADC_InjectedChannelConfig                0x08000fcd   Thumb Code   114  stm32f30x_adc.o(.text)
    ADC_InjectedSequencerLengthConfig        0x0800103f   Thumb Code    18  stm32f30x_adc.o(.text)
    ADC_ExternalTriggerInjectedConfig        0x08001051   Thumb Code    22  stm32f30x_adc.o(.text)
    ADC_StartInjectedConversion              0x08001067   Thumb Code    10  stm32f30x_adc.o(.text)
    ADC_StopInjectedConversion               0x08001071   Thumb Code    10  stm32f30x_adc.o(.text)
    ADC_GetStartInjectedConversionStatus     0x0800107b   Thumb Code    20  stm32f30x_adc.o(.text)
    ADC_AutoInjectedConvCmd                  0x0800108f   Thumb Code    22  stm32f30x_adc.o(.text)
    ADC_InjectedDiscModeCmd                  0x080010a5   Thumb Code    22  stm32f30x_adc.o(.text)
    ADC_GetInjectedConversionValue           0x080010bb   Thumb Code    28  stm32f30x_adc.o(.text)
    ADC_ITConfig                             0x080010d7   Thumb Code    18  stm32f30x_adc.o(.text)
    ADC_GetFlagStatus                        0x080010e9   Thumb Code    18  stm32f30x_adc.o(.text)
    ADC_ClearFlag                            0x080010fb   Thumb Code     4  stm32f30x_adc.o(.text)
    ADC_GetCommonFlagStatus                  0x080010ff   Thumb Code    44  stm32f30x_adc.o(.text)
    ADC_ClearCommonFlag                      0x0800112b   Thumb Code    46  stm32f30x_adc.o(.text)
    ADC_GetITStatus                          0x08001159   Thumb Code    34  stm32f30x_adc.o(.text)
    ADC_ClearITPendingBit                    0x0800117b   Thumb Code     8  stm32f30x_adc.o(.text)
    DMA_DeInit                               0x08001195   Thumb Code   324  stm32f30x_dma.o(.text)
    DMA_Init                                 0x080012d9   Thumb Code    60  stm32f30x_dma.o(.text)
    DMA_StructInit                           0x08001315   Thumb Code    26  stm32f30x_dma.o(.text)
    DMA_Cmd                                  0x0800132f   Thumb Code    24  stm32f30x_dma.o(.text)
    DMA_SetCurrDataCounter                   0x08001347   Thumb Code     4  stm32f30x_dma.o(.text)
    DMA_GetCurrDataCounter                   0x0800134b   Thumb Code     8  stm32f30x_dma.o(.text)
    DMA_ITConfig                             0x08001353   Thumb Code    18  stm32f30x_dma.o(.text)
    DMA_GetFlagStatus                        0x08001365   Thumb Code    38  stm32f30x_dma.o(.text)
    DMA_ClearFlag                            0x0800138b   Thumb Code    22  stm32f30x_dma.o(.text)
    DMA_GetITStatus                          0x080013a1   Thumb Code    38  stm32f30x_dma.o(.text)
    DMA_ClearITPendingBit                    0x080013c7   Thumb Code    22  stm32f30x_dma.o(.text)
    EXTI_DeInit                              0x080013e5   Thumb Code    68  stm32f30x_exti.o(.text)
    EXTI_Init                                0x08001429   Thumb Code   340  stm32f30x_exti.o(.text)
    EXTI_StructInit                          0x0800157d   Thumb Code    16  stm32f30x_exti.o(.text)
    EXTI_GenerateSWInterrupt                 0x0800158d   Thumb Code    36  stm32f30x_exti.o(.text)
    EXTI_GetFlagStatus                       0x080015b1   Thumb Code    38  stm32f30x_exti.o(.text)
    EXTI_ClearFlag                           0x080015d7   Thumb Code    22  stm32f30x_exti.o(.text)
    EXTI_GetITStatus                         0x080015ed   Thumb Code    64  stm32f30x_exti.o(.text)
    EXTI_ClearITPendingBit                   0x0800162d   Thumb Code    22  stm32f30x_exti.o(.text)
    GPIO_DeInit                              0x08001649   Thumb Code   154  stm32f30x_gpio.o(.text)
    GPIO_Init                                0x080016e3   Thumb Code   144  stm32f30x_gpio.o(.text)
    GPIO_StructInit                          0x08001773   Thumb Code    22  stm32f30x_gpio.o(.text)
    GPIO_PinLockConfig                       0x08001789   Thumb Code    18  stm32f30x_gpio.o(.text)
    GPIO_ReadInputDataBit                    0x0800179b   Thumb Code    18  stm32f30x_gpio.o(.text)
    GPIO_ReadInputData                       0x080017ad   Thumb Code     6  stm32f30x_gpio.o(.text)
    GPIO_ReadOutputDataBit                   0x080017b3   Thumb Code    18  stm32f30x_gpio.o(.text)
    GPIO_ReadOutputData                      0x080017c5   Thumb Code     6  stm32f30x_gpio.o(.text)
    GPIO_SetBits                             0x080017cb   Thumb Code     4  stm32f30x_gpio.o(.text)
    GPIO_ResetBits                           0x080017cf   Thumb Code     4  stm32f30x_gpio.o(.text)
    GPIO_WriteBit                            0x080017d3   Thumb Code    10  stm32f30x_gpio.o(.text)
    GPIO_Write                               0x080017dd   Thumb Code     4  stm32f30x_gpio.o(.text)
    GPIO_PinAFConfig                         0x080017e1   Thumb Code    70  stm32f30x_gpio.o(.text)
    NVIC_PriorityGroupConfig                 0x0800183d   Thumb Code    10  stm32f30x_misc.o(.text)
    NVIC_Init                                0x08001847   Thumb Code   102  stm32f30x_misc.o(.text)
    NVIC_SetVectorTable                      0x080018ad   Thumb Code    14  stm32f30x_misc.o(.text)
    NVIC_SystemLPConfig                      0x080018bb   Thumb Code    34  stm32f30x_misc.o(.text)
    SysTick_CLKSourceConfig                  0x080018dd   Thumb Code    40  stm32f30x_misc.o(.text)
    RCC_DeInit                               0x08001919   Thumb Code    84  stm32f30x_rcc.o(.text)
    RCC_HSEConfig                            0x0800196d   Thumb Code    12  stm32f30x_rcc.o(.text)
    RCC_GetFlagStatus                        0x08001979   Thumb Code    64  stm32f30x_rcc.o(.text)
    RCC_WaitForHSEStartUp                    0x080019b9   Thumb Code    56  stm32f30x_rcc.o(.text)
    RCC_AdjustHSICalibrationValue            0x080019f1   Thumb Code    20  stm32f30x_rcc.o(.text)
    RCC_HSICmd                               0x08001a05   Thumb Code     6  stm32f30x_rcc.o(.text)
    RCC_LSEConfig                            0x08001a0b   Thumb Code    32  stm32f30x_rcc.o(.text)
    RCC_LSEDriveConfig                       0x08001a2b   Thumb Code    22  stm32f30x_rcc.o(.text)
    RCC_LSICmd                               0x08001a41   Thumb Code     6  stm32f30x_rcc.o(.text)
    RCC_PLLConfig                            0x08001a47   Thumb Code    28  stm32f30x_rcc.o(.text)
    RCC_PLLCmd                               0x08001a63   Thumb Code     6  stm32f30x_rcc.o(.text)
    RCC_PREDIV1Config                        0x08001a69   Thumb Code    18  stm32f30x_rcc.o(.text)
    RCC_ClockSecuritySystemCmd               0x08001a7b   Thumb Code     6  stm32f30x_rcc.o(.text)
    RCC_MCOConfig                            0x08001a81   Thumb Code     6  stm32f30x_rcc.o(.text)
    RCC_SYSCLKConfig                         0x08001a87   Thumb Code    18  stm32f30x_rcc.o(.text)
    RCC_GetSYSCLKSource                      0x08001a99   Thumb Code    10  stm32f30x_rcc.o(.text)
    RCC_HCLKConfig                           0x08001aa3   Thumb Code    18  stm32f30x_rcc.o(.text)
    RCC_PCLK1Config                          0x08001ab5   Thumb Code    18  stm32f30x_rcc.o(.text)
    RCC_PCLK2Config                          0x08001ac7   Thumb Code    20  stm32f30x_rcc.o(.text)
    RCC_GetClocksFreq                        0x08001adb   Thumb Code  1088  stm32f30x_rcc.o(.text)
    RCC_ADCCLKConfig                         0x08001f1b   Thumb Code    44  stm32f30x_rcc.o(.text)
    RCC_I2CCLKConfig                         0x08001f47   Thumb Code    44  stm32f30x_rcc.o(.text)
    RCC_TIMCLKConfig                         0x08001f73   Thumb Code    44  stm32f30x_rcc.o(.text)
    RCC_USARTCLKConfig                       0x08001f9f   Thumb Code   104  stm32f30x_rcc.o(.text)
    RCC_USBCLKConfig                         0x08002007   Thumb Code     6  stm32f30x_rcc.o(.text)
    RCC_RTCCLKConfig                         0x0800200d   Thumb Code    12  stm32f30x_rcc.o(.text)
    RCC_I2SCLKConfig                         0x08002019   Thumb Code     6  stm32f30x_rcc.o(.text)
    RCC_RTCCLKCmd                            0x0800201f   Thumb Code     6  stm32f30x_rcc.o(.text)
    RCC_BackupResetCmd                       0x08002025   Thumb Code     8  stm32f30x_rcc.o(.text)
    RCC_AHBPeriphClockCmd                    0x0800202d   Thumb Code    26  stm32f30x_rcc.o(.text)
    RCC_APB2PeriphClockCmd                   0x08002047   Thumb Code    26  stm32f30x_rcc.o(.text)
    RCC_APB1PeriphClockCmd                   0x08002061   Thumb Code    26  stm32f30x_rcc.o(.text)
    RCC_AHBPeriphResetCmd                    0x0800207b   Thumb Code    26  stm32f30x_rcc.o(.text)
    RCC_APB2PeriphResetCmd                   0x08002095   Thumb Code    26  stm32f30x_rcc.o(.text)
    RCC_APB1PeriphResetCmd                   0x080020af   Thumb Code    26  stm32f30x_rcc.o(.text)
    RCC_ITConfig                             0x080020c9   Thumb Code    26  stm32f30x_rcc.o(.text)
    RCC_ClearFlag                            0x080020e3   Thumb Code    14  stm32f30x_rcc.o(.text)
    RCC_GetITStatus                          0x080020f1   Thumb Code    20  stm32f30x_rcc.o(.text)
    RCC_ClearITPendingBit                    0x08002105   Thumb Code     6  stm32f30x_rcc.o(.text)
    TIM_DeInit                               0x08002121   Thumb Code   250  stm32f30x_tim.o(.text)
    TIM_TimeBaseInit                         0x0800221b   Thumb Code   116  stm32f30x_tim.o(.text)
    TIM_TimeBaseStructInit                   0x0800228f   Thumb Code    18  stm32f30x_tim.o(.text)
    TIM_PrescalerConfig                      0x080022a1   Thumb Code     6  stm32f30x_tim.o(.text)
    TIM_CounterModeConfig                    0x080022a7   Thumb Code    18  stm32f30x_tim.o(.text)
    TIM_SetCounter                           0x080022b9   Thumb Code     4  stm32f30x_tim.o(.text)
    TIM_SetAutoreload                        0x080022bd   Thumb Code     4  stm32f30x_tim.o(.text)
    TIM_GetCounter                           0x080022c1   Thumb Code     6  stm32f30x_tim.o(.text)
    TIM_GetPrescaler                         0x080022c7   Thumb Code     6  stm32f30x_tim.o(.text)
    TIM_UpdateDisableConfig                  0x080022cd   Thumb Code    24  stm32f30x_tim.o(.text)
    TIM_UpdateRequestConfig                  0x080022e5   Thumb Code    24  stm32f30x_tim.o(.text)
    TIM_UIFRemap                             0x080022fd   Thumb Code    24  stm32f30x_tim.o(.text)
    TIM_ARRPreloadConfig                     0x08002315   Thumb Code    24  stm32f30x_tim.o(.text)
    TIM_SelectOnePulseMode                   0x0800232d   Thumb Code    18  stm32f30x_tim.o(.text)
    TIM_SetClockDivision                     0x0800233f   Thumb Code    18  stm32f30x_tim.o(.text)
    TIM_Cmd                                  0x08002351   Thumb Code    24  stm32f30x_tim.o(.text)
    TIM_OC1Init                              0x08002369   Thumb Code   120  stm32f30x_tim.o(.text)
    TIM_OC2Init                              0x080023e1   Thumb Code   116  stm32f30x_tim.o(.text)
    TIM_OC3Init                              0x08002455   Thumb Code   114  stm32f30x_tim.o(.text)
    TIM_OC4Init                              0x080024c7   Thumb Code   130  stm32f30x_tim.o(.text)
    TIM_OC5Init                              0x08002549   Thumb Code    80  stm32f30x_tim.o(.text)
    TIM_OC6Init                              0x08002599   Thumb Code    88  stm32f30x_tim.o(.text)
    TIM_SelectGC5C1                          0x080025f1   Thumb Code    22  stm32f30x_tim.o(.text)
    TIM_SelectGC5C2                          0x08002607   Thumb Code    22  stm32f30x_tim.o(.text)
    TIM_SelectGC5C3                          0x0800261d   Thumb Code    22  stm32f30x_tim.o(.text)
    TIM_OCStructInit                         0x08002633   Thumb Code    20  stm32f30x_tim.o(.text)
    TIM_SelectOCxM                           0x08002647   Thumb Code    84  stm32f30x_tim.o(.text)
    TIM_SetCompare1                          0x0800269b   Thumb Code     4  stm32f30x_tim.o(.text)
    TIM_SetCompare2                          0x0800269f   Thumb Code     4  stm32f30x_tim.o(.text)
    TIM_SetCompare3                          0x080026a3   Thumb Code     4  stm32f30x_tim.o(.text)
    TIM_SetCompare4                          0x080026a7   Thumb Code     4  stm32f30x_tim.o(.text)
    TIM_SetCompare5                          0x080026ab   Thumb Code     4  stm32f30x_tim.o(.text)
    TIM_SetCompare6                          0x080026af   Thumb Code     4  stm32f30x_tim.o(.text)
    TIM_ForcedOC1Config                      0x080026b3   Thumb Code    16  stm32f30x_tim.o(.text)
    TIM_ForcedOC2Config                      0x080026c3   Thumb Code    18  stm32f30x_tim.o(.text)
    TIM_ForcedOC3Config                      0x080026d5   Thumb Code    16  stm32f30x_tim.o(.text)
    TIM_ForcedOC4Config                      0x080026e5   Thumb Code    18  stm32f30x_tim.o(.text)
    TIM_ForcedOC5Config                      0x080026f7   Thumb Code    16  stm32f30x_tim.o(.text)
    TIM_ForcedOC6Config                      0x08002707   Thumb Code    18  stm32f30x_tim.o(.text)
    TIM_OC1PreloadConfig                     0x08002719   Thumb Code    16  stm32f30x_tim.o(.text)
    TIM_OC2PreloadConfig                     0x08002729   Thumb Code    18  stm32f30x_tim.o(.text)
    TIM_OC3PreloadConfig                     0x0800273b   Thumb Code    16  stm32f30x_tim.o(.text)
    TIM_OC4PreloadConfig                     0x0800274b   Thumb Code    18  stm32f30x_tim.o(.text)
    TIM_OC5PreloadConfig                     0x0800275d   Thumb Code    16  stm32f30x_tim.o(.text)
    TIM_OC6PreloadConfig                     0x0800276d   Thumb Code    18  stm32f30x_tim.o(.text)
    TIM_OC1FastConfig                        0x0800277f   Thumb Code    16  stm32f30x_tim.o(.text)
    TIM_OC2FastConfig                        0x0800278f   Thumb Code    18  stm32f30x_tim.o(.text)
    TIM_OC3FastConfig                        0x080027a1   Thumb Code    16  stm32f30x_tim.o(.text)
    TIM_OC4FastConfig                        0x080027b1   Thumb Code    18  stm32f30x_tim.o(.text)
    TIM_ClearOC1Ref                          0x080027c3   Thumb Code    16  stm32f30x_tim.o(.text)
    TIM_ClearOC2Ref                          0x080027d3   Thumb Code    18  stm32f30x_tim.o(.text)
    TIM_ClearOC3Ref                          0x080027e5   Thumb Code    16  stm32f30x_tim.o(.text)
    TIM_ClearOC4Ref                          0x080027f5   Thumb Code    18  stm32f30x_tim.o(.text)
    TIM_ClearOC5Ref                          0x08002807   Thumb Code    16  stm32f30x_tim.o(.text)
    TIM_ClearOC6Ref                          0x08002817   Thumb Code    18  stm32f30x_tim.o(.text)
    TIM_SelectOCREFClear                     0x08002829   Thumb Code    18  stm32f30x_tim.o(.text)
    TIM_OC1PolarityConfig                    0x0800283b   Thumb Code    16  stm32f30x_tim.o(.text)
    TIM_OC1NPolarityConfig                   0x0800284b   Thumb Code    16  stm32f30x_tim.o(.text)
    TIM_OC2PolarityConfig                    0x0800285b   Thumb Code    18  stm32f30x_tim.o(.text)
    TIM_OC2NPolarityConfig                   0x0800286d   Thumb Code    18  stm32f30x_tim.o(.text)
    TIM_OC3PolarityConfig                    0x0800287f   Thumb Code    18  stm32f30x_tim.o(.text)
    TIM_OC3NPolarityConfig                   0x08002891   Thumb Code    18  stm32f30x_tim.o(.text)
    TIM_OC4PolarityConfig                    0x080028a3   Thumb Code    18  stm32f30x_tim.o(.text)
    TIM_OC5PolarityConfig                    0x080028b5   Thumb Code    18  stm32f30x_tim.o(.text)
    TIM_OC6PolarityConfig                    0x080028c7   Thumb Code    18  stm32f30x_tim.o(.text)
    TIM_CCxCmd                               0x080028d9   Thumb Code    28  stm32f30x_tim.o(.text)
    TIM_CCxNCmd                              0x080028f5   Thumb Code    28  stm32f30x_tim.o(.text)
    TIM_SetIC4Prescaler                      0x08002911   Thumb Code    26  stm32f30x_tim.o(.text)
    TIM_SetIC3Prescaler                      0x08002993   Thumb Code    18  stm32f30x_tim.o(.text)
    TIM_SetIC2Prescaler                      0x080029f1   Thumb Code    18  stm32f30x_tim.o(.text)
    TIM_SetIC1Prescaler                      0x08002a45   Thumb Code    16  stm32f30x_tim.o(.text)
    TIM_ICInit                               0x08002a85   Thumb Code   110  stm32f30x_tim.o(.text)
    TIM_ICStructInit                         0x08002af3   Thumb Code    18  stm32f30x_tim.o(.text)
    TIM_PWMIConfig                           0x08002b05   Thumb Code   124  stm32f30x_tim.o(.text)
    TIM_GetCapture1                          0x08002b81   Thumb Code     6  stm32f30x_tim.o(.text)
    TIM_GetCapture2                          0x08002b87   Thumb Code     6  stm32f30x_tim.o(.text)
    TIM_GetCapture3                          0x08002b8d   Thumb Code     6  stm32f30x_tim.o(.text)
    TIM_GetCapture4                          0x08002b93   Thumb Code     6  stm32f30x_tim.o(.text)
    TIM_BDTRConfig                           0x08002b99   Thumb Code    30  stm32f30x_tim.o(.text)
    TIM_Break1Config                         0x08002bb7   Thumb Code    22  stm32f30x_tim.o(.text)
    TIM_Break2Config                         0x08002bcd   Thumb Code    22  stm32f30x_tim.o(.text)
    TIM_Break1Cmd                            0x08002be3   Thumb Code    22  stm32f30x_tim.o(.text)
    TIM_Break2Cmd                            0x08002bf9   Thumb Code    22  stm32f30x_tim.o(.text)
    TIM_BDTRStructInit                       0x08002c0f   Thumb Code    18  stm32f30x_tim.o(.text)
    TIM_CtrlPWMOutputs                       0x08002c21   Thumb Code    22  stm32f30x_tim.o(.text)
    TIM_SelectCOM                            0x08002c37   Thumb Code    24  stm32f30x_tim.o(.text)
    TIM_CCPreloadControl                     0x08002c4f   Thumb Code    24  stm32f30x_tim.o(.text)
    TIM_ITConfig                             0x08002c67   Thumb Code    24  stm32f30x_tim.o(.text)
    TIM_GenerateEvent                        0x08002c7f   Thumb Code     4  stm32f30x_tim.o(.text)
    TIM_GetFlagStatus                        0x08002c83   Thumb Code    18  stm32f30x_tim.o(.text)
    TIM_ClearFlag                            0x08002c95   Thumb Code     8  stm32f30x_tim.o(.text)
    TIM_GetITStatus                          0x08002c9d   Thumb Code    34  stm32f30x_tim.o(.text)
    TIM_ClearITPendingBit                    0x08002cbf   Thumb Code     8  stm32f30x_tim.o(.text)
    TIM_DMAConfig                            0x08002cc7   Thumb Code    10  stm32f30x_tim.o(.text)
    TIM_DMACmd                               0x08002cd1   Thumb Code    24  stm32f30x_tim.o(.text)
    TIM_SelectCCDMA                          0x08002ce9   Thumb Code    24  stm32f30x_tim.o(.text)
    TIM_InternalClockConfig                  0x08002d01   Thumb Code    12  stm32f30x_tim.o(.text)
    TIM_SelectInputTrigger                   0x08002d0d   Thumb Code    20  stm32f30x_tim.o(.text)
    TIM_ITRxExternalClockConfig              0x08002d21   Thumb Code    24  stm32f30x_tim.o(.text)
    TIM_TIxExternalClockConfig               0x08002d39   Thumb Code    62  stm32f30x_tim.o(.text)
    TIM_ETRConfig                            0x08002d77   Thumb Code    30  stm32f30x_tim.o(.text)
    TIM_ETRClockMode1Config                  0x08002d95   Thumb Code    56  stm32f30x_tim.o(.text)
    TIM_ETRClockMode2Config                  0x08002dcd   Thumb Code    32  stm32f30x_tim.o(.text)
    TIM_SelectOutputTrigger                  0x08002ded   Thumb Code    18  stm32f30x_tim.o(.text)
    TIM_SelectOutputTrigger2                 0x08002dff   Thumb Code    16  stm32f30x_tim.o(.text)
    TIM_SelectSlaveMode                      0x08002e0f   Thumb Code    16  stm32f30x_tim.o(.text)
    TIM_SelectMasterSlaveMode                0x08002e1f   Thumb Code    18  stm32f30x_tim.o(.text)
    TIM_EncoderInterfaceConfig               0x08002e31   Thumb Code    72  stm32f30x_tim.o(.text)
    TIM_SelectHallSensor                     0x08002e79   Thumb Code    24  stm32f30x_tim.o(.text)
    TIM_RemapConfig                          0x08002e91   Thumb Code     6  stm32f30x_tim.o(.text)
    USART_DeInit                             0x08002e9d   Thumb Code   134  stm32f30x_usart.o(.text)
    USART_Init                               0x08002f23   Thumb Code   220  stm32f30x_usart.o(.text)
    USART_StructInit                         0x08002fff   Thumb Code    24  stm32f30x_usart.o(.text)
    USART_ClockInit                          0x08003017   Thumb Code    30  stm32f30x_usart.o(.text)
    USART_ClockStructInit                    0x08003035   Thumb Code    12  stm32f30x_usart.o(.text)
    USART_Cmd                                0x08003041   Thumb Code    22  stm32f30x_usart.o(.text)
    USART_DirectionModeCmd                   0x08003057   Thumb Code    18  stm32f30x_usart.o(.text)
    USART_OverSampling8Cmd                   0x08003069   Thumb Code    22  stm32f30x_usart.o(.text)
    USART_OneBitMethodCmd                    0x0800307f   Thumb Code    22  stm32f30x_usart.o(.text)
    USART_MSBFirstCmd                        0x08003095   Thumb Code    22  stm32f30x_usart.o(.text)
    USART_DataInvCmd                         0x080030ab   Thumb Code    22  stm32f30x_usart.o(.text)
    USART_InvPinCmd                          0x080030c1   Thumb Code    18  stm32f30x_usart.o(.text)
    USART_SWAPPinCmd                         0x080030d3   Thumb Code    22  stm32f30x_usart.o(.text)
    USART_ReceiverTimeOutCmd                 0x080030e9   Thumb Code    22  stm32f30x_usart.o(.text)
    USART_SetReceiverTimeOut                 0x080030ff   Thumb Code    16  stm32f30x_usart.o(.text)
    USART_SetPrescaler                       0x0800310f   Thumb Code    16  stm32f30x_usart.o(.text)
    USART_STOPModeCmd                        0x0800311f   Thumb Code    22  stm32f30x_usart.o(.text)
    USART_StopModeWakeUpSourceConfig         0x08003135   Thumb Code    16  stm32f30x_usart.o(.text)
    USART_AutoBaudRateCmd                    0x08003145   Thumb Code    22  stm32f30x_usart.o(.text)
    USART_AutoBaudRateConfig                 0x0800315b   Thumb Code    16  stm32f30x_usart.o(.text)
    USART_SendData                           0x0800316b   Thumb Code     8  stm32f30x_usart.o(.text)
    USART_ReceiveData                        0x08003173   Thumb Code    10  stm32f30x_usart.o(.text)
    USART_SetAddress                         0x0800317d   Thumb Code    18  stm32f30x_usart.o(.text)
    USART_MuteModeCmd                        0x0800318f   Thumb Code    22  stm32f30x_usart.o(.text)
    USART_MuteModeWakeUpConfig               0x080031a5   Thumb Code    16  stm32f30x_usart.o(.text)
    USART_AddressDetectionConfig             0x080031b5   Thumb Code    16  stm32f30x_usart.o(.text)
    USART_LINBreakDetectLengthConfig         0x080031c5   Thumb Code    16  stm32f30x_usart.o(.text)
    USART_LINCmd                             0x080031d5   Thumb Code    22  stm32f30x_usart.o(.text)
    USART_HalfDuplexCmd                      0x080031eb   Thumb Code    22  stm32f30x_usart.o(.text)
    USART_SetGuardTime                       0x08003201   Thumb Code    16  stm32f30x_usart.o(.text)
    USART_SmartCardCmd                       0x08003211   Thumb Code    22  stm32f30x_usart.o(.text)
    USART_SmartCardNACKCmd                   0x08003227   Thumb Code    22  stm32f30x_usart.o(.text)
    USART_SetAutoRetryCount                  0x0800323d   Thumb Code    18  stm32f30x_usart.o(.text)
    USART_SetBlockLength                     0x0800324f   Thumb Code    18  stm32f30x_usart.o(.text)
    USART_IrDAConfig                         0x08003261   Thumb Code    16  stm32f30x_usart.o(.text)
    USART_IrDACmd                            0x08003271   Thumb Code    44  stm32f30x_usart.o(.text)
    USART_DECmd                              0x0800329d   Thumb Code    22  stm32f30x_usart.o(.text)
    USART_DEPolarityConfig                   0x080032b3   Thumb Code    16  stm32f30x_usart.o(.text)
    USART_SetDEAssertionTime                 0x080032c3   Thumb Code    18  stm32f30x_usart.o(.text)
    USART_SetDEDeassertionTime               0x080032d5   Thumb Code    18  stm32f30x_usart.o(.text)
    USART_DMACmd                             0x080032e7   Thumb Code    18  stm32f30x_usart.o(.text)
    USART_DMAReceptionErrorConfig            0x080032f9   Thumb Code    16  stm32f30x_usart.o(.text)
    USART_ITConfig                           0x08003309   Thumb Code    58  stm32f30x_usart.o(.text)
    USART_RequestCmd                         0x08003343   Thumb Code    18  stm32f30x_usart.o(.text)
    USART_OverrunDetectionConfig             0x08003355   Thumb Code    16  stm32f30x_usart.o(.text)
    USART_GetFlagStatus                      0x08003365   Thumb Code    18  stm32f30x_usart.o(.text)
    USART_ClearFlag                          0x08003377   Thumb Code     4  stm32f30x_usart.o(.text)
    USART_GetITStatus                        0x0800337b   Thumb Code    74  stm32f30x_usart.o(.text)
    USART_ClearITPendingBit                  0x080033c5   Thumb Code    18  stm32f30x_usart.o(.text)
    SystemInit                               0x08003493   Thumb Code   112  system_stm32f30x.o(.text)
    SystemCoreClockUpdate                    0x08003503   Thumb Code   138  system_stm32f30x.o(.text)
    ECUA_HMI_Init                            0x080035ed   Thumb Code     8  ecua_hmi.o(.text)
    ECUA_HMI_LedSwitch                       0x080035f5   Thumb Code    28  ecua_hmi.o(.text)
    ECUA_Serial_Init                         0x080036d9   Thumb Code    12  ecua_serialcomm.o(.text)
    ECUA_Serial_Write                        0x080036e5   Thumb Code    58  ecua_serialcomm.o(.text)
    arm_sqrt_q31                             0x080037b7   Thumb Code   542  arm_sqrt_q31.o(.text)
    arm_cfft_radix4_init_q15                 0x080039d9   Thumb Code   112  arm_cfft_radix4_init_q15.o(.text)
    arm_rfft_init_q15                        0x08003a61   Thumb Code   110  arm_rfft_init_q15.o(.text)
    arm_split_rfft_q15                       0x08003ad5   Thumb Code   182  arm_rfft_q15.o(.text)
    arm_split_rifft_q15                      0x08003b8b   Thumb Code    88  arm_rfft_q15.o(.text)
    arm_rfft_q15                             0x08003be3   Thumb Code   364  arm_rfft_q15.o(.text)
    arm_bitreversal_q15                      0x08003d51   Thumb Code   126  arm_cfft_radix4_q15.o(.text)
    arm_radix4_butterfly_q15                 0x08003dcf   Thumb Code   586  arm_cfft_radix4_q15.o(.text)
    arm_radix4_butterfly_inverse_q15         0x08004019   Thumb Code   588  arm_cfft_radix4_q15.o(.text)
    arm_cfft_radix4_q15                      0x08004265   Thumb Code   166  arm_cfft_radix4_q15.o(.text)
    __2sprintf                               0x0800430d   Thumb Code    34  noretval__2sprintf.o(.text)
    __printf                                 0x08004335   Thumb Code   104  __printf.o(.text)
    _printf_int_dec                          0x0800439d   Thumb Code   102  _printf_dec.o(.text)
    __use_two_region_memory                  0x08004415   Thumb Code     2  heapauxi.o(.text)
    __rt_heap_escrow$2region                 0x08004417   Thumb Code     2  heapauxi.o(.text)
    __rt_heap_expand$2region                 0x08004419   Thumb Code     2  heapauxi.o(.text)
    _printf_int_common                       0x0800441b   Thumb Code   184  _printf_intcommon.o(.text)
    _printf_char_common                      0x080044df   Thumb Code    32  _printf_char_common.o(.text)
    _sputc                                   0x08004505   Thumb Code    10  _sputc.o(.text)
    __user_setup_stackheap                   0x0800450f   Thumb Code    74  sys_stackheap_outer.o(.text)
    exit                                     0x08004559   Thumb Code    12  exit.o(.text)
    __user_libspace                          0x08004565   Thumb Code     8  libspace.o(.text)
    __user_perproc_libspace                  0x08004565   Thumb Code     0  libspace.o(.text)
    __user_perthread_libspace                0x08004565   Thumb Code     0  libspace.o(.text)
    _sys_exit                                0x0800456d   Thumb Code     8  sys_exit.o(.text)
    __I$use$semihosting                      0x08004579   Thumb Code     0  use_no_semi.o(.text)
    __use_no_semihosting_swi                 0x08004579   Thumb Code     2  use_no_semi.o(.text)
    __semihosting_library_function           0x0800457b   Thumb Code     0  indicate_semi.o(.text)
    _fp_init                                 0x0800457b   Thumb Code    10  fpinit.o(x$fpl$fpinit)
    __fplib_config_fpu_vfp                   0x08004583   Thumb Code     0  fpinit.o(x$fpl$fpinit)
    __fplib_config_pureend_doubles           0x08004583   Thumb Code     0  fpinit.o(x$fpl$fpinit)
    armBitRevTable                           0x0800a584   Data        2048  arm_common_tables.o(.constdata)
    armRecipTableQ31                         0x0800ad84   Data         256  arm_common_tables.o(.constdata)
    Region$$Table$$Base                      0x0800ae84   Number         0  anon$$obj.o(Region$$Table)
    Region$$Table$$Limit                     0x0800aea4   Number         0  anon$$obj.o(Region$$Table)
    CDNVM_Memory                             0x0801ff9c   Data          16  cd_nvm.o(.ARM.__AT_0x0801FF9C)
    cpuinfo                                  0x1ffff7ac   Data          12  main.o(.ARM.__AT_0x1FFFF7AC)
    debugvararr                              0x20000004   Data           4  main.o(.data)
    iterator                                 0x20000008   Data           4  main.o(.data)
    SineArray                                0x2000000c   Data        4096  main.o(.data)
    samples                                  0x20001010   Data           4  cd_analogin.o(.data)
    elso                                     0x20001014   Data           4  cd_analogin.o(.data)
    masodik                                  0x20001018   Data           4  cd_analogin.o(.data)
    finished                                 0x2000101c   Data           1  cd_analogin.o(.data)
    flag                                     0x20001028   Data           1  stm32f30x_it.o(.data)
    SystemCoreClock                          0x20001054   Data           4  system_stm32f30x.o(.data)
    AHBPrescTable                            0x20001058   Data          16  system_stm32f30x.o(.data)
    str                                      0x20002068   Data          25  main.o(.bss)
    ADCbuf                                   0x20002082   Data        4096  cd_analogin.o(.bss)
    __libspace_start                         0x20003084   Data          96  libspace.o(.bss)
    __temporary_stack_top$libspace           0x200030e4   Data           0  libspace.o(.bss)



==============================================================================

Memory Map of the image

  Image Entry point : 0x08000189

  Load Region LR_IROM1 (Base: 0x08000000, Size: 0x0000bf0c, Max: 0x00040000, ABSOLUTE, COMPRESSED[0x0000af28])

    Execution Region ER_IROM1 (Base: 0x08000000, Size: 0x0000aea4, Max: 0x00040000, ABSOLUTE)

    Base Addr    Size         Type   Attr      Idx    E Section Name        Object

    0x08000000   0x00000188   Data   RO            3    RESET               startup_stm32f30x_arm.o
    0x08000188   0x00000008   Code   RO         1022  * !!!main             c_w.l(__main.o)
    0x08000190   0x00000034   Code   RO         1187    !!!scatter          c_w.l(__scatter.o)
    0x080001c4   0x0000005a   Code   RO         1185    !!dczerorl2         c_w.l(__dczerorl2.o)
    0x0800021e   0x00000002   PAD
    0x08000220   0x0000001c   Code   RO         1189    !!handler_zi        c_w.l(__scatter_zi.o)
    0x0800023c   0x00000000   Code   RO         1019    .ARM.Collect$$_printf_percent$$00000000  c_w.l(_printf_percent.o)
    0x0800023c   0x00000006   Code   RO         1018    .ARM.Collect$$_printf_percent$$00000009  c_w.l(_printf_d.o)
    0x08000242   0x00000004   Code   RO         1031    .ARM.Collect$$_printf_percent$$00000017  c_w.l(_printf_percent_end.o)
    0x08000246   0x00000002   Code   RO         1058    .ARM.Collect$$libinit$$00000000  c_w.l(libinit.o)
    0x08000248   0x00000004   Code   RO         1064    .ARM.Collect$$libinit$$00000001  c_w.l(libinit2.o)
    0x0800024c   0x00000000   Code   RO         1068    .ARM.Collect$$libinit$$00000008  c_w.l(libinit2.o)
    0x0800024c   0x00000000   Code   RO         1070    .ARM.Collect$$libinit$$0000000A  c_w.l(libinit2.o)
    0x0800024c   0x00000000   Code   RO         1072    .ARM.Collect$$libinit$$0000000C  c_w.l(libinit2.o)
    0x0800024c   0x00000000   Code   RO         1075    .ARM.Collect$$libinit$$0000000F  c_w.l(libinit2.o)
    0x0800024c   0x00000000   Code   RO         1077    .ARM.Collect$$libinit$$00000011  c_w.l(libinit2.o)
    0x0800024c   0x00000000   Code   RO         1079    .ARM.Collect$$libinit$$00000013  c_w.l(libinit2.o)
    0x0800024c   0x00000000   Code   RO         1081    .ARM.Collect$$libinit$$00000015  c_w.l(libinit2.o)
    0x0800024c   0x00000000   Code   RO         1083    .ARM.Collect$$libinit$$00000017  c_w.l(libinit2.o)
    0x0800024c   0x00000000   Code   RO         1085    .ARM.Collect$$libinit$$00000019  c_w.l(libinit2.o)
    0x0800024c   0x00000000   Code   RO         1087    .ARM.Collect$$libinit$$0000001B  c_w.l(libinit2.o)
    0x0800024c   0x00000000   Code   RO         1089    .ARM.Collect$$libinit$$0000001D  c_w.l(libinit2.o)
    0x0800024c   0x00000000   Code   RO         1091    .ARM.Collect$$libinit$$0000001F  c_w.l(libinit2.o)
    0x0800024c   0x00000000   Code   RO         1093    .ARM.Collect$$libinit$$00000021  c_w.l(libinit2.o)
    0x0800024c   0x00000000   Code   RO         1095    .ARM.Collect$$libinit$$00000023  c_w.l(libinit2.o)
    0x0800024c   0x00000000   Code   RO         1099    .ARM.Collect$$libinit$$0000002A  c_w.l(libinit2.o)
    0x0800024c   0x00000000   Code   RO         1101    .ARM.Collect$$libinit$$0000002C  c_w.l(libinit2.o)
    0x0800024c   0x00000000   Code   RO         1103    .ARM.Collect$$libinit$$0000002E  c_w.l(libinit2.o)
    0x0800024c   0x00000000   Code   RO         1105    .ARM.Collect$$libinit$$00000030  c_w.l(libinit2.o)
    0x0800024c   0x00000002   Code   RO         1106    .ARM.Collect$$libinit$$00000031  c_w.l(libinit2.o)
    0x0800024e   0x00000002   Code   RO         1126    .ARM.Collect$$libshutdown$$00000000  c_w.l(libshutdown.o)
    0x08000250   0x00000000   Code   RO         1140    .ARM.Collect$$libshutdown$$00000003  c_w.l(libshutdown2.o)
    0x08000250   0x00000000   Code   RO         1143    .ARM.Collect$$libshutdown$$00000006  c_w.l(libshutdown2.o)
    0x08000250   0x00000000   Code   RO         1146    .ARM.Collect$$libshutdown$$00000009  c_w.l(libshutdown2.o)
    0x08000250   0x00000000   Code   RO         1148    .ARM.Collect$$libshutdown$$0000000B  c_w.l(libshutdown2.o)
    0x08000250   0x00000000   Code   RO         1151    .ARM.Collect$$libshutdown$$0000000E  c_w.l(libshutdown2.o)
    0x08000250   0x00000002   Code   RO         1152    .ARM.Collect$$libshutdown$$0000000F  c_w.l(libshutdown2.o)
    0x08000252   0x00000000   Code   RO         1024    .ARM.Collect$$rtentry$$00000000  c_w.l(rtentry.o)
    0x08000252   0x00000000   Code   RO         1033    .ARM.Collect$$rtentry$$00000002  c_w.l(rtentry2.o)
    0x08000252   0x00000006   Code   RO         1045    .ARM.Collect$$rtentry$$00000004  c_w.l(rtentry4.o)
    0x08000258   0x00000000   Code   RO         1035    .ARM.Collect$$rtentry$$00000009  c_w.l(rtentry2.o)
    0x08000258   0x00000004   Code   RO         1036    .ARM.Collect$$rtentry$$0000000A  c_w.l(rtentry2.o)
    0x0800025c   0x00000000   Code   RO         1038    .ARM.Collect$$rtentry$$0000000C  c_w.l(rtentry2.o)
    0x0800025c   0x00000008   Code   RO         1039    .ARM.Collect$$rtentry$$0000000D  c_w.l(rtentry2.o)
    0x08000264   0x00000002   Code   RO         1062    .ARM.Collect$$rtexit$$00000000  c_w.l(rtexit.o)
    0x08000266   0x00000000   Code   RO         1108    .ARM.Collect$$rtexit$$00000002  c_w.l(rtexit2.o)
    0x08000266   0x00000004   Code   RO         1109    .ARM.Collect$$rtexit$$00000003  c_w.l(rtexit2.o)
    0x0800026a   0x00000006   Code   RO         1110    .ARM.Collect$$rtexit$$00000004  c_w.l(rtexit2.o)
    0x08000270   0x00000040   Code   RO            4    .text               startup_stm32f30x_arm.o
    0x080002b0   0x000001a0   Code   RO           12    .text               main.o
    0x08000450   0x00000268   Code   RO          159    .text               cd_analogin.o
    0x080006b8   0x0000003c   Code   RO          194    .text               cd_delay.o
    0x080006f4   0x00000058   Code   RO          308    .text               cd_timebase.o
    0x0800074c   0x00000150   Code   RO          331    .text               cd_complementerout.o
    0x0800089c   0x000000ac   Code   RO          357    .text               stm32f30x_it.o
    0x08000948   0x0000084c   Code   RO          380    .text               stm32f30x_adc.o
    0x08001194   0x00000250   Code   RO          429    .text               stm32f30x_dma.o
    0x080013e4   0x00000264   Code   RO          452    .text               stm32f30x_exti.o
    0x08001648   0x000001f4   Code   RO          475    .text               stm32f30x_gpio.o
    0x0800183c   0x000000dc   Code   RO          521    .text               stm32f30x_misc.o
    0x08001918   0x00000808   Code   RO          567    .text               stm32f30x_rcc.o
    0x08002120   0x00000d7c   Code   RO          635    .text               stm32f30x_tim.o
    0x08002e9c   0x0000053a   Code   RO          658    .text               stm32f30x_usart.o
    0x080033d6   0x00000002   PAD
    0x080033d8   0x000001dc   Code   RO          704    .text               system_stm32f30x.o
    0x080035b4   0x00000060   Code   RO          737    .text               ecua_hmi.o
    0x08003614   0x00000118   Code   RO          760    .text               ecua_serialcomm.o
    0x0800372c   0x000002ac   Code   RO          829    .text               arm_cortexM4lf_math.lib(arm_sqrt_q31.o)
    0x080039d8   0x00000088   Code   RO          878    .text               arm_cortexM4lf_math.lib(arm_cfft_radix4_init_q15.o)
    0x08003a60   0x00000074   Code   RO          907    .text               arm_cortexM4lf_math.lib(arm_rfft_init_q15.o)
    0x08003ad4   0x0000027a   Code   RO          929    .text               arm_cortexM4lf_math.lib(arm_rfft_q15.o)
    0x08003d4e   0x00000002   PAD
    0x08003d50   0x000005ba   Code   RO          950    .text               arm_cortexM4lf_math.lib(arm_cfft_radix4_q15.o)
    0x0800430a   0x00000002   PAD
    0x0800430c   0x00000028   Code   RO          992    .text               c_w.l(noretval__2sprintf.o)
    0x08004334   0x00000068   Code   RO          994    .text               c_w.l(__printf.o)
    0x0800439c   0x00000078   Code   RO          996    .text               c_w.l(_printf_dec.o)
    0x08004414   0x00000006   Code   RO         1020    .text               c_w.l(heapauxi.o)
    0x0800441a   0x000000b8   Code   RO         1025    .text               c_w.l(_printf_intcommon.o)
    0x080044d2   0x00000002   PAD
    0x080044d4   0x00000030   Code   RO         1027    .text               c_w.l(_printf_char_common.o)
    0x08004504   0x0000000a   Code   RO         1029    .text               c_w.l(_sputc.o)
    0x0800450e   0x0000004a   Code   RO         1049    .text               c_w.l(sys_stackheap_outer.o)
    0x08004558   0x0000000c   Code   RO         1051    .text               c_w.l(exit.o)
    0x08004564   0x00000008   Code   RO         1059    .text               c_w.l(libspace.o)
    0x0800456c   0x0000000c   Code   RO         1118    .text               c_w.l(sys_exit.o)
    0x08004578   0x00000002   Code   RO         1129    .text               c_w.l(use_no_semi.o)
    0x0800457a   0x00000000   Code   RO         1131    .text               c_w.l(indicate_semi.o)
    0x0800457a   0x0000000a   Code   RO         1116    x$fpl$fpinit        fz_wm.l(fpinit.o)
    0x08004584   0x00004000   Data   RO          879    .constdata          arm_cortexM4lf_math.lib(arm_cfft_radix4_init_q15.o)
    0x08008584   0x00002000   Data   RO          908    .constdata          arm_cortexM4lf_math.lib(arm_rfft_init_q15.o)
    0x0800a584   0x00000800   Data   RO          971    .constdata          arm_cortexM4lf_math.lib(arm_common_tables.o)
    0x0800ad84   0x00000100   Data   RO          973    .constdata          arm_cortexM4lf_math.lib(arm_common_tables.o)
    0x0800ae84   0x00000020   Data   RO         1183    Region$$Table       anon$$obj.o


    Execution Region RW_IRAM1 (Base: 0x20000000, Size: 0x000036e8, Max: 0x0000a000, ABSOLUTE, COMPRESSED[0x00000084])

    Base Addr    Size         Type   Attr      Idx    E Section Name        Object

    0x20000000   0x0000100e   Data   RW           15    .data               main.o
    0x2000100e   0x00000002   PAD
    0x20001010   0x0000000d   Data   RW          161    .data               cd_analogin.o
    0x2000101d   0x00000003   PAD
    0x20001020   0x00000004   Data   RW          195    .data               cd_delay.o
    0x20001024   0x00000005   Data   RW          358    .data               stm32f30x_it.o
    0x20001029   0x00000001   PAD
    0x2000102a   0x0000002a   Data   RW          568    .data               stm32f30x_rcc.o
    0x20001054   0x00000014   Data   RW          705    .data               system_stm32f30x.o
    0x20001068   0x00001019   Zero   RW           14    .bss                main.o
    0x20002081   0x00000001   PAD
    0x20002082   0x00001000   Zero   RW          160    .bss                cd_analogin.o
    0x20003082   0x00000002   PAD
    0x20003084   0x00000060   Zero   RW         1060    .bss                c_w.l(libspace.o)
    0x200030e4   0x00000004   PAD
    0x200030e8   0x00000200   Zero   RW            2    HEAP                startup_stm32f30x_arm.o
    0x200032e8   0x00000400   Zero   RW            1    STACK               startup_stm32f30x_arm.o



  Load Region LR$$.ARM.__AT_0x0801FF9C (Base: 0x0801ff9c, Size: 0x00000000, Max: 0x00000010, ABSOLUTE)

    Execution Region ER$$.ARM.__AT_0x0801FF9C (Base: 0x0801ff9c, Size: 0x00000010, Max: 0x00000010, ABSOLUTE, UNINIT)

    Base Addr    Size         Type   Attr      Idx    E Section Name        Object

    0x0801ff9c   0x00000010   Zero   RW          283    .ARM.__AT_0x0801FF9C  cd_nvm.o



  Load Region LR$$.ARM.__AT_0x1FFFF7AC (Base: 0x1ffff7ac, Size: 0x00000000, Max: 0x0000000c, ABSOLUTE)

    Execution Region ER$$.ARM.__AT_0x1FFFF7AC (Base: 0x1ffff7ac, Size: 0x0000000c, Max: 0x0000000c, ABSOLUTE, UNINIT)

    Base Addr    Size         Type   Attr      Idx    E Section Name        Object

    0x1ffff7ac   0x0000000c   Zero   RW           13    .ARM.__AT_0x1FFFF7AC  main.o


==============================================================================

Image component sizes


      Code (inc. data)   RO Data    RW Data    ZI Data      Debug   Object Name

       616         28          0         13       4096      29592   cd_analogin.o
       336         12          0          0          0        998   cd_complementerout.o
        60          4          0          4          0       1313   cd_delay.o
         0          0          0          0         16        743   cd_nvm.o
        88         10          0          0          0        691   cd_timebase.o
         0          0          0          0          0        632   cd_uniqueid.o
        96          4          0          0          0       1267   ecua_hmi.o
       280         14          0          0          0       1453   ecua_serialcomm.o
       416         52          0       4110       4133     304222   main.o
        64         26        392          0       1536        864   startup_stm32f30x_arm.o
      2124         56          0          0          0      46506   stm32f30x_adc.o
       592          8          0          0          0      14122   stm32f30x_dma.o
       612          6          0          0          0       5367   stm32f30x_exti.o
       500         22          0          0          0       8505   stm32f30x_gpio.o
       172         26          0          5          0       2748   stm32f30x_it.o
       220         20          0          0          0       3665   stm32f30x_misc.o
      2056         68          0         42          0      10061   stm32f30x_rcc.o
      3452         68          0          0          0      51867   stm32f30x_tim.o
      1338         22          0          0          0      21834   stm32f30x_usart.o
       476         40          0         20          0       1919   system_stm32f30x.o

    ----------------------------------------------------------------------
     13500        486        424       4200       9784     508369   Object Totals
         0          0         32          0          0          0   (incl. Generated)
         2          0          0          6          3          0   (incl. Padding)

    ----------------------------------------------------------------------

      Code (inc. data)   RO Data    RW Data    ZI Data      Debug   Library Member Name

       136         24      16384          0          0      12275   arm_cfft_radix4_init_q15.o
      1466          0          0          0          0       4746   arm_cfft_radix4_q15.o
         0          0       2304          0          0        611   arm_common_tables.o
       116          6       8192          0          0       1344   arm_rfft_init_q15.o
       634          0          0          0          0       3520   arm_rfft_q15.o
       684          4          0          0          0      14823   arm_sqrt_q31.o
        90          0          0          0          0          0   __dczerorl2.o
         8          0          0          0          0         68   __main.o
       104          0          0          0          0         84   __printf.o
        52          8          0          0          0          0   __scatter.o
        28          0          0          0          0          0   __scatter_zi.o
        48          6          0          0          0         96   _printf_char_common.o
         6          0          0          0          0          0   _printf_d.o
       120         18          0          0          0         92   _printf_dec.o
       184          0          0          0          0         88   _printf_intcommon.o
         0          0          0          0          0          0   _printf_percent.o
         4          0          0          0          0          0   _printf_percent_end.o
        10          0          0          0          0         68   _sputc.o
        12          0          0          0          0         72   exit.o
         6          0          0          0          0        152   heapauxi.o
         0          0          0          0          0          0   indicate_semi.o
         2          0          0          0          0          0   libinit.o
         6          0          0          0          0          0   libinit2.o
         2          0          0          0          0          0   libshutdown.o
         2          0          0          0          0          0   libshutdown2.o
         8          4          0          0         96         68   libspace.o
        40          6          0          0          0         84   noretval__2sprintf.o
         0          0          0          0          0          0   rtentry.o
        12          0          0          0          0          0   rtentry2.o
         6          0          0          0          0          0   rtentry4.o
         2          0          0          0          0          0   rtexit.o
        10          0          0          0          0          0   rtexit2.o
        12          4          0          0          0         68   sys_exit.o
        74          0          0          0          0         80   sys_stackheap_outer.o
         2          0          0          0          0         68   use_no_semi.o
        10          0          0          0          0        116   fpinit.o

    ----------------------------------------------------------------------
      3904         80      26880          0        100      38523   Library Totals
         8          0          0          0          4          0   (incl. Padding)

    ----------------------------------------------------------------------

      Code (inc. data)   RO Data    RW Data    ZI Data      Debug   Library Name

      3036         34      26880          0          0      37319   arm_cortexM4lf_math.lib
       850         46          0          0         96       1088   c_w.l
        10          0          0          0          0        116   fz_wm.l

    ----------------------------------------------------------------------
      3904         80      26880          0        100      38523   Library Totals

    ----------------------------------------------------------------------

==============================================================================


      Code (inc. data)   RO Data    RW Data    ZI Data      Debug   

     17404        566      27304       4200       9884     542220   Grand Totals
     17404        566      27304        132       9884     542220   ELF Image Totals (compressed)
     17404        566      27304        132          0          0   ROM Totals

==============================================================================

    Total RO  Size (Code + RO Data)                44708 (  43.66kB)
    Total RW  Size (RW Data + ZI Data)             14084 (  13.75kB)
    Total ROM Size (Code + RO Data + RW Data)      44840 (  43.79kB)

==============================================================================

