ARM Linker, 5.03 [Build 76] [MDK-ARM Professional][RL-ARM]

==============================================================================

Section Cross References

    startup_stm32f30x_arm.o(STACK) refers (Special) to heapauxi.o(.text) for __use_two_region_memory
    startup_stm32f30x_arm.o(HEAP) refers (Special) to heapauxi.o(.text) for __use_two_region_memory
    startup_stm32f30x_arm.o(RESET) refers (Special) to heapauxi.o(.text) for __use_two_region_memory
    startup_stm32f30x_arm.o(RESET) refers to startup_stm32f30x_arm.o(STACK) for __initial_sp
    startup_stm32f30x_arm.o(RESET) refers to startup_stm32f30x_arm.o(.text) for Reset_Handler
    startup_stm32f30x_arm.o(RESET) refers to stm32f30x_it.o(.text) for NMI_Handler
    startup_stm32f30x_arm.o(RESET) refers to cd_analogin.o(.text) for DMA2_Channel1_IRQHandler
    startup_stm32f30x_arm.o(.text) refers (Special) to heapauxi.o(.text) for __use_two_region_memory
    startup_stm32f30x_arm.o(.text) refers to system_stm32f30x.o(.text) for SystemInit
    startup_stm32f30x_arm.o(.text) refers to __main.o(!!!main) for __main
    startup_stm32f30x_arm.o(.text) refers to startup_stm32f30x_arm.o(HEAP) for Heap_Mem
    startup_stm32f30x_arm.o(.text) refers to startup_stm32f30x_arm.o(STACK) for Stack_Mem
    main.o(.text) refers to cd_analogin.o(.text) for CD_AnalogIn_Init
    main.o(.text) refers to ecua_hmi.o(.text) for ECUA_HMI_Init
    main.o(.text) refers to ecua_serialcomm.o(.text) for ECUA_Serial_Init
    main.o(.text) refers to ecua_vga.o(.text) for ECUA_VGainAmp_Init
    main.o(.text) refers to cd_delay.o(.text) for Delay_us
    main.o(.text) refers to system_stm32f30x.o(.data) for SystemCoreClock
    cd_analogin.o(.text) refers to stm32f30x_adc.o(.text) for ADC_VoltageRegulatorCmd
    cd_analogin.o(.text) refers to cd_delay.o(.text) for Delay_us
    cd_analogin.o(.text) refers to stm32f30x_rcc.o(.text) for RCC_AHBPeriphClockCmd
    cd_analogin.o(.text) refers to stm32f30x_dma.o(.text) for DMA_DeInit
    cd_analogin.o(.text) refers to stm32f30x_gpio.o(.text) for GPIO_StructInit
    cd_analogin.o(.text) refers to cd_analogin.o(.bss) for ADCbuf
    cd_delay.o(.text) refers to cd_delay.o(.data) for CDDELAY_ActVal
    cd_opamp.o(.text) refers to stm32f30x_rcc.o(.text) for RCC_APB2PeriphClockCmd
    cd_opamp.o(.text) refers to stm32f30x_gpio.o(.text) for GPIO_Init
    cd_opamp.o(.text) refers to stm32f30x_opamp.o(.text) for OPAMP_Init
    cd_analogout.o(.text) refers to stm32f30x_rcc.o(.text) for RCC_AHBPeriphClockCmd
    cd_analogout.o(.text) refers to stm32f30x_dma.o(.text) for DMA_DeInit
    cd_analogout.o(.text) refers to stm32f30x_gpio.o(.text) for GPIO_Init
    cd_analogout.o(.text) refers to stm32f30x_dac.o(.text) for DAC_Init
    cd_analogout.o(.text) refers to stm32f30x_tim.o(.text) for TIM_TimeBaseStructInit
    cd_analogout.o(.text) refers to cd_analogout.o(.constdata) for SineNew
    cd_nvm.o(.text) refers to stm32f30x_flash.o(.text) for FLASH_Unlock
    stm32f30x_it.o(.text) refers to cd_delay.o(.text) for Delay_us_DEC
    stm32f30x_it.o(.text) refers to stm32f30x_exti.o(.text) for EXTI_ClearITPendingBit
    stm32f30x_it.o(.text) refers to stm32f30x_dac.o(.text) for DAC_Cmd
    stm32f30x_it.o(.text) refers to stm32f30x_dma.o(.text) for DMA_Cmd
    stm32f30x_it.o(.text) refers to stm32f30x_it.o(.data) for alma
    stm32f30x_adc.o(.text) refers to stm32f30x_rcc.o(.text) for RCC_AHBPeriphResetCmd
    stm32f30x_dac.o(.text) refers to stm32f30x_rcc.o(.text) for RCC_APB1PeriphResetCmd
    stm32f30x_gpio.o(.text) refers to stm32f30x_rcc.o(.text) for RCC_AHBPeriphResetCmd
    stm32f30x_i2c.o(.text) refers to stm32f30x_rcc.o(.text) for RCC_APB1PeriphResetCmd
    stm32f30x_rcc.o(.text) refers to stm32f30x_rcc.o(.data) for APBAHBPrescTable
    stm32f30x_spi.o(.text) refers to stm32f30x_rcc.o(.text) for RCC_APB2PeriphResetCmd
    stm32f30x_tim.o(.text) refers to stm32f30x_rcc.o(.text) for RCC_APB2PeriphResetCmd
    stm32f30x_usart.o(.text) refers to stm32f30x_rcc.o(.text) for RCC_APB2PeriphResetCmd
    system_stm32f30x.o(.text) refers to system_stm32f30x.o(.data) for SystemCoreClock
    ecua_hmi.o(.text) refers to stm32f30x_rcc.o(.text) for RCC_AHBPeriphClockCmd
    ecua_hmi.o(.text) refers to stm32f30x_gpio.o(.text) for GPIO_Init
    ecua_serialcomm.o(.text) refers to stm32f30x_rcc.o(.text) for RCC_AHBPeriphClockCmd
    ecua_serialcomm.o(.text) refers to stm32f30x_gpio.o(.text) for GPIO_Init
    ecua_serialcomm.o(.text) refers to stm32f30x_usart.o(.text) for USART_Init
    ecua_serialcomm.o(.text) refers to stm32f30x_misc.o(.text) for NVIC_PriorityGroupConfig
    ecua_currenttr.o(.text) refers to stm32f30x_rcc.o(.text) for RCC_APB2PeriphClockCmd
    ecua_currenttr.o(.text) refers to stm32f30x_gpio.o(.text) for GPIO_Init
    ecua_currenttr.o(.text) refers to stm32f30x_syscfg.o(.text) for SYSCFG_EXTILineConfig
    ecua_currenttr.o(.text) refers to stm32f30x_exti.o(.text) for EXTI_Init
[...]
    rtentry.o(.ARM.Collect$$rtentry$$00000000) refers (Special) to rtentry2.o(.ARM.Collect$$rtentry$$0000000D) for __rt_entry_main
    rtentry.o(.ARM.Collect$$rtentry$$00000000) refers (Special) to rtentry2.o(.ARM.Collect$$rtentry$$0000000C) for __rt_entry_postli_1
    rtentry.o(.ARM.Collect$$rtentry$$00000000) refers (Special) to rtentry2.o(.ARM.Collect$$rtentry$$00000009) for __rt_entry_postsh_1
    rtentry.o(.ARM.Collect$$rtentry$$00000000) refers (Special) to rtentry2.o(.ARM.Collect$$rtentry$$00000002) for __rt_entry_presh_1
    rtentry.o(.ARM.Collect$$rtentry$$00000000) refers (Special) to rtentry4.o(.ARM.Collect$$rtentry$$00000004) for __rt_entry_sh
    rtentry2.o(.ARM.Collect$$rtentry$$00000008) refers to boardinit2.o(.text) for _platform_post_stackheap_init
    rtentry2.o(.ARM.Collect$$rtentry$$0000000A) refers to libinit.o(.ARM.Collect$$libinit$$00000000) for __rt_lib_init
    rtentry2.o(.ARM.Collect$$rtentry$$0000000B) refers to boardinit3.o(.text) for _platform_post_lib_init
    rtentry2.o(.ARM.Collect$$rtentry$$0000000D) refers to main.o(.text) for main
    rtentry2.o(.ARM.Collect$$rtentry$$0000000D) refers to exit.o(.text) for exit
    rtentry2.o(.ARM.exidx) refers to rtentry2.o(.ARM.Collect$$rtentry$$00000001) for .ARM.Collect$$rtentry$$00000001
    rtentry2.o(.ARM.exidx) refers to rtentry2.o(.ARM.Collect$$rtentry$$00000008) for .ARM.Collect$$rtentry$$00000008
    rtentry2.o(.ARM.exidx) refers to rtentry2.o(.ARM.Collect$$rtentry$$0000000A) for .ARM.Collect$$rtentry$$0000000A
    rtentry2.o(.ARM.exidx) refers to rtentry2.o(.ARM.Collect$$rtentry$$0000000B) for .ARM.Collect$$rtentry$$0000000B
    rtentry2.o(.ARM.exidx) refers to rtentry2.o(.ARM.Collect$$rtentry$$0000000D) for .ARM.Collect$$rtentry$$0000000D
    rtentry4.o(.ARM.Collect$$rtentry$$00000004) refers to sys_stackheap_outer.o(.text) for __user_setup_stackheap
    rtentry4.o(.ARM.exidx) refers to rtentry4.o(.ARM.Collect$$rtentry$$00000004) for .ARM.Collect$$rtentry$$00000004
    sys_stackheap_outer.o(.text) refers to libspace.o(.text) for __user_perproc_libspace
    sys_stackheap_outer.o(.text) refers to startup_stm32f30x_arm.o(.text) for __user_initial_stackheap
    exit.o(.text) refers to rtexit.o(.ARM.Collect$$rtexit$$00000000) for __rt_exit
    libinit.o(.ARM.Collect$$libinit$$00000000) refers (Special) to libinit2.o(.ARM.Collect$$libinit$$0000002C) for __rt_lib_init_alloca_1
    libinit.o(.ARM.Collect$$libinit$$00000000) refers (Special) to libinit2.o(.ARM.Collect$$libinit$$0000002A) for __rt_lib_init_argv_1
    libinit.o(.ARM.Collect$$libinit$$00000000) refers (Special) to libinit2.o(.ARM.Collect$$libinit$$00000019) for __rt_lib_init_atexit_1
    libinit.o(.ARM.Collect$$libinit$$00000000) refers (Special) to libinit2.o(.ARM.Collect$$libinit$$0000001F) for __rt_lib_init_clock_1
    libinit.o(.ARM.Collect$$libinit$$00000000) refers (Special) to libinit2.o(.ARM.Collect$$libinit$$00000030) for __rt_lib_init_cpp_1
    libinit.o(.ARM.Collect$$libinit$$00000000) refers (Special) to libinit2.o(.ARM.Collect$$libinit$$0000002E) for __rt_lib_init_exceptions_1
    libinit.o(.ARM.Collect$$libinit$$00000000) refers (Special) to libinit2.o(.ARM.Collect$$libinit$$00000001) for __rt_lib_init_fp_1
    libinit.o(.ARM.Collect$$libinit$$00000000) refers (Special) to libinit2.o(.ARM.Collect$$libinit$$0000001D) for __rt_lib_init_fp_trap_1
    libinit.o(.ARM.Collect$$libinit$$00000000) refers (Special) to libinit2.o(.ARM.Collect$$libinit$$00000021) for __rt_lib_init_getenv_1
    libinit.o(.ARM.Collect$$libinit$$00000000) refers (Special) to libinit2.o(.ARM.Collect$$libinit$$00000008) for __rt_lib_init_heap_1
    libinit.o(.ARM.Collect$$libinit$$00000000) refers (Special) to libinit2.o(.ARM.Collect$$libinit$$0000000F) for __rt_lib_init_lc_collate_1
    libinit.o(.ARM.Collect$$libinit$$00000000) refers (Special) to libinit2.o(.ARM.Collect$$libinit$$00000011) for __rt_lib_init_lc_ctype_1
    libinit.o(.ARM.Collect$$libinit$$00000000) refers (Special) to libinit2.o(.ARM.Collect$$libinit$$00000013) for __rt_lib_init_lc_monetary_1
    libinit.o(.ARM.Collect$$libinit$$00000000) refers (Special) to libinit2.o(.ARM.Collect$$libinit$$00000015) for __rt_lib_init_lc_numeric_1
    libinit.o(.ARM.Collect$$libinit$$00000000) refers (Special) to libinit2.o(.ARM.Collect$$libinit$$00000017) for __rt_lib_init_lc_time_1
    libinit.o(.ARM.Collect$$libinit$$00000000) refers (Special) to libinit2.o(.ARM.Collect$$libinit$$0000000C) for __rt_lib_init_rand_1
    libinit.o(.ARM.Collect$$libinit$$00000000) refers (Special) to libinit2.o(.ARM.Collect$$libinit$$00000031) for __rt_lib_init_return
    libinit.o(.ARM.Collect$$libinit$$00000000) refers (Special) to libinit2.o(.ARM.Collect$$libinit$$0000001B) for __rt_lib_init_signal_1
    libinit.o(.ARM.Collect$$libinit$$00000000) refers (Special) to libinit2.o(.ARM.Collect$$libinit$$00000023) for __rt_lib_init_stdio_1
    libinit.o(.ARM.Collect$$libinit$$00000000) refers (Special) to libinit2.o(.ARM.Collect$$libinit$$0000000A) for __rt_lib_init_user_alloc_1
    libspace.o(.text) refers to libspace.o(.bss) for __libspace_start
    rtexit.o(.ARM.Collect$$rtexit$$00000000) refers (Special) to rtexit2.o(.ARM.Collect$$rtexit$$00000004) for __rt_exit_exit
    rtexit.o(.ARM.Collect$$rtexit$$00000000) refers (Special) to rtexit2.o(.ARM.Collect$$rtexit$$00000003) for __rt_exit_ls
    rtexit.o(.ARM.Collect$$rtexit$$00000000) refers (Special) to rtexit2.o(.ARM.Collect$$rtexit$$00000002) for __rt_exit_prels_1
    rtexit.o(.ARM.exidx) refers (Special) to rtexit2.o(.ARM.Collect$$rtexit$$00000004) for __rt_exit_exit
    rtexit.o(.ARM.exidx) refers (Special) to rtexit2.o(.ARM.Collect$$rtexit$$00000003) for __rt_exit_ls
    rtexit.o(.ARM.exidx) refers (Special) to rtexit2.o(.ARM.Collect$$rtexit$$00000002) for __rt_exit_prels_1
    rtexit.o(.ARM.exidx) refers to rtexit.o(.ARM.Collect$$rtexit$$00000000) for .ARM.Collect$$rtexit$$00000000
    libinit2.o(.ARM.Collect$$libinit$$00000001) refers to fpinit.o(x$fpl$fpinit) for _fp_init
    libinit2.o(.ARM.Collect$$libinit$$0000000E) refers to libinit2.o(.ARM.Collect$$libinit$$0000000D) for .ARM.Collect$$libinit$$0000000D
    libinit2.o(.ARM.Collect$$libinit$$00000010) refers to libinit2.o(.ARM.Collect$$libinit$$0000000D) for .ARM.Collect$$libinit$$0000000D
    libinit2.o(.ARM.Collect$$libinit$$00000012) refers to libinit2.o(.ARM.Collect$$libinit$$0000000D) for .ARM.Collect$$libinit$$0000000D
    libinit2.o(.ARM.Collect$$libinit$$00000014) refers to libinit2.o(.ARM.Collect$$libinit$$0000000D) for .ARM.Collect$$libinit$$0000000D
    libinit2.o(.ARM.Collect$$libinit$$00000016) refers to libinit2.o(.ARM.Collect$$libinit$$0000000D) for .ARM.Collect$$libinit$$0000000D
    libinit2.o(.ARM.Collect$$libinit$$00000024) refers to argv_veneer.o(.emb_text) for __ARM_argv_veneer
    libinit2.o(.ARM.Collect$$libinit$$00000025) refers to argv_veneer.o(.emb_text) for __ARM_argv_veneer
    rtexit2.o(.ARM.Collect$$rtexit$$00000003) refers to libshutdown.o(.ARM.Collect$$libshutdown$$00000000) for __rt_lib_shutdown
    rtexit2.o(.ARM.Collect$$rtexit$$00000004) refers to sys_exit.o(.text) for _sys_exit
    rtexit2.o(.ARM.exidx) refers to rtexit2.o(.ARM.Collect$$rtexit$$00000001) for .ARM.Collect$$rtexit$$00000001
    rtexit2.o(.ARM.exidx) refers to rtexit2.o(.ARM.Collect$$rtexit$$00000003) for .ARM.Collect$$rtexit$$00000003
    rtexit2.o(.ARM.exidx) refers to rtexit2.o(.ARM.Collect$$rtexit$$00000004) for .ARM.Collect$$rtexit$$00000004
    argv_veneer.o(.emb_text) refers to no_argv.o(.text) for __ARM_get_argv
    sys_exit.o(.text) refers (Special) to use_no_semi.o(.text) for __I$use$semihosting
    sys_exit.o(.text) refers (Special) to indicate_semi.o(.text) for __semihosting_library_function
    _get_argv_nomalloc.o(.text) refers (Special) to hrguard.o(.text) for __heap_region$guard
    _get_argv_nomalloc.o(.text) refers to defsig_rtmem_outer.o(.text) for __rt_SIGRTMEM
    _get_argv_nomalloc.o(.text) refers to sys_command.o(.text) for _sys_command_string
    libshutdown.o(.ARM.Collect$$libshutdown$$00000000) refers (Special) to libshutdown2.o(.ARM.Collect$$libshutdown$$00000006) for __rt_lib_shutdown_fp_trap_1
    libshutdown.o(.ARM.Collect$$libshutdown$$00000000) refers (Special) to libshutdown2.o(.ARM.Collect$$libshutdown$$0000000E) for __rt_lib_shutdown_heap_1
    libshutdown.o(.ARM.Collect$$libshutdown$$00000000) refers (Special) to libshutdown2.o(.ARM.Collect$$libshutdown$$0000000F) for __rt_lib_shutdown_return
    libshutdown.o(.ARM.Collect$$libshutdown$$00000000) refers (Special) to libshutdown2.o(.ARM.Collect$$libshutdown$$00000009) for __rt_lib_shutdown_signal_1
    libshutdown.o(.ARM.Collect$$libshutdown$$00000000) refers (Special) to libshutdown2.o(.ARM.Collect$$libshutdown$$00000003) for __rt_lib_shutdown_stdio_1
    libshutdown.o(.ARM.Collect$$libshutdown$$00000000) refers (Special) to libshutdown2.o(.ARM.Collect$$libshutdown$$0000000B) for __rt_lib_shutdown_user_alloc_1
    sys_command.o(.text) refers (Special) to use_no_semi.o(.text) for __I$use$semihosting
    sys_command.o(.text) refers (Special) to indicate_semi.o(.text) for __semihosting_library_function
    defsig_rtmem_outer.o(.text) refers to defsig_rtmem_inner.o(.text) for __rt_SIGRTMEM_inner
    defsig_rtmem_outer.o(.text) refers to defsig_exit.o(.text) for __sig_exit
    defsig_rtmem_formal.o(.text) refers to rt_raise.o(.text) for __rt_raise
    rt_raise.o(.text) refers to __raise.o(.text) for __raise
    rt_raise.o(.text) refers to sys_exit.o(.text) for _sys_exit
    defsig_exit.o(.text) refers to sys_exit.o(.text) for _sys_exit
    defsig_rtmem_inner.o(.text) refers to defsig_general.o(.text) for __default_signal_display
    __raise.o(.text) refers to defsig.o(CL$$defsig) for __default_signal_handler
    defsig_general.o(.text) refers to sys_wrch.o(.text) for _ttywrch
    sys_wrch.o(.text) refers (Special) to use_no_semi.o(.text) for __I$use$semihosting
    sys_wrch.o(.text) refers (Special) to indicate_semi.o(.text) for __semihosting_library_function
    defsig.o(CL$$defsig) refers to defsig_rtmem_inner.o(.text) for __rt_SIGRTMEM_inner
    defsig_abrt_inner.o(.text) refers to defsig_general.o(.text) for __default_signal_display
    defsig_fpe_inner.o(.text) refers to defsig_general.o(.text) for __default_signal_display
    defsig_rtred_inner.o(.text) refers to defsig_general.o(.text) for __default_signal_display
    defsig_stak_inner.o(.text) refers to defsig_general.o(.text) for __default_signal_display
    defsig_pvfn_inner.o(.text) refers to defsig_general.o(.text) for __default_signal_display
    defsig_cppl_inner.o(.text) refers to defsig_general.o(.text) for __default_signal_display
    defsig_segv_inner.o(.text) refers to defsig_general.o(.text) for __default_signal_display
    defsig_other.o(.text) refers to defsig_general.o(.text) for __default_signal_display


==============================================================================

Removing Unused input sections from the image.

    Removing main.o(.rev16_text), (4 bytes).
    Removing main.o(.revsh_text), (4 bytes).
    Removing cd_analogin.o(.rev16_text), (4 bytes).
    Removing cd_analogin.o(.revsh_text), (4 bytes).
    Removing cd_opamp.o(.rev16_text), (4 bytes).
    Removing cd_opamp.o(.revsh_text), (4 bytes).
    Removing cd_opamp.o(.text), (74 bytes).
    Removing cd_analogout.o(.rev16_text), (4 bytes).
    Removing cd_analogout.o(.revsh_text), (4 bytes).
    Removing cd_analogout.o(.text), (328 bytes).
    Removing cd_analogout.o(.constdata), (128 bytes).
    Removing cd_uniqueid.o(.text), (6 bytes).
    Removing cd_nvm.o(.rev16_text), (4 bytes).
    Removing cd_nvm.o(.revsh_text), (4 bytes).
    Removing cd_nvm.o(.text), (56 bytes).
    Removing stm32f30x_it.o(.rev16_text), (4 bytes).
    Removing stm32f30x_it.o(.revsh_text), (4 bytes).
    Removing stm32f30x_adc.o(.rev16_text), (4 bytes).
    Removing stm32f30x_adc.o(.revsh_text), (4 bytes).
    Removing stm32f30x_dac.o(.rev16_text), (4 bytes).
    Removing stm32f30x_dac.o(.revsh_text), (4 bytes).
    Removing stm32f30x_dma.o(.rev16_text), (4 bytes).
    Removing stm32f30x_dma.o(.revsh_text), (4 bytes).
    Removing stm32f30x_exti.o(.rev16_text), (4 bytes).
    Removing stm32f30x_exti.o(.revsh_text), (4 bytes).
    Removing stm32f30x_gpio.o(.rev16_text), (4 bytes).
    Removing stm32f30x_gpio.o(.revsh_text), (4 bytes).
    Removing stm32f30x_i2c.o(.rev16_text), (4 bytes).
    Removing stm32f30x_i2c.o(.revsh_text), (4 bytes).
    Removing stm32f30x_i2c.o(.text), (1008 bytes).
    Removing stm32f30x_misc.o(.rev16_text), (4 bytes).
    Removing stm32f30x_misc.o(.revsh_text), (4 bytes).
    Removing stm32f30x_opamp.o(.rev16_text), (4 bytes).
    Removing stm32f30x_opamp.o(.revsh_text), (4 bytes).
    Removing stm32f30x_opamp.o(.text), (448 bytes).
    Removing stm32f30x_rcc.o(.rev16_text), (4 bytes).
    Removing stm32f30x_rcc.o(.revsh_text), (4 bytes).
    Removing stm32f30x_spi.o(.rev16_text), (4 bytes).
    Removing stm32f30x_spi.o(.revsh_text), (4 bytes).
    Removing stm32f30x_syscfg.o(.rev16_text), (4 bytes).
    Removing stm32f30x_syscfg.o(.revsh_text), (4 bytes).
    Removing stm32f30x_syscfg.o(.text), (340 bytes).
    Removing stm32f30x_tim.o(.rev16_text), (4 bytes).
    Removing stm32f30x_tim.o(.revsh_text), (4 bytes).
    Removing stm32f30x_tim.o(.text), (3452 bytes).
    Removing stm32f30x_usart.o(.rev16_text), (4 bytes).
    Removing stm32f30x_usart.o(.revsh_text), (4 bytes).
    Removing stm32f30x_flash.o(.rev16_text), (4 bytes).
    Removing stm32f30x_flash.o(.revsh_text), (4 bytes).
    Removing stm32f30x_flash.o(.text), (1520 bytes).
    Removing system_stm32f30x.o(.rev16_text), (4 bytes).
    Removing system_stm32f30x.o(.revsh_text), (4 bytes).
    Removing ecua_hmi.o(.rev16_text), (4 bytes).
    Removing ecua_hmi.o(.revsh_text), (4 bytes).
    Removing ecua_serialcomm.o(.rev16_text), (4 bytes).
    Removing ecua_serialcomm.o(.revsh_text), (4 bytes).
    Removing ecua_currenttr.o(.rev16_text), (4 bytes).
    Removing ecua_currenttr.o(.revsh_text), (4 bytes).
    Removing ecua_currenttr.o(.text), (264 bytes).
    Removing ecua_vga.o(.rev16_text), (4 bytes).
    Removing ecua_vga.o(.revsh_text), (4 bytes).

61 unused section(s) (total 7824 bytes) removed from the image.

==============================================================================

Image Symbol Table

    Local Symbols

    Symbol Name                              Value     Ov Type        Size  Object(Section)

    ../clib/angel/boardlib.s                 0x00000000   Number         0  boardshut.o ABSOLUTE
    ../clib/angel/boardlib.s                 0x00000000   Number         0  boardinit1.o ABSOLUTE
    ../clib/angel/boardlib.s                 0x00000000   Number         0  boardinit3.o ABSOLUTE
    ../clib/angel/boardlib.s                 0x00000000   Number         0  boardinit2.o ABSOLUTE
    ../clib/angel/handlers.s                 0x00000000   Number         0  __scatter_zi.o ABSOLUTE
    ../clib/angel/handlers.s                 0x00000000   Number         0  __scatter_copy.o ABSOLUTE
    ../clib/angel/kernel.s                   0x00000000   Number         0  rtexit2.o ABSOLUTE
    ../clib/angel/kernel.s                   0x00000000   Number         0  rtentry.o ABSOLUTE
    ../clib/angel/kernel.s                   0x00000000   Number         0  rtentry2.o ABSOLUTE
    ../clib/angel/kernel.s                   0x00000000   Number         0  rtentry4.o ABSOLUTE
    ../clib/angel/kernel.s                   0x00000000   Number         0  rtexit.o ABSOLUTE
    ../clib/angel/rt.s                       0x00000000   Number         0  rt_raise.o ABSOLUTE
    ../clib/angel/scatter.s                  0x00000000   Number         0  __scatter.o ABSOLUTE
    ../clib/angel/startup.s                  0x00000000   Number         0  __main.o ABSOLUTE
    ../clib/angel/sys.s                      0x00000000   Number         0  indicate_semi.o ABSOLUTE
    ../clib/angel/sys.s                      0x00000000   Number         0  sys_stackheap_outer.o ABSOLUTE
    ../clib/angel/sys.s                      0x00000000   Number         0  use_no_semi.o ABSOLUTE
    ../clib/angel/sys.s                      0x00000000   Number         0  libspace.o ABSOLUTE
    ../clib/angel/sysapp.c                   0x00000000   Number         0  sys_exit.o ABSOLUTE
    ../clib/angel/sysapp.c                   0x00000000   Number         0  sys_command.o ABSOLUTE
    ../clib/angel/sysapp.c                   0x00000000   Number         0  sys_wrch.o ABSOLUTE
    ../clib/armsys.c                         0x00000000   Number         0  no_argv.o ABSOLUTE
    ../clib/armsys.c                         0x00000000   Number         0  _get_argv_nomalloc.o ABSOLUTE
    ../clib/armsys.c                         0x00000000   Number         0  argv_veneer.o ABSOLUTE
    ../clib/armsys.c                         0x00000000   Number         0  argv_veneer.o ABSOLUTE
    ../clib/heapalloc.c                      0x00000000   Number         0  hrguard.o ABSOLUTE
    ../clib/heapaux.c                        0x00000000   Number         0  heapauxi.o ABSOLUTE
    ../clib/libinit.s                        0x00000000   Number         0  libshutdown2.o ABSOLUTE
    ../clib/libinit.s                        0x00000000   Number         0  libinit.o ABSOLUTE
    ../clib/libinit.s                        0x00000000   Number         0  libshutdown.o ABSOLUTE
    ../clib/libinit.s                        0x00000000   Number         0  libinit2.o ABSOLUTE
    ../clib/signal.c                         0x00000000   Number         0  __raise.o ABSOLUTE
    ../clib/signal.c                         0x00000000   Number         0  defsig_rtmem_outer.o ABSOLUTE
    ../clib/signal.c                         0x00000000   Number         0  defsig_rtred_inner.o ABSOLUTE
    ../clib/signal.c                         0x00000000   Number         0  defsig_rtmem_inner.o ABSOLUTE
    ../clib/signal.c                         0x00000000   Number         0  defsig_exit.o ABSOLUTE
    ../clib/signal.c                         0x00000000   Number         0  defsig_abrt_inner.o ABSOLUTE
    ../clib/signal.c                         0x00000000   Number         0  defsig_fpe_inner.o ABSOLUTE
    ../clib/signal.c                         0x00000000   Number         0  defsig_stak_inner.o ABSOLUTE
    ../clib/signal.c                         0x00000000   Number         0  defsig_general.o ABSOLUTE
    ../clib/signal.c                         0x00000000   Number         0  defsig_cppl_inner.o ABSOLUTE
    ../clib/signal.c                         0x00000000   Number         0  defsig_segv_inner.o ABSOLUTE
    ../clib/signal.c                         0x00000000   Number         0  defsig_other.o ABSOLUTE
    ../clib/signal.c                         0x00000000   Number         0  defsig_rtmem_formal.o ABSOLUTE
    ../clib/signal.c                         0x00000000   Number         0  defsig_pvfn_inner.o ABSOLUTE
    ../clib/signal.s                         0x00000000   Number         0  defsig.o ABSOLUTE
    ../clib/stdlib.c                         0x00000000   Number         0  exit.o ABSOLUTE
    ../fplib/fpinit.s                        0x00000000   Number         0  fpinit.o ABSOLUTE
    ./ApplicationLayer/main.c                0x00000000   Number         0  main.o ABSOLUTE
    ./ComplexDrivers/CD_AnalogIn.c           0x00000000   Number         0  cd_analogin.o ABSOLUTE
    ./ComplexDrivers/CD_AnalogOut.c          0x00000000   Number         0  cd_analogout.o ABSOLUTE
    ./ComplexDrivers/CD_Delay.c              0x00000000   Number         0  cd_delay.o ABSOLUTE
    ./ComplexDrivers/CD_OPAMP.c              0x00000000   Number         0  cd_opamp.o ABSOLUTE
    ./InterruptDispatcher/stm32f30x_it.c     0x00000000   Number         0  stm32f30x_it.o ABSOLUTE
    ./MicrocontrollerAbsLayer/CMSIS/system_stm32f30x.c 0x00000000   Number         0  system_stm32f30x.o ABSOLUTE
    ./MicrocontrollerAbsLayer/stm32f30x_adc.c 0x00000000   Number         0  stm32f30x_adc.o ABSOLUTE
    ./MicrocontrollerAbsLayer/stm32f30x_dac.c 0x00000000   Number         0  stm32f30x_dac.o ABSOLUTE
    ./MicrocontrollerAbsLayer/stm32f30x_dma.c 0x00000000   Number         0  stm32f30x_dma.o ABSOLUTE
    ./MicrocontrollerAbsLayer/stm32f30x_exti.c 0x00000000   Number         0  stm32f30x_exti.o ABSOLUTE
    ./MicrocontrollerAbsLayer/stm32f30x_gpio.c 0x00000000   Number         0  stm32f30x_gpio.o ABSOLUTE
    ./MicrocontrollerAbsLayer/stm32f30x_i2c.c 0x00000000   Number         0  stm32f30x_i2c.o ABSOLUTE
    ./MicrocontrollerAbsLayer/stm32f30x_misc.c 0x00000000   Number         0  stm32f30x_misc.o ABSOLUTE
    ./MicrocontrollerAbsLayer/stm32f30x_opamp.c 0x00000000   Number         0  stm32f30x_opamp.o ABSOLUTE
    ./MicrocontrollerAbsLayer/stm32f30x_rcc.c 0x00000000   Number         0  stm32f30x_rcc.o ABSOLUTE
    ./MicrocontrollerAbsLayer/stm32f30x_spi.c 0x00000000   Number         0  stm32f30x_spi.o ABSOLUTE
    ./MicrocontrollerAbsLayer/stm32f30x_syscfg.c 0x00000000   Number         0  stm32f30x_syscfg.o ABSOLUTE
    ./MicrocontrollerAbsLayer/stm32f30x_tim.c 0x00000000   Number         0  stm32f30x_tim.o ABSOLUTE
    ./MicrocontrollerAbsLayer/stm32f30x_usart.c 0x00000000   Number         0  stm32f30x_usart.o ABSOLUTE
    ./Startup/startup_stm32f30x_arm.s        0x00000000   Number         0  startup_stm32f30x_arm.o ABSOLUTE
    .\ApplicationLayer\main.c                0x00000000   Number         0  main.o ABSOLUTE
    .\ComplexDrivers\CD_AnalogIn.c           0x00000000   Number         0  cd_analogin.o ABSOLUTE
    .\ComplexDrivers\CD_AnalogOut.c          0x00000000   Number         0  cd_analogout.o ABSOLUTE
    .\ComplexDrivers\CD_OPAMP.c              0x00000000   Number         0  cd_opamp.o ABSOLUTE
    .\InterruptDispatcher\stm32f30x_it.c     0x00000000   Number         0  stm32f30x_it.o ABSOLUTE
    .\MicrocontrollerAbsLayer\CMSIS\system_stm32f30x.c 0x00000000   Number         0  system_stm32f30x.o ABSOLUTE
    .\MicrocontrollerAbsLayer\stm32f30x_adc.c 0x00000000   Number         0  stm32f30x_adc.o ABSOLUTE
    .\MicrocontrollerAbsLayer\stm32f30x_dac.c 0x00000000   Number         0  stm32f30x_dac.o ABSOLUTE
    .\MicrocontrollerAbsLayer\stm32f30x_dma.c 0x00000000   Number         0  stm32f30x_dma.o ABSOLUTE
    .\MicrocontrollerAbsLayer\stm32f30x_exti.c 0x00000000   Number         0  stm32f30x_exti.o ABSOLUTE
    .\MicrocontrollerAbsLayer\stm32f30x_gpio.c 0x00000000   Number         0  stm32f30x_gpio.o ABSOLUTE
    .\MicrocontrollerAbsLayer\stm32f30x_i2c.c 0x00000000   Number         0  stm32f30x_i2c.o ABSOLUTE
    .\MicrocontrollerAbsLayer\stm32f30x_misc.c 0x00000000   Number         0  stm32f30x_misc.o ABSOLUTE
    .\MicrocontrollerAbsLayer\stm32f30x_opamp.c 0x00000000   Number         0  stm32f30x_opamp.o ABSOLUTE
    .\MicrocontrollerAbsLayer\stm32f30x_rcc.c 0x00000000   Number         0  stm32f30x_rcc.o ABSOLUTE
    .\MicrocontrollerAbsLayer\stm32f30x_spi.c 0x00000000   Number         0  stm32f30x_spi.o ABSOLUTE
    .\MicrocontrollerAbsLayer\stm32f30x_syscfg.c 0x00000000   Number         0  stm32f30x_syscfg.o ABSOLUTE
    .\MicrocontrollerAbsLayer\stm32f30x_tim.c 0x00000000   Number         0  stm32f30x_tim.o ABSOLUTE
    .\MicrocontrollerAbsLayer\stm32f30x_usart.c 0x00000000   Number         0  stm32f30x_usart.o ABSOLUTE
    ComplexDrivers\CD_NVM.c                  0x00000000   Number         0  cd_nvm.o ABSOLUTE
    ComplexDrivers\CD_UniqueID.c             0x00000000   Number         0  cd_uniqueid.o ABSOLUTE
    ComplexDrivers\\CD_NVM.c                 0x00000000   Number         0  cd_nvm.o ABSOLUTE
    ECUAbstraction\ECUA_CurrentTr.c          0x00000000   Number         0  ecua_currenttr.o ABSOLUTE
    ECUAbstraction\ECUA_HMI.c                0x00000000   Number         0  ecua_hmi.o ABSOLUTE
    ECUAbstraction\ECUA_SerialComm.c         0x00000000   Number         0  ecua_serialcomm.o ABSOLUTE
    ECUAbstraction\ECUA_VGA.c                0x00000000   Number         0  ecua_vga.o ABSOLUTE
    ECUAbstraction\\ECUA_CurrentTr.c         0x00000000   Number         0  ecua_currenttr.o ABSOLUTE
    ECUAbstraction\\ECUA_HMI.c               0x00000000   Number         0  ecua_hmi.o ABSOLUTE
    ECUAbstraction\\ECUA_SerialComm.c        0x00000000   Number         0  ecua_serialcomm.o ABSOLUTE
    ECUAbstraction\\ECUA_VGA.c               0x00000000   Number         0  ecua_vga.o ABSOLUTE
    MicrocontrollerAbsLayer\\stm32f30x_flash.c 0x00000000   Number         0  stm32f30x_flash.o ABSOLUTE
    MicrocontrollerAbsLayer\stm32f30x_flash.c 0x00000000   Number         0  stm32f30x_flash.o ABSOLUTE
    dc.s                                     0x00000000   Number         0  dc.o ABSOLUTE
    RESET                                    0x08000000   Section      392  startup_stm32f30x_arm.o(RESET)
    !!!main                                  0x08000188   Section        8  __main.o(!!!main)
    !!!scatter                               0x08000190   Section       52  __scatter.o(!!!scatter)
    !!handler_copy                           0x080001c4   Section       26  __scatter_copy.o(!!handler_copy)
    !!handler_zi                             0x080001e0   Section       28  __scatter_zi.o(!!handler_zi)
    .ARM.Collect$$libinit$$00000000          0x080001fc   Section        2  libinit.o(.ARM.Collect$$libinit$$00000000)
    .ARM.Collect$$libinit$$00000001          0x080001fe   Section        4  libinit2.o(.ARM.Collect$$libinit$$00000001)
    .ARM.Collect$$libinit$$00000008          0x08000202   Section        0  libinit2.o(.ARM.Collect$$libinit$$00000008)
    .ARM.Collect$$libinit$$0000000A          0x08000202   Section        0  libinit2.o(.ARM.Collect$$libinit$$0000000A)
    .ARM.Collect$$libinit$$0000000C          0x08000202   Section        0  libinit2.o(.ARM.Collect$$libinit$$0000000C)
    .ARM.Collect$$libinit$$0000000F          0x08000202   Section        0  libinit2.o(.ARM.Collect$$libinit$$0000000F)
    .ARM.Collect$$libinit$$00000011          0x08000202   Section        0  libinit2.o(.ARM.Collect$$libinit$$00000011)
    .ARM.Collect$$libinit$$00000013          0x08000202   Section        0  libinit2.o(.ARM.Collect$$libinit$$00000013)
    .ARM.Collect$$libinit$$00000015          0x08000202   Section        0  libinit2.o(.ARM.Collect$$libinit$$00000015)
    .ARM.Collect$$libinit$$00000017          0x08000202   Section        0  libinit2.o(.ARM.Collect$$libinit$$00000017)
    .ARM.Collect$$libinit$$00000019          0x08000202   Section        0  libinit2.o(.ARM.Collect$$libinit$$00000019)
    .ARM.Collect$$libinit$$0000001B          0x08000202   Section        0  libinit2.o(.ARM.Collect$$libinit$$0000001B)
    .ARM.Collect$$libinit$$0000001D          0x08000202   Section        0  libinit2.o(.ARM.Collect$$libinit$$0000001D)
    .ARM.Collect$$libinit$$0000001F          0x08000202   Section        0  libinit2.o(.ARM.Collect$$libinit$$0000001F)
    .ARM.Collect$$libinit$$00000021          0x08000202   Section        0  libinit2.o(.ARM.Collect$$libinit$$00000021)
    .ARM.Collect$$libinit$$00000023          0x08000202   Section        0  libinit2.o(.ARM.Collect$$libinit$$00000023)
    .ARM.Collect$$libinit$$0000002A          0x08000202   Section        0  libinit2.o(.ARM.Collect$$libinit$$0000002A)
    .ARM.Collect$$libinit$$0000002C          0x08000202   Section        0  libinit2.o(.ARM.Collect$$libinit$$0000002C)
    .ARM.Collect$$libinit$$0000002E          0x08000202   Section        0  libinit2.o(.ARM.Collect$$libinit$$0000002E)
    .ARM.Collect$$libinit$$00000030          0x08000202   Section        0  libinit2.o(.ARM.Collect$$libinit$$00000030)
    .ARM.Collect$$libinit$$00000031          0x08000202   Section        2  libinit2.o(.ARM.Collect$$libinit$$00000031)
    .ARM.Collect$$libshutdown$$00000000      0x08000204   Section        2  libshutdown.o(.ARM.Collect$$libshutdown$$00000000)
    .ARM.Collect$$libshutdown$$00000003      0x08000206   Section        0  libshutdown2.o(.ARM.Collect$$libshutdown$$00000003)
    .ARM.Collect$$libshutdown$$00000006      0x08000206   Section        0  libshutdown2.o(.ARM.Collect$$libshutdown$$00000006)
    .ARM.Collect$$libshutdown$$00000009      0x08000206   Section        0  libshutdown2.o(.ARM.Collect$$libshutdown$$00000009)
    .ARM.Collect$$libshutdown$$0000000B      0x08000206   Section        0  libshutdown2.o(.ARM.Collect$$libshutdown$$0000000B)
    .ARM.Collect$$libshutdown$$0000000E      0x08000206   Section        0  libshutdown2.o(.ARM.Collect$$libshutdown$$0000000E)
    .ARM.Collect$$libshutdown$$0000000F      0x08000206   Section        2  libshutdown2.o(.ARM.Collect$$libshutdown$$0000000F)
    .ARM.Collect$$rtentry$$00000000          0x08000208   Section        0  rtentry.o(.ARM.Collect$$rtentry$$00000000)
    .ARM.Collect$$rtentry$$00000002          0x08000208   Section        0  rtentry2.o(.ARM.Collect$$rtentry$$00000002)
    .ARM.Collect$$rtentry$$00000004          0x08000208   Section        6  rtentry4.o(.ARM.Collect$$rtentry$$00000004)
    .ARM.Collect$$rtentry$$00000009          0x0800020e   Section        0  rtentry2.o(.ARM.Collect$$rtentry$$00000009)
    .ARM.Collect$$rtentry$$0000000A          0x0800020e   Section        4  rtentry2.o(.ARM.Collect$$rtentry$$0000000A)
    .ARM.Collect$$rtentry$$0000000C          0x08000212   Section        0  rtentry2.o(.ARM.Collect$$rtentry$$0000000C)
    .ARM.Collect$$rtentry$$0000000D          0x08000212   Section        8  rtentry2.o(.ARM.Collect$$rtentry$$0000000D)
    .ARM.Collect$$rtexit$$00000000           0x0800021a   Section        2  rtexit.o(.ARM.Collect$$rtexit$$00000000)
    .ARM.Collect$$rtexit$$00000002           0x0800021c   Section        0  rtexit2.o(.ARM.Collect$$rtexit$$00000002)
    .ARM.Collect$$rtexit$$00000003           0x0800021c   Section        4  rtexit2.o(.ARM.Collect$$rtexit$$00000003)
    .ARM.Collect$$rtexit$$00000004           0x08000220   Section        6  rtexit2.o(.ARM.Collect$$rtexit$$00000004)
    .text                                    0x08000228   Section       64  startup_stm32f30x_arm.o(.text)
    $v0                                      0x08000228   Number         0  startup_stm32f30x_arm.o(.text)
    .text                                    0x08000268   Section        0  main.o(.text)
    .text                                    0x08000310   Section        0  cd_analogin.o(.text)
    calibrate_adc                            0x08000311   Thumb Code    58  cd_analogin.o(.text)
    setup_adc_dma                            0x0800034b   Thumb Code   112  cd_analogin.o(.text)
    setup_adc_gpio                           0x080003bb   Thumb Code    50  cd_analogin.o(.text)
    setup_adc                                0x080003ed   Thumb Code   186  cd_analogin.o(.text)
    .text                                    0x080004dc   Section        0  cd_delay.o(.text)
    .text                                    0x08000504   Section        0  stm32f30x_it.o(.text)
    .text                                    0x08000584   Section        0  stm32f30x_adc.o(.text)
    .text                                    0x08000dd0   Section        0  stm32f30x_dac.o(.text)
    .text                                    0x08000fe0   Section        0  stm32f30x_dma.o(.text)
    .text                                    0x08001230   Section        0  stm32f30x_exti.o(.text)
    .text                                    0x08001494   Section        0  stm32f30x_gpio.o(.text)
    .text                                    0x08001688   Section        0  stm32f30x_misc.o(.text)
    .text                                    0x08001764   Section        0  stm32f30x_rcc.o(.text)
    .text                                    0x08001f6c   Section        0  stm32f30x_spi.o(.text)
    .text                                    0x08002388   Section        0  stm32f30x_usart.o(.text)
    .text                                    0x080028c4   Section        0  system_stm32f30x.o(.text)
    SetSysClock                              0x080028c5   Thumb Code   186  system_stm32f30x.o(.text)
    .text                                    0x08002aa0   Section        0  ecua_hmi.o(.text)
    LED_Init                                 0x08002aa1   Thumb Code    50  ecua_hmi.o(.text)
    .text                                    0x08002afc   Section        0  ecua_serialcomm.o(.text)
    lo_GpioInit                              0x08002afd   Thumb Code    50  ecua_serialcomm.o(.text)
    lo_SerialportInit                        0x08002b2f   Thumb Code   146  ecua_serialcomm.o(.text)
    .text                                    0x08002c14   Section        0  ecua_vga.o(.text)
    lSPI_Init                                0x08002c15   Thumb Code   230  ecua_vga.o(.text)
    .text                                    0x08002d0c   Section        0  heapauxi.o(.text)
    .text                                    0x08002d12   Section       74  sys_stackheap_outer.o(.text)
    .text                                    0x08002d5c   Section        0  exit.o(.text)
    .text                                    0x08002d68   Section        8  libspace.o(.text)
    .text                                    0x08002d70   Section        0  sys_exit.o(.text)
    .text                                    0x08002d7c   Section        2  use_no_semi.o(.text)
    .text                                    0x08002d7e   Section        0  indicate_semi.o(.text)
    x$fpl$fpinit                             0x08002d7e   Section       10  fpinit.o(x$fpl$fpinit)
    $v0                                      0x08002d7e   Number         0  fpinit.o(x$fpl$fpinit)
    .ARM.__AT_0x0801FF9C                     0x0801ff9c   Section       16  cd_nvm.o(.ARM.__AT_0x0801FF9C)
    .ARM.__AT_0x1FFFF7AC                     0x1ffff7ac   Section       12  main.o(.ARM.__AT_0x1FFFF7AC)
    .data                                    0x20000000   Section        4  cd_delay.o(.data)
    CDDELAY_ActVal                           0x20000000   Data           4  cd_delay.o(.data)
    .data                                    0x20000004   Section        5  stm32f30x_it.o(.data)
    alma                                     0x20000004   Data           4  stm32f30x_it.o(.data)
    .data                                    0x2000000a   Section       42  stm32f30x_rcc.o(.data)
    APBAHBPrescTable                         0x2000000a   Data          16  stm32f30x_rcc.o(.data)
    ADCPrescTable                            0x2000001a   Data          26  stm32f30x_rcc.o(.data)
    .data                                    0x20000034   Section       20  system_stm32f30x.o(.data)
    .bss                                     0x20000048   Section       72  cd_analogin.o(.bss)
    .bss                                     0x20000090   Section       96  libspace.o(.bss)
    HEAP                                     0x200000f0   Section      512  startup_stm32f30x_arm.o(HEAP)
    Heap_Mem                                 0x200000f0   Data         512  startup_stm32f30x_arm.o(HEAP)
    STACK                                    0x200002f0   Section     1024  startup_stm32f30x_arm.o(STACK)
    Stack_Mem                                0x200002f0   Data        1024  startup_stm32f30x_arm.o(STACK)
    __initial_sp                             0x200006f0   Data           0  startup_stm32f30x_arm.o(STACK)

    Global Symbols

    Symbol Name                              Value     Ov Type        Size  Object(Section)

    BuildAttributes$$THM_ISAv4$E$P$D$K$B$S$7EM$VFPi3$EXTD16$VFPS$VFMA$PE$A:L22UL41UL21$X:L11$S22US41US21$IEEE1$IW$USESV6$~STKCKD$USESV7$~SHL$OSPACE$ROPI$EBA8$UX$STANDARDLIB$REQ8$PRES8$EABIv2 0x00000000   Number         0  anon$$obj.o ABSOLUTE
    __ARM_use_no_argv                        0x00000000   Number         0  main.o ABSOLUTE
    __ARM_exceptions_init                     - Undefined Weak Reference
    __alloca_initialize                       - Undefined Weak Reference
    __cpp_initialize__aeabi_                  - Undefined Weak Reference
    __cxa_finalize                            - Undefined Weak Reference
    __rt_locale                               - Undefined Weak Reference
    __sigvec_lookup                           - Undefined Weak Reference
    _atexit_init                              - Undefined Weak Reference
    _call_atexit_fns                          - Undefined Weak Reference
    _clock_init                               - Undefined Weak Reference
    _fp_trap_init                             - Undefined Weak Reference
    _fp_trap_shutdown                         - Undefined Weak Reference
    _get_lc_collate                           - Undefined Weak Reference
    _get_lc_ctype                             - Undefined Weak Reference
    _get_lc_monetary                          - Undefined Weak Reference
    _get_lc_numeric                           - Undefined Weak Reference
    _get_lc_time                              - Undefined Weak Reference
    _getenv_init                              - Undefined Weak Reference
    _handle_redirection                       - Undefined Weak Reference
    _init_alloc                               - Undefined Weak Reference
    _init_user_alloc                          - Undefined Weak Reference
    _initio                                   - Undefined Weak Reference
    _rand_init                                - Undefined Weak Reference
    _signal_finish                            - Undefined Weak Reference
    _signal_init                              - Undefined Weak Reference
    _terminate_alloc                          - Undefined Weak Reference
    _terminate_user_alloc                     - Undefined Weak Reference
    _terminateio                              - Undefined Weak Reference
    __Vectors_Size                           0x00000188   Number         0  startup_stm32f30x_arm.o ABSOLUTE
    __Vectors                                0x08000000   Data           4  startup_stm32f30x_arm.o(RESET)
    __Vectors_End                            0x08000188   Data           0  startup_stm32f30x_arm.o(RESET)
    __main                                   0x08000189   Thumb Code     8  __main.o(!!!main)
    __scatterload                            0x08000191   Thumb Code     0  __scatter.o(!!!scatter)
    __scatterload_rt2                        0x08000191   Thumb Code    44  __scatter.o(!!!scatter)
    __scatterload_rt2_thumb_only             0x08000191   Thumb Code     0  __scatter.o(!!!scatter)
    __scatterload_null                       0x0800019f   Thumb Code     0  __scatter.o(!!!scatter)
    __scatterload_copy                       0x080001c5   Thumb Code    26  __scatter_copy.o(!!handler_copy)
    __scatterload_zeroinit                   0x080001e1   Thumb Code    28  __scatter_zi.o(!!handler_zi)
    __rt_lib_init                            0x080001fd   Thumb Code     0  libinit.o(.ARM.Collect$$libinit$$00000000)
    __rt_lib_init_fp_1                       0x080001ff   Thumb Code     0  libinit2.o(.ARM.Collect$$libinit$$00000001)
    __rt_lib_init_alloca_1                   0x08000203   Thumb Code     0  libinit2.o(.ARM.Collect$$libinit$$0000002C)
    __rt_lib_init_argv_1                     0x08000203   Thumb Code     0  libinit2.o(.ARM.Collect$$libinit$$0000002A)
    __rt_lib_init_atexit_1                   0x08000203   Thumb Code     0  libinit2.o(.ARM.Collect$$libinit$$00000019)
    __rt_lib_init_clock_1                    0x08000203   Thumb Code     0  libinit2.o(.ARM.Collect$$libinit$$0000001F)
    __rt_lib_init_cpp_1                      0x08000203   Thumb Code     0  libinit2.o(.ARM.Collect$$libinit$$00000030)
    __rt_lib_init_exceptions_1               0x08000203   Thumb Code     0  libinit2.o(.ARM.Collect$$libinit$$0000002E)
    __rt_lib_init_fp_trap_1                  0x08000203   Thumb Code     0  libinit2.o(.ARM.Collect$$libinit$$0000001D)
    __rt_lib_init_getenv_1                   0x08000203   Thumb Code     0  libinit2.o(.ARM.Collect$$libinit$$00000021)
    __rt_lib_init_heap_1                     0x08000203   Thumb Code     0  libinit2.o(.ARM.Collect$$libinit$$00000008)
    __rt_lib_init_lc_collate_1               0x08000203   Thumb Code     0  libinit2.o(.ARM.Collect$$libinit$$0000000F)
    __rt_lib_init_lc_ctype_1                 0x08000203   Thumb Code     0  libinit2.o(.ARM.Collect$$libinit$$00000011)
    __rt_lib_init_lc_monetary_1              0x08000203   Thumb Code     0  libinit2.o(.ARM.Collect$$libinit$$00000013)
    __rt_lib_init_lc_numeric_1               0x08000203   Thumb Code     0  libinit2.o(.ARM.Collect$$libinit$$00000015)
    __rt_lib_init_lc_time_1                  0x08000203   Thumb Code     0  libinit2.o(.ARM.Collect$$libinit$$00000017)
    __rt_lib_init_rand_1                     0x08000203   Thumb Code     0  libinit2.o(.ARM.Collect$$libinit$$0000000C)
    __rt_lib_init_return                     0x08000203   Thumb Code     0  libinit2.o(.ARM.Collect$$libinit$$00000031)
    __rt_lib_init_signal_1                   0x08000203   Thumb Code     0  libinit2.o(.ARM.Collect$$libinit$$0000001B)
    __rt_lib_init_stdio_1                    0x08000203   Thumb Code     0  libinit2.o(.ARM.Collect$$libinit$$00000023)
    __rt_lib_init_user_alloc_1               0x08000203   Thumb Code     0  libinit2.o(.ARM.Collect$$libinit$$0000000A)
    __rt_lib_shutdown                        0x08000205   Thumb Code     0  libshutdown.o(.ARM.Collect$$libshutdown$$00000000)
    __rt_lib_shutdown_fp_trap_1              0x08000207   Thumb Code     0  libshutdown2.o(.ARM.Collect$$libshutdown$$00000006)
    __rt_lib_shutdown_heap_1                 0x08000207   Thumb Code     0  libshutdown2.o(.ARM.Collect$$libshutdown$$0000000E)
    __rt_lib_shutdown_return                 0x08000207   Thumb Code     0  libshutdown2.o(.ARM.Collect$$libshutdown$$0000000F)
    __rt_lib_shutdown_signal_1               0x08000207   Thumb Code     0  libshutdown2.o(.ARM.Collect$$libshutdown$$00000009)
    __rt_lib_shutdown_stdio_1                0x08000207   Thumb Code     0  libshutdown2.o(.ARM.Collect$$libshutdown$$00000003)
    __rt_lib_shutdown_user_alloc_1           0x08000207   Thumb Code     0  libshutdown2.o(.ARM.Collect$$libshutdown$$0000000B)
    __rt_entry                               0x08000209   Thumb Code     0  rtentry.o(.ARM.Collect$$rtentry$$00000000)
    __rt_entry_presh_1                       0x08000209   Thumb Code     0  rtentry2.o(.ARM.Collect$$rtentry$$00000002)
    __rt_entry_sh                            0x08000209   Thumb Code     0  rtentry4.o(.ARM.Collect$$rtentry$$00000004)
    __rt_entry_li                            0x0800020f   Thumb Code     0  rtentry2.o(.ARM.Collect$$rtentry$$0000000A)
    __rt_entry_postsh_1                      0x0800020f   Thumb Code     0  rtentry2.o(.ARM.Collect$$rtentry$$00000009)
    __rt_entry_main                          0x08000213   Thumb Code     0  rtentry2.o(.ARM.Collect$$rtentry$$0000000D)
    __rt_entry_postli_1                      0x08000213   Thumb Code     0  rtentry2.o(.ARM.Collect$$rtentry$$0000000C)
    __rt_exit                                0x0800021b   Thumb Code     0  rtexit.o(.ARM.Collect$$rtexit$$00000000)
    __rt_exit_ls                             0x0800021d   Thumb Code     0  rtexit2.o(.ARM.Collect$$rtexit$$00000003)
    __rt_exit_prels_1                        0x0800021d   Thumb Code     0  rtexit2.o(.ARM.Collect$$rtexit$$00000002)
    __rt_exit_exit                           0x08000221   Thumb Code     0  rtexit2.o(.ARM.Collect$$rtexit$$00000004)
    Reset_Handler                            0x08000229   Thumb Code     8  startup_stm32f30x_arm.o(.text)
    ADC1_2_IRQHandler                        0x08000243   Thumb Code     0  startup_stm32f30x_arm.o(.text)
    ADC3_IRQHandler                          0x08000243   Thumb Code     0  startup_stm32f30x_arm.o(.text)
    ADC4_IRQHandler                          0x08000243   Thumb Code     0  startup_stm32f30x_arm.o(.text)
    CAN1_RX1_IRQHandler                      0x08000243   Thumb Code     0  startup_stm32f30x_arm.o(.text)
    CAN1_SCE_IRQHandler                      0x08000243   Thumb Code     0  startup_stm32f30x_arm.o(.text)
    COMP1_2_3_IRQHandler                     0x08000243   Thumb Code     0  startup_stm32f30x_arm.o(.text)
    COMP4_5_6_IRQHandler                     0x08000243   Thumb Code     0  startup_stm32f30x_arm.o(.text)
    COMP7_IRQHandler                         0x08000243   Thumb Code     0  startup_stm32f30x_arm.o(.text)
    DMA1_Channel1_IRQHandler                 0x08000243   Thumb Code     0  startup_stm32f30x_arm.o(.text)
    DMA1_Channel2_IRQHandler                 0x08000243   Thumb Code     0  startup_stm32f30x_arm.o(.text)
    DMA1_Channel3_IRQHandler                 0x08000243   Thumb Code     0  startup_stm32f30x_arm.o(.text)
    DMA1_Channel4_IRQHandler                 0x08000243   Thumb Code     0  startup_stm32f30x_arm.o(.text)
    DMA1_Channel5_IRQHandler                 0x08000243   Thumb Code     0  startup_stm32f30x_arm.o(.text)
    DMA1_Channel6_IRQHandler                 0x08000243   Thumb Code     0  startup_stm32f30x_arm.o(.text)
    DMA1_Channel7_IRQHandler                 0x08000243   Thumb Code     0  startup_stm32f30x_arm.o(.text)
    DMA2_Channel2_IRQHandler                 0x08000243   Thumb Code     0  startup_stm32f30x_arm.o(.text)
    DMA2_Channel4_IRQHandler                 0x08000243   Thumb Code     0  startup_stm32f30x_arm.o(.text)
    DMA2_Channel5_IRQHandler                 0x08000243   Thumb Code     0  startup_stm32f30x_arm.o(.text)
    EXTI0_IRQHandler                         0x08000243   Thumb Code     0  startup_stm32f30x_arm.o(.text)
    EXTI15_10_IRQHandler                     0x08000243   Thumb Code     0  startup_stm32f30x_arm.o(.text)
    EXTI1_IRQHandler                         0x08000243   Thumb Code     0  startup_stm32f30x_arm.o(.text)
    EXTI2_TS_IRQHandler                      0x08000243   Thumb Code     0  startup_stm32f30x_arm.o(.text)
    EXTI3_IRQHandler                         0x08000243   Thumb Code     0  startup_stm32f30x_arm.o(.text)
    EXTI9_5_IRQHandler                       0x08000243   Thumb Code     0  startup_stm32f30x_arm.o(.text)
    FLASH_IRQHandler                         0x08000243   Thumb Code     0  startup_stm32f30x_arm.o(.text)
    FPU_IRQHandler                           0x08000243   Thumb Code     0  startup_stm32f30x_arm.o(.text)
    I2C1_ER_IRQHandler                       0x08000243   Thumb Code     0  startup_stm32f30x_arm.o(.text)
    I2C1_EV_IRQHandler                       0x08000243   Thumb Code     0  startup_stm32f30x_arm.o(.text)
    I2C2_ER_IRQHandler                       0x08000243   Thumb Code     0  startup_stm32f30x_arm.o(.text)
    I2C2_EV_IRQHandler                       0x08000243   Thumb Code     0  startup_stm32f30x_arm.o(.text)
    PVD_IRQHandler                           0x08000243   Thumb Code     0  startup_stm32f30x_arm.o(.text)
    RCC_IRQHandler                           0x08000243   Thumb Code     0  startup_stm32f30x_arm.o(.text)
    RTC_Alarm_IRQHandler                     0x08000243   Thumb Code     0  startup_stm32f30x_arm.o(.text)
    RTC_WKUP_IRQHandler                      0x08000243   Thumb Code     0  startup_stm32f30x_arm.o(.text)
    SPI1_IRQHandler                          0x08000243   Thumb Code     0  startup_stm32f30x_arm.o(.text)
    SPI2_IRQHandler                          0x08000243   Thumb Code     0  startup_stm32f30x_arm.o(.text)
    SPI3_IRQHandler                          0x08000243   Thumb Code     0  startup_stm32f30x_arm.o(.text)
    TAMPER_STAMP_IRQHandler                  0x08000243   Thumb Code     0  startup_stm32f30x_arm.o(.text)
    TIM1_BRK_TIM15_IRQHandler                0x08000243   Thumb Code     0  startup_stm32f30x_arm.o(.text)
    TIM1_CC_IRQHandler                       0x08000243   Thumb Code     0  startup_stm32f30x_arm.o(.text)
    TIM1_TRG_COM_TIM17_IRQHandler            0x08000243   Thumb Code     0  startup_stm32f30x_arm.o(.text)
    TIM1_UP_TIM16_IRQHandler                 0x08000243   Thumb Code     0  startup_stm32f30x_arm.o(.text)
    TIM2_IRQHandler                          0x08000243   Thumb Code     0  startup_stm32f30x_arm.o(.text)
    TIM3_IRQHandler                          0x08000243   Thumb Code     0  startup_stm32f30x_arm.o(.text)
    TIM4_IRQHandler                          0x08000243   Thumb Code     0  startup_stm32f30x_arm.o(.text)
    TIM6_DAC_IRQHandler                      0x08000243   Thumb Code     0  startup_stm32f30x_arm.o(.text)
    TIM7_IRQHandler                          0x08000243   Thumb Code     0  startup_stm32f30x_arm.o(.text)
    TIM8_BRK_IRQHandler                      0x08000243   Thumb Code     0  startup_stm32f30x_arm.o(.text)
    TIM8_CC_IRQHandler                       0x08000243   Thumb Code     0  startup_stm32f30x_arm.o(.text)
    TIM8_TRG_COM_IRQHandler                  0x08000243   Thumb Code     0  startup_stm32f30x_arm.o(.text)
    TIM8_UP_IRQHandler                       0x08000243   Thumb Code     0  startup_stm32f30x_arm.o(.text)
    UART4_IRQHandler                         0x08000243   Thumb Code     0  startup_stm32f30x_arm.o(.text)
    UART5_IRQHandler                         0x08000243   Thumb Code     0  startup_stm32f30x_arm.o(.text)
    USART2_IRQHandler                        0x08000243   Thumb Code     0  startup_stm32f30x_arm.o(.text)
    USART3_IRQHandler                        0x08000243   Thumb Code     0  startup_stm32f30x_arm.o(.text)
    USBWakeUp_IRQHandler                     0x08000243   Thumb Code     0  startup_stm32f30x_arm.o(.text)
    USBWakeUp_RMP_IRQHandler                 0x08000243   Thumb Code     0  startup_stm32f30x_arm.o(.text)
    USB_HP_CAN1_TX_IRQHandler                0x08000243   Thumb Code     0  startup_stm32f30x_arm.o(.text)
    USB_HP_IRQHandler                        0x08000243   Thumb Code     0  startup_stm32f30x_arm.o(.text)
    USB_LP_CAN1_RX0_IRQHandler               0x08000243   Thumb Code     0  startup_stm32f30x_arm.o(.text)
    USB_LP_IRQHandler                        0x08000243   Thumb Code     0  startup_stm32f30x_arm.o(.text)
    WWDG_IRQHandler                          0x08000243   Thumb Code     0  startup_stm32f30x_arm.o(.text)
    __user_initial_stackheap                 0x08000245   Thumb Code     0  startup_stm32f30x_arm.o(.text)
    main                                     0x08000269   Thumb Code   134  main.o(.text)
    CD_AnalogIn_Init                         0x080004a7   Thumb Code     8  cd_analogin.o(.text)
    DMA2_Channel1_IRQHandler                 0x080004af   Thumb Code    30  cd_analogin.o(.text)
    Delay_us_DEC                             0x080004dd   Thumb Code    18  cd_delay.o(.text)
    Delay_us                                 0x080004ef   Thumb Code    16  cd_delay.o(.text)
    NMI_Handler                              0x08000505   Thumb Code     2  stm32f30x_it.o(.text)
    HardFault_Handler                        0x08000507   Thumb Code     4  stm32f30x_it.o(.text)
    MemManage_Handler                        0x0800050b   Thumb Code     4  stm32f30x_it.o(.text)
    BusFault_Handler                         0x0800050f   Thumb Code     4  stm32f30x_it.o(.text)
    UsageFault_Handler                       0x08000513   Thumb Code     4  stm32f30x_it.o(.text)
    SVC_Handler                              0x08000517   Thumb Code     2  stm32f30x_it.o(.text)
    DebugMon_Handler                         0x08000519   Thumb Code     2  stm32f30x_it.o(.text)
    PendSV_Handler                           0x0800051b   Thumb Code     2  stm32f30x_it.o(.text)
    SysTick_Handler                          0x0800051d   Thumb Code     8  stm32f30x_it.o(.text)
    EXTI4_IRQHandler                         0x08000525   Thumb Code    10  stm32f30x_it.o(.text)
    DMA2_Channel3_IRQHandler                 0x0800052f   Thumb Code    60  stm32f30x_it.o(.text)
    USART1_IRQHandler                        0x0800056b   Thumb Code    10  stm32f30x_it.o(.text)
    ADC_DeInit                               0x08000585   Thumb Code    68  stm32f30x_adc.o(.text)
    ADC_Init                                 0x080005c9   Thumb Code    58  stm32f30x_adc.o(.text)
    ADC_StructInit                           0x08000603   Thumb Code    22  stm32f30x_adc.o(.text)
    ADC_InjectedInit                         0x08000619   Thumb Code    48  stm32f30x_adc.o(.text)
    ADC_InjectedStructInit                   0x08000649   Thumb Code    20  stm32f30x_adc.o(.text)
    ADC_CommonInit                           0x0800065d   Thumb Code    84  stm32f30x_adc.o(.text)
    ADC_CommonStructInit                     0x080006b1   Thumb Code    14  stm32f30x_adc.o(.text)
    ADC_Cmd                                  0x080006bf   Thumb Code    22  stm32f30x_adc.o(.text)
    ADC_StartCalibration                     0x080006d5   Thumb Code    10  stm32f30x_adc.o(.text)
    ADC_GetCalibrationValue                  0x080006df   Thumb Code     8  stm32f30x_adc.o(.text)
    ADC_SetCalibrationValue                  0x080006e7   Thumb Code     6  stm32f30x_adc.o(.text)
    ADC_SelectCalibrationMode                0x080006ed   Thumb Code    16  stm32f30x_adc.o(.text)
    ADC_GetCalibrationStatus                 0x080006fd   Thumb Code    20  stm32f30x_adc.o(.text)
    ADC_DisableCmd                           0x08000711   Thumb Code    10  stm32f30x_adc.o(.text)
    ADC_GetDisableCmdStatus                  0x0800071b   Thumb Code    20  stm32f30x_adc.o(.text)
    ADC_VoltageRegulatorCmd                  0x0800072f   Thumb Code    30  stm32f30x_adc.o(.text)
    ADC_SelectDifferentialMode               0x0800074d   Thumb Code    36  stm32f30x_adc.o(.text)
    ADC_SelectQueueOfContextMode             0x08000771   Thumb Code    22  stm32f30x_adc.o(.text)
    ADC_AutoDelayCmd                         0x08000787   Thumb Code    22  stm32f30x_adc.o(.text)
    ADC_AnalogWatchdogCmd                    0x0800079d   Thumb Code    16  stm32f30x_adc.o(.text)
    ADC_AnalogWatchdog1ThresholdsConfig      0x080007ad   Thumb Code    34  stm32f30x_adc.o(.text)
    ADC_AnalogWatchdog2ThresholdsConfig      0x080007cf   Thumb Code    32  stm32f30x_adc.o(.text)
    ADC_AnalogWatchdog3ThresholdsConfig      0x080007ef   Thumb Code    32  stm32f30x_adc.o(.text)
    ADC_AnalogWatchdog1SingleChannelConfig   0x0800080f   Thumb Code    18  stm32f30x_adc.o(.text)
    ADC_AnalogWatchdog2SingleChannelConfig   0x08000821   Thumb Code    28  stm32f30x_adc.o(.text)
    ADC_AnalogWatchdog3SingleChannelConfig   0x0800083d   Thumb Code    28  stm32f30x_adc.o(.text)
    ADC_TempSensorCmd                        0x08000859   Thumb Code    80  stm32f30x_adc.o(.text)
    ADC_VrefintCmd                           0x080008a9   Thumb Code    80  stm32f30x_adc.o(.text)
    ADC_VbatCmd                              0x080008f9   Thumb Code    80  stm32f30x_adc.o(.text)
    ADC_RegularChannelConfig                 0x08000949   Thumb Code   288  stm32f30x_adc.o(.text)
    ADC_RegularChannelSequencerLengthConfig  0x08000a69   Thumb Code    18  stm32f30x_adc.o(.text)
    ADC_ExternalTriggerConfig                0x08000a7b   Thumb Code    22  stm32f30x_adc.o(.text)
    ADC_StartConversion                      0x08000a91   Thumb Code    10  stm32f30x_adc.o(.text)
    ADC_GetStartConversionStatus             0x08000a9b   Thumb Code    20  stm32f30x_adc.o(.text)
    ADC_StopConversion                       0x08000aaf   Thumb Code    10  stm32f30x_adc.o(.text)
    ADC_DiscModeChannelCountConfig           0x08000ab9   Thumb Code    24  stm32f30x_adc.o(.text)
    ADC_DiscModeCmd                          0x08000ad1   Thumb Code    22  stm32f30x_adc.o(.text)
    ADC_GetConversionValue                   0x08000ae7   Thumb Code     8  stm32f30x_adc.o(.text)
    ADC_GetDualModeConversionValue           0x08000aef   Thumb Code    28  stm32f30x_adc.o(.text)
    ADC_SetChannelOffset1                    0x08000b0b   Thumb Code    32  stm32f30x_adc.o(.text)
    ADC_SetChannelOffset2                    0x08000b2b   Thumb Code    32  stm32f30x_adc.o(.text)
    ADC_SetChannelOffset3                    0x08000b4b   Thumb Code    32  stm32f30x_adc.o(.text)
    ADC_SetChannelOffset4                    0x08000b6b   Thumb Code    32  stm32f30x_adc.o(.text)
    ADC_ChannelOffset1Cmd                    0x08000b8b   Thumb Code    22  stm32f30x_adc.o(.text)
    ADC_ChannelOffset2Cmd                    0x08000ba1   Thumb Code    22  stm32f30x_adc.o(.text)
    ADC_ChannelOffset3Cmd                    0x08000bb7   Thumb Code    22  stm32f30x_adc.o(.text)
    ADC_ChannelOffset4Cmd                    0x08000bcd   Thumb Code    22  stm32f30x_adc.o(.text)
    ADC_DMACmd                               0x08000be3   Thumb Code    22  stm32f30x_adc.o(.text)
    ADC_DMAConfig                            0x08000bf9   Thumb Code    16  stm32f30x_adc.o(.text)
    ADC_InjectedChannelConfig                0x08000c09   Thumb Code   114  stm32f30x_adc.o(.text)
    ADC_InjectedSequencerLengthConfig        0x08000c7b   Thumb Code    18  stm32f30x_adc.o(.text)
    ADC_ExternalTriggerInjectedConfig        0x08000c8d   Thumb Code    22  stm32f30x_adc.o(.text)
    ADC_StartInjectedConversion              0x08000ca3   Thumb Code    10  stm32f30x_adc.o(.text)
    ADC_StopInjectedConversion               0x08000cad   Thumb Code    10  stm32f30x_adc.o(.text)
    ADC_GetStartInjectedConversionStatus     0x08000cb7   Thumb Code    20  stm32f30x_adc.o(.text)
    ADC_AutoInjectedConvCmd                  0x08000ccb   Thumb Code    22  stm32f30x_adc.o(.text)
    ADC_InjectedDiscModeCmd                  0x08000ce1   Thumb Code    22  stm32f30x_adc.o(.text)
    ADC_GetInjectedConversionValue           0x08000cf7   Thumb Code    28  stm32f30x_adc.o(.text)
    ADC_ITConfig                             0x08000d13   Thumb Code    18  stm32f30x_adc.o(.text)
    ADC_GetFlagStatus                        0x08000d25   Thumb Code    18  stm32f30x_adc.o(.text)
    ADC_ClearFlag                            0x08000d37   Thumb Code     4  stm32f30x_adc.o(.text)
    ADC_GetCommonFlagStatus                  0x08000d3b   Thumb Code    44  stm32f30x_adc.o(.text)
    ADC_ClearCommonFlag                      0x08000d67   Thumb Code    46  stm32f30x_adc.o(.text)
    ADC_GetITStatus                          0x08000d95   Thumb Code    34  stm32f30x_adc.o(.text)
    ADC_ClearITPendingBit                    0x08000db7   Thumb Code     8  stm32f30x_adc.o(.text)
    DAC_DeInit                               0x08000dd1   Thumb Code    22  stm32f30x_dac.o(.text)
    DAC_Init                                 0x08000de7   Thumb Code    46  stm32f30x_dac.o(.text)
    DAC_StructInit                           0x08000e15   Thumb Code    12  stm32f30x_dac.o(.text)
    DAC_Cmd                                  0x08000e21   Thumb Code    34  stm32f30x_dac.o(.text)
    DAC_SoftwareTriggerCmd                   0x08000e43   Thumb Code    48  stm32f30x_dac.o(.text)
    DAC_DualSoftwareTriggerCmd               0x08000e73   Thumb Code    38  stm32f30x_dac.o(.text)
    DAC_WaveGenerationCmd                    0x08000e99   Thumb Code    36  stm32f30x_dac.o(.text)
    DAC_SetChannel1Data                      0x08000ebd   Thumb Code    26  stm32f30x_dac.o(.text)
    DAC_SetChannel2Data                      0x08000ed7   Thumb Code    26  stm32f30x_dac.o(.text)
    DAC_SetDualChannelData                   0x08000ef1   Thumb Code    32  stm32f30x_dac.o(.text)
    DAC_GetDataOutputValue                   0x08000f11   Thumb Code    32  stm32f30x_dac.o(.text)
    DAC_DMACmd                               0x08000f31   Thumb Code    38  stm32f30x_dac.o(.text)
    DAC_ITConfig                             0x08000f57   Thumb Code    36  stm32f30x_dac.o(.text)
    DAC_GetFlagStatus                        0x08000f7b   Thumb Code    28  stm32f30x_dac.o(.text)
    DAC_ClearFlag                            0x08000f97   Thumb Code    12  stm32f30x_dac.o(.text)
    DAC_GetITStatus                          0x08000fa3   Thumb Code    44  stm32f30x_dac.o(.text)
    DAC_ClearITPendingBit                    0x08000fcf   Thumb Code    12  stm32f30x_dac.o(.text)
    DMA_DeInit                               0x08000fe1   Thumb Code   324  stm32f30x_dma.o(.text)
    DMA_Init                                 0x08001125   Thumb Code    60  stm32f30x_dma.o(.text)
    DMA_StructInit                           0x08001161   Thumb Code    26  stm32f30x_dma.o(.text)
    DMA_Cmd                                  0x0800117b   Thumb Code    24  stm32f30x_dma.o(.text)
    DMA_SetCurrDataCounter                   0x08001193   Thumb Code     4  stm32f30x_dma.o(.text)
    DMA_GetCurrDataCounter                   0x08001197   Thumb Code     8  stm32f30x_dma.o(.text)
    DMA_ITConfig                             0x0800119f   Thumb Code    18  stm32f30x_dma.o(.text)
    DMA_GetFlagStatus                        0x080011b1   Thumb Code    38  stm32f30x_dma.o(.text)
    DMA_ClearFlag                            0x080011d7   Thumb Code    22  stm32f30x_dma.o(.text)
    DMA_GetITStatus                          0x080011ed   Thumb Code    38  stm32f30x_dma.o(.text)
    DMA_ClearITPendingBit                    0x08001213   Thumb Code    22  stm32f30x_dma.o(.text)
    EXTI_DeInit                              0x08001231   Thumb Code    68  stm32f30x_exti.o(.text)
    EXTI_Init                                0x08001275   Thumb Code   340  stm32f30x_exti.o(.text)
    EXTI_StructInit                          0x080013c9   Thumb Code    16  stm32f30x_exti.o(.text)
    EXTI_GenerateSWInterrupt                 0x080013d9   Thumb Code    36  stm32f30x_exti.o(.text)
    EXTI_GetFlagStatus                       0x080013fd   Thumb Code    38  stm32f30x_exti.o(.text)
    EXTI_ClearFlag                           0x08001423   Thumb Code    22  stm32f30x_exti.o(.text)
    EXTI_GetITStatus                         0x08001439   Thumb Code    64  stm32f30x_exti.o(.text)
    EXTI_ClearITPendingBit                   0x08001479   Thumb Code    22  stm32f30x_exti.o(.text)
    GPIO_DeInit                              0x08001495   Thumb Code   154  stm32f30x_gpio.o(.text)
    GPIO_Init                                0x0800152f   Thumb Code   144  stm32f30x_gpio.o(.text)
    GPIO_StructInit                          0x080015bf   Thumb Code    22  stm32f30x_gpio.o(.text)
    GPIO_PinLockConfig                       0x080015d5   Thumb Code    18  stm32f30x_gpio.o(.text)
    GPIO_ReadInputDataBit                    0x080015e7   Thumb Code    18  stm32f30x_gpio.o(.text)
    GPIO_ReadInputData                       0x080015f9   Thumb Code     6  stm32f30x_gpio.o(.text)
    GPIO_ReadOutputDataBit                   0x080015ff   Thumb Code    18  stm32f30x_gpio.o(.text)
    GPIO_ReadOutputData                      0x08001611   Thumb Code     6  stm32f30x_gpio.o(.text)
    GPIO_SetBits                             0x08001617   Thumb Code     4  stm32f30x_gpio.o(.text)
    GPIO_ResetBits                           0x0800161b   Thumb Code     4  stm32f30x_gpio.o(.text)
    GPIO_WriteBit                            0x0800161f   Thumb Code    10  stm32f30x_gpio.o(.text)
    GPIO_Write                               0x08001629   Thumb Code     4  stm32f30x_gpio.o(.text)
    GPIO_PinAFConfig                         0x0800162d   Thumb Code    70  stm32f30x_gpio.o(.text)
    NVIC_PriorityGroupConfig                 0x08001689   Thumb Code    10  stm32f30x_misc.o(.text)
    NVIC_Init                                0x08001693   Thumb Code   102  stm32f30x_misc.o(.text)
    NVIC_SetVectorTable                      0x080016f9   Thumb Code    14  stm32f30x_misc.o(.text)
    NVIC_SystemLPConfig                      0x08001707   Thumb Code    34  stm32f30x_misc.o(.text)
    SysTick_CLKSourceConfig                  0x08001729   Thumb Code    40  stm32f30x_misc.o(.text)
    RCC_DeInit                               0x08001765   Thumb Code    84  stm32f30x_rcc.o(.text)
    RCC_HSEConfig                            0x080017b9   Thumb Code    12  stm32f30x_rcc.o(.text)
    RCC_GetFlagStatus                        0x080017c5   Thumb Code    64  stm32f30x_rcc.o(.text)
    RCC_WaitForHSEStartUp                    0x08001805   Thumb Code    56  stm32f30x_rcc.o(.text)
    RCC_AdjustHSICalibrationValue            0x0800183d   Thumb Code    20  stm32f30x_rcc.o(.text)
    RCC_HSICmd                               0x08001851   Thumb Code     6  stm32f30x_rcc.o(.text)
    RCC_LSEConfig                            0x08001857   Thumb Code    32  stm32f30x_rcc.o(.text)
    RCC_LSEDriveConfig                       0x08001877   Thumb Code    22  stm32f30x_rcc.o(.text)
    RCC_LSICmd                               0x0800188d   Thumb Code     6  stm32f30x_rcc.o(.text)
    RCC_PLLConfig                            0x08001893   Thumb Code    28  stm32f30x_rcc.o(.text)
    RCC_PLLCmd                               0x080018af   Thumb Code     6  stm32f30x_rcc.o(.text)
    RCC_PREDIV1Config                        0x080018b5   Thumb Code    18  stm32f30x_rcc.o(.text)
    RCC_ClockSecuritySystemCmd               0x080018c7   Thumb Code     6  stm32f30x_rcc.o(.text)
    RCC_MCOConfig                            0x080018cd   Thumb Code     6  stm32f30x_rcc.o(.text)
    RCC_SYSCLKConfig                         0x080018d3   Thumb Code    18  stm32f30x_rcc.o(.text)
    RCC_GetSYSCLKSource                      0x080018e5   Thumb Code    10  stm32f30x_rcc.o(.text)
    RCC_HCLKConfig                           0x080018ef   Thumb Code    18  stm32f30x_rcc.o(.text)
    RCC_PCLK1Config                          0x08001901   Thumb Code    18  stm32f30x_rcc.o(.text)
    RCC_PCLK2Config                          0x08001913   Thumb Code    20  stm32f30x_rcc.o(.text)
    RCC_GetClocksFreq                        0x08001927   Thumb Code  1088  stm32f30x_rcc.o(.text)
    RCC_ADCCLKConfig                         0x08001d67   Thumb Code    44  stm32f30x_rcc.o(.text)
    RCC_I2CCLKConfig                         0x08001d93   Thumb Code    44  stm32f30x_rcc.o(.text)
    RCC_TIMCLKConfig                         0x08001dbf   Thumb Code    44  stm32f30x_rcc.o(.text)
    RCC_USARTCLKConfig                       0x08001deb   Thumb Code   104  stm32f30x_rcc.o(.text)
    RCC_USBCLKConfig                         0x08001e53   Thumb Code     6  stm32f30x_rcc.o(.text)
    RCC_RTCCLKConfig                         0x08001e59   Thumb Code    12  stm32f30x_rcc.o(.text)
    RCC_I2SCLKConfig                         0x08001e65   Thumb Code     6  stm32f30x_rcc.o(.text)
    RCC_RTCCLKCmd                            0x08001e6b   Thumb Code     6  stm32f30x_rcc.o(.text)
    RCC_BackupResetCmd                       0x08001e71   Thumb Code     8  stm32f30x_rcc.o(.text)
    RCC_AHBPeriphClockCmd                    0x08001e79   Thumb Code    26  stm32f30x_rcc.o(.text)
    RCC_APB2PeriphClockCmd                   0x08001e93   Thumb Code    26  stm32f30x_rcc.o(.text)
    RCC_APB1PeriphClockCmd                   0x08001ead   Thumb Code    26  stm32f30x_rcc.o(.text)
    RCC_AHBPeriphResetCmd                    0x08001ec7   Thumb Code    26  stm32f30x_rcc.o(.text)
    RCC_APB2PeriphResetCmd                   0x08001ee1   Thumb Code    26  stm32f30x_rcc.o(.text)
    RCC_APB1PeriphResetCmd                   0x08001efb   Thumb Code    26  stm32f30x_rcc.o(.text)
    RCC_ITConfig                             0x08001f15   Thumb Code    26  stm32f30x_rcc.o(.text)
    RCC_ClearFlag                            0x08001f2f   Thumb Code    14  stm32f30x_rcc.o(.text)
    RCC_GetITStatus                          0x08001f3d   Thumb Code    20  stm32f30x_rcc.o(.text)
    RCC_ClearITPendingBit                    0x08001f51   Thumb Code     6  stm32f30x_rcc.o(.text)
    SPI_I2S_DeInit                           0x08001f6d   Thumb Code    76  stm32f30x_spi.o(.text)
    SPI_StructInit                           0x08001fb9   Thumb Code    30  stm32f30x_spi.o(.text)
    SPI_Init                                 0x08001fd7   Thumb Code   130  stm32f30x_spi.o(.text)
    I2S_StructInit                           0x08002059   Thumb Code    20  stm32f30x_spi.o(.text)
    I2S_Init                                 0x0800206d   Thumb Code   216  stm32f30x_spi.o(.text)
    SPI_Cmd                                  0x08002145   Thumb Code    24  stm32f30x_spi.o(.text)
    SPI_TIModeCmd                            0x0800215d   Thumb Code    24  stm32f30x_spi.o(.text)
    I2S_Cmd                                  0x08002175   Thumb Code    24  stm32f30x_spi.o(.text)
    SPI_DataSizeConfig                       0x0800218d   Thumb Code    18  stm32f30x_spi.o(.text)
    SPI_RxFIFOThresholdConfig                0x0800219f   Thumb Code    18  stm32f30x_spi.o(.text)
    SPI_BiDirectionalLineConfig              0x080021b1   Thumb Code    28  stm32f30x_spi.o(.text)
    SPI_NSSInternalSoftwareConfig            0x080021cd   Thumb Code    30  stm32f30x_spi.o(.text)
    I2S_FullDuplexConfig                     0x080021eb   Thumb Code    80  stm32f30x_spi.o(.text)
    SPI_SSOutputCmd                          0x0800223b   Thumb Code    24  stm32f30x_spi.o(.text)
    SPI_NSSPulseModeCmd                      0x08002253   Thumb Code    24  stm32f30x_spi.o(.text)
    SPI_SendData8                            0x0800226b   Thumb Code    10  stm32f30x_spi.o(.text)
    SPI_I2S_SendData16                       0x08002275   Thumb Code     4  stm32f30x_spi.o(.text)
    SPI_ReceiveData8                         0x08002279   Thumb Code    12  stm32f30x_spi.o(.text)
    SPI_I2S_ReceiveData16                    0x08002285   Thumb Code     6  stm32f30x_spi.o(.text)
    SPI_CRCLengthConfig                      0x0800228b   Thumb Code    18  stm32f30x_spi.o(.text)
    SPI_CalculateCRC                         0x0800229d   Thumb Code    24  stm32f30x_spi.o(.text)
    SPI_TransmitCRC                          0x080022b5   Thumb Code    10  stm32f30x_spi.o(.text)
    SPI_GetCRC                               0x080022bf   Thumb Code    16  stm32f30x_spi.o(.text)
    SPI_GetCRCPolynomial                     0x080022cf   Thumb Code     6  stm32f30x_spi.o(.text)
    SPI_I2S_DMACmd                           0x080022d5   Thumb Code    18  stm32f30x_spi.o(.text)
    SPI_LastDMATransferCmd                   0x080022e7   Thumb Code    18  stm32f30x_spi.o(.text)
    SPI_I2S_ITConfig                         0x080022f9   Thumb Code    32  stm32f30x_spi.o(.text)
    SPI_GetTransmissionFIFOStatus            0x08002319   Thumb Code    10  stm32f30x_spi.o(.text)
    SPI_GetReceptionFIFOStatus               0x08002323   Thumb Code    10  stm32f30x_spi.o(.text)
    SPI_I2S_GetFlagStatus                    0x0800232d   Thumb Code    18  stm32f30x_spi.o(.text)
    SPI_I2S_ClearFlag                        0x0800233f   Thumb Code     6  stm32f30x_spi.o(.text)
    SPI_I2S_GetITStatus                      0x08002345   Thumb Code    66  stm32f30x_spi.o(.text)
    USART_DeInit                             0x08002389   Thumb Code   134  stm32f30x_usart.o(.text)
    USART_Init                               0x0800240f   Thumb Code   220  stm32f30x_usart.o(.text)
    USART_StructInit                         0x080024eb   Thumb Code    24  stm32f30x_usart.o(.text)
    USART_ClockInit                          0x08002503   Thumb Code    30  stm32f30x_usart.o(.text)
    USART_ClockStructInit                    0x08002521   Thumb Code    12  stm32f30x_usart.o(.text)
    USART_Cmd                                0x0800252d   Thumb Code    22  stm32f30x_usart.o(.text)
    USART_DirectionModeCmd                   0x08002543   Thumb Code    18  stm32f30x_usart.o(.text)
    USART_OverSampling8Cmd                   0x08002555   Thumb Code    22  stm32f30x_usart.o(.text)
    USART_OneBitMethodCmd                    0x0800256b   Thumb Code    22  stm32f30x_usart.o(.text)
    USART_MSBFirstCmd                        0x08002581   Thumb Code    22  stm32f30x_usart.o(.text)
    USART_DataInvCmd                         0x08002597   Thumb Code    22  stm32f30x_usart.o(.text)
    USART_InvPinCmd                          0x080025ad   Thumb Code    18  stm32f30x_usart.o(.text)
    USART_SWAPPinCmd                         0x080025bf   Thumb Code    22  stm32f30x_usart.o(.text)
    USART_ReceiverTimeOutCmd                 0x080025d5   Thumb Code    22  stm32f30x_usart.o(.text)
    USART_SetReceiverTimeOut                 0x080025eb   Thumb Code    16  stm32f30x_usart.o(.text)
    USART_SetPrescaler                       0x080025fb   Thumb Code    16  stm32f30x_usart.o(.text)
    USART_STOPModeCmd                        0x0800260b   Thumb Code    22  stm32f30x_usart.o(.text)
    USART_StopModeWakeUpSourceConfig         0x08002621   Thumb Code    16  stm32f30x_usart.o(.text)
    USART_AutoBaudRateCmd                    0x08002631   Thumb Code    22  stm32f30x_usart.o(.text)
    USART_AutoBaudRateConfig                 0x08002647   Thumb Code    16  stm32f30x_usart.o(.text)
    USART_SendData                           0x08002657   Thumb Code     8  stm32f30x_usart.o(.text)
    USART_ReceiveData                        0x0800265f   Thumb Code    10  stm32f30x_usart.o(.text)
    USART_SetAddress                         0x08002669   Thumb Code    18  stm32f30x_usart.o(.text)
    USART_MuteModeCmd                        0x0800267b   Thumb Code    22  stm32f30x_usart.o(.text)
    USART_MuteModeWakeUpConfig               0x08002691   Thumb Code    16  stm32f30x_usart.o(.text)
    USART_AddressDetectionConfig             0x080026a1   Thumb Code    16  stm32f30x_usart.o(.text)
    USART_LINBreakDetectLengthConfig         0x080026b1   Thumb Code    16  stm32f30x_usart.o(.text)
    USART_LINCmd                             0x080026c1   Thumb Code    22  stm32f30x_usart.o(.text)
    USART_HalfDuplexCmd                      0x080026d7   Thumb Code    22  stm32f30x_usart.o(.text)
    USART_SetGuardTime                       0x080026ed   Thumb Code    16  stm32f30x_usart.o(.text)
    USART_SmartCardCmd                       0x080026fd   Thumb Code    22  stm32f30x_usart.o(.text)
    USART_SmartCardNACKCmd                   0x08002713   Thumb Code    22  stm32f30x_usart.o(.text)
    USART_SetAutoRetryCount                  0x08002729   Thumb Code    18  stm32f30x_usart.o(.text)
    USART_SetBlockLength                     0x0800273b   Thumb Code    18  stm32f30x_usart.o(.text)
    USART_IrDAConfig                         0x0800274d   Thumb Code    16  stm32f30x_usart.o(.text)
    USART_IrDACmd                            0x0800275d   Thumb Code    44  stm32f30x_usart.o(.text)
    USART_DECmd                              0x08002789   Thumb Code    22  stm32f30x_usart.o(.text)
    USART_DEPolarityConfig                   0x0800279f   Thumb Code    16  stm32f30x_usart.o(.text)
    USART_SetDEAssertionTime                 0x080027af   Thumb Code    18  stm32f30x_usart.o(.text)
    USART_SetDEDeassertionTime               0x080027c1   Thumb Code    18  stm32f30x_usart.o(.text)
    USART_DMACmd                             0x080027d3   Thumb Code    18  stm32f30x_usart.o(.text)
    USART_DMAReceptionErrorConfig            0x080027e5   Thumb Code    16  stm32f30x_usart.o(.text)
    USART_ITConfig                           0x080027f5   Thumb Code    58  stm32f30x_usart.o(.text)
    USART_RequestCmd                         0x0800282f   Thumb Code    18  stm32f30x_usart.o(.text)
    USART_OverrunDetectionConfig             0x08002841   Thumb Code    16  stm32f30x_usart.o(.text)
    USART_GetFlagStatus                      0x08002851   Thumb Code    18  stm32f30x_usart.o(.text)
    USART_ClearFlag                          0x08002863   Thumb Code     4  stm32f30x_usart.o(.text)
    USART_GetITStatus                        0x08002867   Thumb Code    74  stm32f30x_usart.o(.text)
    USART_ClearITPendingBit                  0x080028b1   Thumb Code    18  stm32f30x_usart.o(.text)
    SystemInit                               0x0800297f   Thumb Code   112  system_stm32f30x.o(.text)
    SystemCoreClockUpdate                    0x080029ef   Thumb Code   138  system_stm32f30x.o(.text)
    ECUA_HMI_Init                            0x08002ad3   Thumb Code     8  ecua_hmi.o(.text)
    ECUA_HMI_LedSwitch                       0x08002adb   Thumb Code    28  ecua_hmi.o(.text)
    ECUA_Serial_Init                         0x08002bc1   Thumb Code    12  ecua_serialcomm.o(.text)
    ECUA_Serial_Write                        0x08002bcd   Thumb Code    58  ecua_serialcomm.o(.text)
    ECUA_VGainAmp_Init                       0x08002cfb   Thumb Code     8  ecua_vga.o(.text)
    __use_two_region_memory                  0x08002d0d   Thumb Code     2  heapauxi.o(.text)
    __rt_heap_escrow$2region                 0x08002d0f   Thumb Code     2  heapauxi.o(.text)
    __rt_heap_expand$2region                 0x08002d11   Thumb Code     2  heapauxi.o(.text)
    __user_setup_stackheap                   0x08002d13   Thumb Code    74  sys_stackheap_outer.o(.text)
    exit                                     0x08002d5d   Thumb Code    12  exit.o(.text)
    __user_libspace                          0x08002d69   Thumb Code     8  libspace.o(.text)
    __user_perproc_libspace                  0x08002d69   Thumb Code     0  libspace.o(.text)
    __user_perthread_libspace                0x08002d69   Thumb Code     0  libspace.o(.text)
    _sys_exit                                0x08002d71   Thumb Code     8  sys_exit.o(.text)
    __I$use$semihosting                      0x08002d7d   Thumb Code     0  use_no_semi.o(.text)
    __use_no_semihosting_swi                 0x08002d7d   Thumb Code     2  use_no_semi.o(.text)
    __semihosting_library_function           0x08002d7f   Thumb Code     0  indicate_semi.o(.text)
    _fp_init                                 0x08002d7f   Thumb Code    10  fpinit.o(x$fpl$fpinit)
    __fplib_config_fpu_vfp                   0x08002d87   Thumb Code     0  fpinit.o(x$fpl$fpinit)
    __fplib_config_pureend_doubles           0x08002d87   Thumb Code     0  fpinit.o(x$fpl$fpinit)
    Region$$Table$$Base                      0x08002d88   Number         0  anon$$obj.o(Region$$Table)
    Region$$Table$$Limit                     0x08002da8   Number         0  anon$$obj.o(Region$$Table)
    CDNVM_Memory                             0x0801ff9c   Data          16  cd_nvm.o(.ARM.__AT_0x0801FF9C)
    cpuinfo                                  0x1ffff7ac   Data          12  main.o(.ARM.__AT_0x1FFFF7AC)
    flag                                     0x20000008   Data           1  stm32f30x_it.o(.data)
    SystemCoreClock                          0x20000034   Data           4  system_stm32f30x.o(.data)
    AHBPrescTable                            0x20000038   Data          16  system_stm32f30x.o(.data)
    ADCbuf                                   0x20000048   Data          72  cd_analogin.o(.bss)
    __libspace_start                         0x20000090   Data          96  libspace.o(.bss)
    __temporary_stack_top$libspace           0x200000f0   Data           0  libspace.o(.bss)



==============================================================================

Memory Map of the image

  Image Entry point : 0x08000189

  Load Region LR_IROM1 (Base: 0x08000000, Size: 0x00002df0, Max: 0x00040000, ABSOLUTE)

    Execution Region ER_IROM1 (Base: 0x08000000, Size: 0x00002da8, Max: 0x00040000, ABSOLUTE)

    Base Addr    Size         Type   Attr      Idx    E Section Name        Object

    0x08000000   0x00000188   Data   RO            3    RESET               startup_stm32f30x_arm.o
    0x08000188   0x00000008   Code   RO          758  * !!!main             c_w.l(__main.o)
    0x08000190   0x00000034   Code   RO          912    !!!scatter          c_w.l(__scatter.o)
    0x080001c4   0x0000001a   Code   RO          914    !!handler_copy      c_w.l(__scatter_copy.o)
    0x080001de   0x00000002   PAD
    0x080001e0   0x0000001c   Code   RO          916    !!handler_zi        c_w.l(__scatter_zi.o)
    0x080001fc   0x00000002   Code   RO          785    .ARM.Collect$$libinit$$00000000  c_w.l(libinit.o)
    0x080001fe   0x00000004   Code   RO          791    .ARM.Collect$$libinit$$00000001  c_w.l(libinit2.o)
    0x08000202   0x00000000   Code   RO          795    .ARM.Collect$$libinit$$00000008  c_w.l(libinit2.o)
    0x08000202   0x00000000   Code   RO          797    .ARM.Collect$$libinit$$0000000A  c_w.l(libinit2.o)
    0x08000202   0x00000000   Code   RO          799    .ARM.Collect$$libinit$$0000000C  c_w.l(libinit2.o)
    0x08000202   0x00000000   Code   RO          802    .ARM.Collect$$libinit$$0000000F  c_w.l(libinit2.o)
    0x08000202   0x00000000   Code   RO          804    .ARM.Collect$$libinit$$00000011  c_w.l(libinit2.o)
    0x08000202   0x00000000   Code   RO          806    .ARM.Collect$$libinit$$00000013  c_w.l(libinit2.o)
    0x08000202   0x00000000   Code   RO          808    .ARM.Collect$$libinit$$00000015  c_w.l(libinit2.o)
    0x08000202   0x00000000   Code   RO          810    .ARM.Collect$$libinit$$00000017  c_w.l(libinit2.o)
    0x08000202   0x00000000   Code   RO          812    .ARM.Collect$$libinit$$00000019  c_w.l(libinit2.o)
    0x08000202   0x00000000   Code   RO          814    .ARM.Collect$$libinit$$0000001B  c_w.l(libinit2.o)
    0x08000202   0x00000000   Code   RO          816    .ARM.Collect$$libinit$$0000001D  c_w.l(libinit2.o)
    0x08000202   0x00000000   Code   RO          818    .ARM.Collect$$libinit$$0000001F  c_w.l(libinit2.o)
    0x08000202   0x00000000   Code   RO          820    .ARM.Collect$$libinit$$00000021  c_w.l(libinit2.o)
    0x08000202   0x00000000   Code   RO          822    .ARM.Collect$$libinit$$00000023  c_w.l(libinit2.o)
    0x08000202   0x00000000   Code   RO          826    .ARM.Collect$$libinit$$0000002A  c_w.l(libinit2.o)
    0x08000202   0x00000000   Code   RO          828    .ARM.Collect$$libinit$$0000002C  c_w.l(libinit2.o)
    0x08000202   0x00000000   Code   RO          830    .ARM.Collect$$libinit$$0000002E  c_w.l(libinit2.o)
    0x08000202   0x00000000   Code   RO          832    .ARM.Collect$$libinit$$00000030  c_w.l(libinit2.o)
    0x08000202   0x00000002   Code   RO          833    .ARM.Collect$$libinit$$00000031  c_w.l(libinit2.o)
    0x08000204   0x00000002   Code   RO          853    .ARM.Collect$$libshutdown$$00000000  c_w.l(libshutdown.o)
    0x08000206   0x00000000   Code   RO          867    .ARM.Collect$$libshutdown$$00000003  c_w.l(libshutdown2.o)
    0x08000206   0x00000000   Code   RO          870    .ARM.Collect$$libshutdown$$00000006  c_w.l(libshutdown2.o)
    0x08000206   0x00000000   Code   RO          873    .ARM.Collect$$libshutdown$$00000009  c_w.l(libshutdown2.o)
    0x08000206   0x00000000   Code   RO          875    .ARM.Collect$$libshutdown$$0000000B  c_w.l(libshutdown2.o)
    0x08000206   0x00000000   Code   RO          878    .ARM.Collect$$libshutdown$$0000000E  c_w.l(libshutdown2.o)
    0x08000206   0x00000002   Code   RO          879    .ARM.Collect$$libshutdown$$0000000F  c_w.l(libshutdown2.o)
    0x08000208   0x00000000   Code   RO          760    .ARM.Collect$$rtentry$$00000000  c_w.l(rtentry.o)
    0x08000208   0x00000000   Code   RO          762    .ARM.Collect$$rtentry$$00000002  c_w.l(rtentry2.o)
    0x08000208   0x00000006   Code   RO          774    .ARM.Collect$$rtentry$$00000004  c_w.l(rtentry4.o)
    0x0800020e   0x00000000   Code   RO          764    .ARM.Collect$$rtentry$$00000009  c_w.l(rtentry2.o)
    0x0800020e   0x00000004   Code   RO          765    .ARM.Collect$$rtentry$$0000000A  c_w.l(rtentry2.o)
    0x08000212   0x00000000   Code   RO          767    .ARM.Collect$$rtentry$$0000000C  c_w.l(rtentry2.o)
    0x08000212   0x00000008   Code   RO          768    .ARM.Collect$$rtentry$$0000000D  c_w.l(rtentry2.o)
    0x0800021a   0x00000002   Code   RO          789    .ARM.Collect$$rtexit$$00000000  c_w.l(rtexit.o)
    0x0800021c   0x00000000   Code   RO          835    .ARM.Collect$$rtexit$$00000002  c_w.l(rtexit2.o)
    0x0800021c   0x00000004   Code   RO          836    .ARM.Collect$$rtexit$$00000003  c_w.l(rtexit2.o)
    0x08000220   0x00000006   Code   RO          837    .ARM.Collect$$rtexit$$00000004  c_w.l(rtexit2.o)
    0x08000226   0x00000002   PAD
    0x08000228   0x00000040   Code   RO            4    .text               startup_stm32f30x_arm.o
    0x08000268   0x000000a8   Code   RO           12    .text               main.o
    0x08000310   0x000001cc   Code   RO          137    .text               cd_analogin.o
    0x080004dc   0x00000028   Code   RO          171    .text               cd_delay.o
    0x08000504   0x00000080   Code   RO          284    .text               stm32f30x_it.o
    0x08000584   0x0000084c   Code   RO          307    .text               stm32f30x_adc.o
    0x08000dd0   0x00000210   Code   RO          333    .text               stm32f30x_dac.o
    0x08000fe0   0x00000250   Code   RO          356    .text               stm32f30x_dma.o
    0x08001230   0x00000264   Code   RO          379    .text               stm32f30x_exti.o
    0x08001494   0x000001f4   Code   RO          402    .text               stm32f30x_gpio.o
    0x08001688   0x000000dc   Code   RO          448    .text               stm32f30x_misc.o
    0x08001764   0x00000808   Code   RO          494    .text               stm32f30x_rcc.o
    0x08001f6c   0x0000041a   Code   RO          516    .text               stm32f30x_spi.o
    0x08002386   0x00000002   PAD
    0x08002388   0x0000053a   Code   RO          585    .text               stm32f30x_usart.o
    0x080028c2   0x00000002   PAD
    0x080028c4   0x000001dc   Code   RO          631    .text               system_stm32f30x.o
    0x08002aa0   0x0000005c   Code   RO          664    .text               ecua_hmi.o
    0x08002afc   0x00000118   Code   RO          687    .text               ecua_serialcomm.o
    0x08002c14   0x000000f8   Code   RO          733    .text               ecua_vga.o
    0x08002d0c   0x00000006   Code   RO          756    .text               c_w.l(heapauxi.o)
    0x08002d12   0x0000004a   Code   RO          776    .text               c_w.l(sys_stackheap_outer.o)
    0x08002d5c   0x0000000c   Code   RO          778    .text               c_w.l(exit.o)
    0x08002d68   0x00000008   Code   RO          786    .text               c_w.l(libspace.o)
    0x08002d70   0x0000000c   Code   RO          845    .text               c_w.l(sys_exit.o)
    0x08002d7c   0x00000002   Code   RO          856    .text               c_w.l(use_no_semi.o)
    0x08002d7e   0x00000000   Code   RO          858    .text               c_w.l(indicate_semi.o)
    0x08002d7e   0x0000000a   Code   RO          843    x$fpl$fpinit        fz_wm.l(fpinit.o)
    0x08002d88   0x00000020   Data   RO          910    Region$$Table       anon$$obj.o


    Execution Region RW_IRAM1 (Base: 0x20000000, Size: 0x000006f0, Max: 0x0000a000, ABSOLUTE)

    Base Addr    Size         Type   Attr      Idx    E Section Name        Object

    0x20000000   0x00000004   Data   RW          172    .data               cd_delay.o
    0x20000004   0x00000005   Data   RW          285    .data               stm32f30x_it.o
    0x20000009   0x00000001   PAD
    0x2000000a   0x0000002a   Data   RW          495    .data               stm32f30x_rcc.o
    0x20000034   0x00000014   Data   RW          632    .data               system_stm32f30x.o
    0x20000048   0x00000048   Zero   RW          138    .bss                cd_analogin.o
    0x20000090   0x00000060   Zero   RW          787    .bss                c_w.l(libspace.o)
    0x200000f0   0x00000200   Zero   RW            2    HEAP                startup_stm32f30x_arm.o
    0x200002f0   0x00000400   Zero   RW            1    STACK               startup_stm32f30x_arm.o



  Load Region LR$$.ARM.__AT_0x0801FF9C (Base: 0x0801ff9c, Size: 0x00000000, Max: 0x00000010, ABSOLUTE)

    Execution Region ER$$.ARM.__AT_0x0801FF9C (Base: 0x0801ff9c, Size: 0x00000010, Max: 0x00000010, ABSOLUTE, UNINIT)

    Base Addr    Size         Type   Attr      Idx    E Section Name        Object

    0x0801ff9c   0x00000010   Zero   RW          259    .ARM.__AT_0x0801FF9C  cd_nvm.o



  Load Region LR$$.ARM.__AT_0x1FFFF7AC (Base: 0x1ffff7ac, Size: 0x00000000, Max: 0x0000000c, ABSOLUTE)

    Execution Region ER$$.ARM.__AT_0x1FFFF7AC (Base: 0x1ffff7ac, Size: 0x0000000c, Max: 0x0000000c, ABSOLUTE, UNINIT)

    Base Addr    Size         Type   Attr      Idx    E Section Name        Object

    0x1ffff7ac   0x0000000c   Zero   RW           13    .ARM.__AT_0x1FFFF7AC  main.o


==============================================================================

Image component sizes


      Code (inc. data)   RO Data    RW Data    ZI Data      Debug   Object Name

       460         16          0          0         72      29324   cd_analogin.o
        40          6          0          4          0       1084   cd_delay.o
         0          0          0          0         16        743   cd_nvm.o
         0          0          0          0          0        632   cd_uniqueid.o
        92          6          0          0          0       1263   ecua_hmi.o
       280         14          0          0          0       1453   ecua_serialcomm.o
       248         10          0          0          0        809   ecua_vga.o
       168         34          0          0         12     274912   main.o
        64         26        392          0       1536        864   startup_stm32f30x_arm.o
      2124         56          0          0          0      46506   stm32f30x_adc.o
       528          6          0          0          0       9985   stm32f30x_dac.o
       592          8          0          0          0      14122   stm32f30x_dma.o
       612          6          0          0          0       5367   stm32f30x_exti.o
       500         22          0          0          0       8505   stm32f30x_gpio.o
       128         16          0          5          0       2601   stm32f30x_it.o
       220         20          0          0          0       3665   stm32f30x_misc.o
      2056         68          0         42          0      10061   stm32f30x_rcc.o
      1050         12          0          0          0      17452   stm32f30x_spi.o
      1338         22          0          0          0      21834   stm32f30x_usart.o
       476         40          0         20          0       1919   system_stm32f30x.o

    ----------------------------------------------------------------------
     10980        388        424         72       1636     453101   Object Totals
         0          0         32          0          0          0   (incl. Generated)
         4          0          0          1          0          0   (incl. Padding)

    ----------------------------------------------------------------------

      Code (inc. data)   RO Data    RW Data    ZI Data      Debug   Library Member Name

         8          0          0          0          0         68   __main.o
        52          8          0          0          0          0   __scatter.o
        26          0          0          0          0          0   __scatter_copy.o
        28          0          0          0          0          0   __scatter_zi.o
        12          0          0          0          0         72   exit.o
         6          0          0          0          0        152   heapauxi.o
         0          0          0          0          0          0   indicate_semi.o
         2          0          0          0          0          0   libinit.o
         6          0          0          0          0          0   libinit2.o
         2          0          0          0          0          0   libshutdown.o
         2          0          0          0          0          0   libshutdown2.o
         8          4          0          0         96         68   libspace.o
         0          0          0          0          0          0   rtentry.o
        12          0          0          0          0          0   rtentry2.o
         6          0          0          0          0          0   rtentry4.o
         2          0          0          0          0          0   rtexit.o
        10          0          0          0          0          0   rtexit2.o
        12          4          0          0          0         68   sys_exit.o
        74          0          0          0          0         80   sys_stackheap_outer.o
         2          0          0          0          0         68   use_no_semi.o
        10          0          0          0          0        116   fpinit.o

    ----------------------------------------------------------------------
       284         16          0          0         96        692   Library Totals
         4          0          0          0          0          0   (incl. Padding)

    ----------------------------------------------------------------------

      Code (inc. data)   RO Data    RW Data    ZI Data      Debug   Library Name

       270         16          0          0         96        576   c_w.l
        10          0          0          0          0        116   fz_wm.l

    ----------------------------------------------------------------------
       284         16          0          0         96        692   Library Totals

    ----------------------------------------------------------------------

==============================================================================


      Code (inc. data)   RO Data    RW Data    ZI Data      Debug   

     11264        404        424         72       1732     449733   Grand Totals
     11264        404        424         72       1732     449733   ELF Image Totals
     11264        404        424         72          0          0   ROM Totals

==============================================================================

    Total RO  Size (Code + RO Data)                11688 (  11.41kB)
    Total RW  Size (RW Data + ZI Data)              1804 (   1.76kB)
    Total ROM Size (Code + RO Data + RW Data)      11760 (  11.48kB)

==============================================================================

